[sweep] 모터 [1, 2, 3, 4, 5, 6, 7, 8, 9, 10, 11, 12] 0토크 폴링 시작 (Ctrl+C로 종료·저장)
1:+38.1(+38.1~+38.1) | 2:+8.3(+8.3~+8.3) | 3:-0.8(-0.8~-0.8) | 4:+21.3(+21.3~+21.3) | 5:+21.2(+21.2~+21.2) | 6:+8.1(+8.1~+8.1) | 7:+41.6(+41.6~+41.6) | 8:+12.5(+12.5~+12.5) | 9:+27.7(+27.7~+27.7) | 10:+25.6(+25.6~+25.6) | 11:+27.4(+27.4~+27.4) | 12:+6.8(+6.8~+6.8)
1:+38.1(+38.1~+38.1) | 2:+8.3(+8.3~+8.3) | 3:-0.8(-0.8~-0.8) | 4:+21.3(+21.3~+21.3) | 5:+21.2(+21.2~+21.2) | 6:+8.1(+8.1~+8.1) | 7:+41.6(+41.6~+41.6) | 8:+12.5(+12.5~+12.5) | 9:+27.7(+27.7~+27.7) | 10:+25.6(+25.6~+25.6) | 11:+27.4(+27.4~+27.4) | 12:+6.8(+6.8~+6.8)
1:+38.1(+38.1~+38.1) | 2:+8.3(+8.3~+8.3) | 3:-0.8(-0.8~-0.8) | 4:+21.3(+21.3~+21.3) | 5:+21.2(+21.2~+21.2) | 6:+8.1(+8.1~+8.1) | 7:+41.6(+41.6~+41.6) | 8:+12.5(+12.5~+12.5) | 9:+27.7(+27.7~+27.7) | 10:+25.6(+25.6~+25.6) | 11:+27.4(+27.4~+27.4) | 12:+6.8(+6.8~+6.8)
1:+38.1(+38.1~+38.1) | 2:+8.3(+8.3~+8.3) | 3:-0.8(-0.8~-0.8) | 4:+21.3(+21.3~+21.3) | 5:+21.2(+21.2~+21.2) | 6:+8.1(+8.1~+8.1) | 7:+41.6(+41.6~+41.6) | 8:+12.5(+12.5~+12.5) | 9:+27.7(+27.7~+27.7) | 10:+25.6(+25.6~+25.6) | 11:+27.4(+27.4~+27.4) | 12:+6.8(+6.8~+6.8)
1:+38.1(+38.1~+38.1) | 2:+8.3(+8.3~+8.3) | 3:-0.8(-0.8~-0.8) | 4:+21.3(+21.3~+21.3) | 5:+21.2(+21.2~+21.2) | 6:+8.1(+8.1~+8.1) | 7:+41.6(+41.6~+41.6) | 8:+12.5(+12.5~+12.5) | 9:+27.7(+27.7~+27.7) | 10:+25.6(+25.6~+25.6) | 11:+27.4(+27.4~+27.4) | 12:+6.8(+6.8~+6.8)
1:+38.1(+38.1~+38.1) | 2:+8.3(+8.3~+8.3) | 3:-0.8(-0.8~-0.8) | 4:+21.3(+21.3~+21.3) | 5:+21.2(+21.2~+21.2) | 6:+8.1(+8.1~+8.1) | 7:+41.6(+41.6~+41.6) | 8:+12.5(+12.5~+12.5) | 9:+27.7(+27.7~+27.7) | 10:+25.6(+25.6~+25.6) | 11:+27.4(+27.4~+27.4) | 12:+6.8(+6.8~+6.8)
1:+38.1(+38.1~+38.1) | 2:+8.3(+8.3~+8.3) | 3:-0.8(-0.8~-0.8) | 4:+21.3(+21.3~+21.3) | 5:+21.2(+21.2~+21.2) | 6:+8.1(+8.1~+8.1) | 7:+41.6(+41.6~+41.6) | 8:+12.5(+12.5~+12.5) | 9:+27.7(+27.7~+27.7) | 10:+25.6(+25.6~+25.6) | 11:+27.4(+27.4~+27.4) | 12:+6.8(+6.8~+6.8)
1:+38.1(+38.1~+38.1) | 2:+8.3(+8.3~+8.3) | 3:-0.8(-0.8~-0.8) | 4:+21.3(+21.3~+21.3) | 5:+21.2(+21.2~+21.2) | 6:+8.1(+8.1~+8.1) | 7:+41.6(+41.6~+41.6) | 8:+12.5(+12.5~+12.5) | 9:+27.7(+27.7~+27.7) | 10:+25.6(+25.6~+25.6) | 11:+27.4(+27.4~+27.4) | 12:+6.8(+6.8~+6.8)
1:+38.1(+38.1~+38.1) | 2:+8.3(+8.3~+8.3) | 3:-0.8(-0.8~-0.8) | 4:+21.3(+21.3~+21.3) | 5:+21.2(+21.2~+21.2) | 6:+8.1(+8.1~+8.1) | 7:+41.6(+41.6~+41.6) | 8:+12.5(+12.5~+12.5) | 9:+27.7(+27.7~+27.7) | 10:+25.6(+25.6~+25.6) | 11:+27.4(+27.4~+27.4) | 12:+6.8(+6.8~+6.8)
1:+38.1(+38.1~+38.1) | 2:+8.3(+8.3~+8.3) | 3:-0.8(-0.8~-0.8) | 4:+21.3(+21.3~+21.3) | 5:+21.2(+21.2~+21.2) | 6:+8.1(+8.1~+8.1) | 7:+41.6(+41.6~+41.6) | 8:+12.5(+12.5~+12.5) | 9:+27.7(+27.7~+27.7) | 10:+25.6(+25.6~+25.6) | 11:+27.4(+27.4~+27.4) | 12:+6.8(+6.8~+6.8)
1:+38.1(+38.1~+38.1) | 2:+8.3(+8.3~+8.3) | 3:-0.8(-0.8~-0.8) | 4:+21.3(+21.3~+21.3) | 5:+21.2(+21.2~+21.2) | 6:+8.1(+8.1~+8.1) | 7:+41.6(+41.6~+41.6) | 8:+12.5(+12.5~+12.5) | 9:+27.7(+27.7~+27.7) | 10:+25.6(+25.6~+25.6) | 11:+27.4(+27.4~+27.4) | 12:+6.8(+6.8~+6.8)
1:+38.1(+38.1~+38.1) | 2:+8.3(+8.3~+8.3) | 3:-0.8(-0.8~-0.8) | 4:+21.3(+21.3~+21.3) | 5:+21.2(+21.2~+21.2) | 6:+8.1(+8.1~+8.1) | 7:+41.6(+41.6~+41.6) | 8:+12.5(+12.5~+12.5) | 9:+27.7(+27.7~+27.7) | 10:+25.6(+25.6~+25.6) | 11:+27.4(+27.4~+27.4) | 12:+6.8(+6.8~+6.8)
1:+38.1(+38.1~+38.1) | 2:+8.3(+8.3~+8.3) | 3:-0.8(-0.8~-0.8) | 4:+21.3(+21.3~+21.3) | 5:+21.2(+21.2~+21.2) | 6:+8.1(+8.1~+8.1) | 7:+41.6(+41.6~+41.6) | 8:+12.5(+12.5~+12.5) | 9:+27.7(+27.7~+27.7) | 10:+25.6(+25.6~+25.6) | 11:+27.4(+27.4~+27.4) | 12:+6.8(+6.8~+6.8)
1:+38.1(+38.1~+38.1) | 2:+8.3(+8.3~+8.3) | 3:-0.8(-0.8~-0.8) | 4:+21.3(+21.3~+21.3) | 5:+21.2(+21.2~+21.2) | 6:+8.1(+8.1~+8.1) | 7:+41.6(+41.6~+41.6) | 8:+12.5(+12.5~+12.5) | 9:+27.7(+27.7~+27.7) | 10:+25.6(+25.6~+25.6) | 11:+27.4(+27.4~+27.4) | 12:+6.8(+6.8~+6.8)
1:+38.1(+38.1~+38.1) | 2:+8.3(+8.3~+8.3) | 3:-0.8(-0.8~-0.8) | 4:+21.3(+21.3~+21.3) | 5:+21.2(+21.2~+21.2) | 6:+8.1(+8.1~+8.1) | 7:+41.6(+41.6~+41.6) | 8:+12.5(+12.5~+12.5) | 9:+27.7(+27.7~+27.7) | 10:+25.6(+25.6~+25.6) | 11:+27.4(+27.4~+27.4) | 12:+6.8(+6.8~+6.8)
1:+38.1(+38.1~+38.1) | 2:+8.3(+8.3~+8.3) | 3:-0.8(-0.8~-0.8) | 4:+21.3(+21.3~+21.3) | 5:+21.2(+21.2~+21.2) | 6:+8.1(+8.1~+8.1) | 7:+41.6(+41.6~+41.6) | 8:+12.5(+12.5~+12.5) | 9:+27.7(+27.7~+27.7) | 10:+25.6(+25.6~+25.6) | 11:+27.4(+27.4~+27.4) | 12:+6.8(+6.8~+6.8)
1:+38.1(+38.1~+38.1) | 2:+8.3(+8.3~+8.3) | 3:-0.8(-0.8~-0.8) | 4:+21.3(+21.3~+21.3) | 5:+21.2(+21.2~+21.2) | 6:+8.1(+8.1~+8.1) | 7:+41.6(+41.6~+41.6) | 8:+12.5(+12.5~+12.5) | 9:+27.7(+27.7~+27.7) | 10:+25.6(+25.6~+25.6) | 11:+27.4(+27.4~+27.4) | 12:+6.8(+6.8~+6.8)
1:+38.1(+38.1~+38.1) | 2:+8.3(+8.3~+8.3) | 3:-0.8(-0.8~-0.8) | 4:+21.3(+21.3~+21.3) | 5:+21.2(+21.2~+21.2) | 6:+8.1(+8.1~+8.1) | 7:+41.6(+41.6~+41.6) | 8:+12.5(+12.5~+12.5) | 9:+27.7(+27.7~+27.7) | 10:+25.6(+25.6~+25.6) | 11:+27.4(+27.4~+27.4) | 12:+6.8(+6.8~+6.8)
1:+38.1(+38.1~+38.1) | 2:+8.3(+8.3~+8.3) | 3:-0.8(-0.8~-0.8) | 4:+21.3(+21.3~+21.3) | 5:+21.2(+21.2~+21.2) | 6:+8.1(+8.1~+8.1) | 7:+41.6(+41.6~+41.6) | 8:+12.5(+12.5~+12.5) | 9:+27.7(+27.7~+27.7) | 10:+25.6(+25.6~+25.6) | 11:+27.4(+27.4~+27.4) | 12:+6.8(+6.8~+6.8)
1:+38.1(+38.1~+38.1) | 2:+8.3(+8.3~+8.3) | 3:-0.8(-0.8~-0.8) | 4:+21.3(+21.3~+21.3) | 5:+21.2(+21.2~+21.2) | 6:+8.1(+8.1~+8.1) | 7:+41.6(+41.6~+41.6) | 8:+12.5(+12.5~+12.5) | 9:+27.7(+27.7~+27.7) | 10:+25.6(+25.6~+25.6) | 11:+27.4(+27.4~+27.4) | 12:+6.8(+6.8~+6.8)
1:+38.1(+38.1~+38.1) | 2:+8.3(+8.3~+8.3) | 3:-0.8(-0.8~-0.8) | 4:+21.3(+21.3~+21.3) | 5:+21.2(+21.2~+21.2) | 6:+8.1(+8.1~+8.1) | 7:+41.6(+41.6~+41.6) | 8:+12.5(+12.5~+12.5) | 9:+27.7(+27.7~+27.7) | 10:+25.6(+25.6~+25.6) | 11:+27.4(+27.4~+27.4) | 12:+6.8(+6.8~+6.8)
1:+38.1(+38.1~+38.1) | 2:+8.3(+8.3~+8.3) | 3:-0.8(-0.8~-0.8) | 4:+21.3(+21.3~+21.3) | 5:+21.2(+21.2~+21.2) | 6:+8.1(+8.1~+8.1) | 7:+41.6(+41.6~+41.6) | 8:+12.5(+12.5~+12.5) | 9:+27.7(+27.7~+27.7) | 10:+25.6(+25.6~+25.6) | 11:+27.4(+27.4~+27.4) | 12:+6.8(+6.8~+6.8)
1:+38.1(+38.1~+38.1) | 2:+8.3(+8.3~+8.3) | 3:-0.8(-0.8~-0.8) | 4:+21.3(+21.3~+21.3) | 5:+21.2(+21.2~+21.2) | 6:+8.1(+8.1~+8.1) | 7:+41.6(+41.6~+41.6) | 8:+12.5(+12.5~+12.5) | 9:+27.7(+27.7~+27.7) | 10:+25.6(+25.6~+25.6) | 11:+27.4(+27.4~+27.4) | 12:+6.8(+6.8~+6.8)
1:+38.1(+38.1~+38.1) | 2:+8.3(+8.3~+8.3) | 3:-0.8(-0.8~-0.8) | 4:+21.3(+21.3~+21.3) | 5:+21.2(+21.2~+21.2) | 6:+8.1(+8.1~+8.1) | 7:+41.6(+41.6~+41.6) | 8:+12.5(+12.5~+12.5) | 9:+27.7(+27.7~+27.7) | 10:+25.6(+25.6~+25.6) | 11:+27.4(+27.4~+27.4) | 12:+6.8(+6.8~+6.8)
1:+38.1(+38.1~+38.1) | 2:+8.3(+8.3~+8.3) | 3:-0.8(-0.8~-0.8) | 4:+21.3(+21.3~+21.3) | 5:+21.2(+21.2~+21.2) | 6:+8.1(+8.1~+8.1) | 7:+41.6(+41.6~+41.6) | 8:+12.5(+12.5~+12.5) | 9:+27.7(+27.7~+27.7) | 10:+25.6(+25.6~+25.6) | 11:+27.4(+27.4~+27.4) | 12:+6.8(+6.8~+6.8)
1:+38.1(+38.1~+38.1) | 2:+8.3(+8.3~+8.3) | 3:-0.8(-0.8~-0.8) | 4:+21.3(+21.3~+21.3) | 5:+21.2(+21.2~+21.2) | 6:+8.1(+8.1~+8.1) | 7:+41.6(+41.6~+41.6) | 8:+12.5(+12.5~+12.5) | 9:+27.7(+27.7~+27.7) | 10:+25.6(+25.6~+25.6) | 11:+27.4(+27.4~+27.4) | 12:+6.8(+6.8~+6.8)
1:+38.1(+38.1~+38.1) | 2:+8.3(+8.3~+8.3) | 3:-0.8(-0.8~-0.8) | 4:+21.3(+21.3~+21.3) | 5:+21.2(+21.2~+21.2) | 6:+8.1(+8.1~+8.1) | 7:+41.6(+41.6~+41.6) | 8:+12.5(+12.5~+12.5) | 9:+27.7(+27.7~+27.7) | 10:+25.6(+25.6~+25.6) | 11:+27.4(+27.4~+27.4) | 12:+6.8(+6.8~+6.8)
1:+38.1(+38.1~+38.1) | 2:+8.3(+8.3~+8.3) | 3:-0.8(-0.8~-0.8) | 4:+21.3(+21.3~+21.3) | 5:+21.2(+21.2~+21.2) | 6:+8.1(+8.1~+8.1) | 7:+41.6(+41.6~+41.6) | 8:+12.5(+12.5~+12.5) | 9:+27.7(+27.7~+27.7) | 10:+25.6(+25.6~+25.6) | 11:+27.4(+27.4~+27.4) | 12:+6.8(+6.8~+6.8)
1:+38.1(+38.1~+38.1) | 2:+8.3(+8.3~+8.3) | 3:-0.8(-0.8~-0.8) | 4:+21.3(+21.3~+21.3) | 5:+21.2(+21.2~+21.2) | 6:+8.1(+8.1~+8.1) | 7:+41.6(+41.6~+41.6) | 8:+12.5(+12.5~+12.5) | 9:+27.7(+27.7~+27.7) | 10:+25.6(+25.6~+25.6) | 11:+27.4(+27.4~+27.4) | 12:+6.8(+6.8~+6.8)
1:+38.1(+38.1~+38.1) | 2:+8.3(+8.3~+8.3) | 3:-0.8(-0.8~-0.8) | 4:+21.3(+21.3~+21.3) | 5:+21.2(+21.2~+21.2) | 6:+8.1(+8.1~+8.1) | 7:+41.6(+41.6~+41.6) | 8:+12.5(+12.5~+12.5) | 9:+27.7(+27.7~+27.7) | 10:+25.6(+25.6~+25.6) | 11:+27.4(+27.4~+27.4) | 12:+6.8(+6.8~+6.8)
1:+38.1(+38.1~+38.1) | 2:+8.3(+8.3~+8.3) | 3:-0.8(-0.8~-0.8) | 4:+21.3(+21.3~+21.3) | 5:+21.2(+21.2~+21.2) | 6:+8.1(+8.1~+8.1) | 7:+41.6(+41.6~+41.6) | 8:+12.5(+12.5~+12.5) | 9:+27.7(+27.7~+27.7) | 10:+25.6(+25.6~+25.6) | 11:+27.4(+27.4~+27.4) | 12:+6.8(+6.8~+6.8)
1:+38.1(+38.1~+38.1) | 2:+8.3(+8.3~+8.3) | 3:-0.8(-0.8~-0.8) | 4:+21.3(+21.3~+21.3) | 5:+21.2(+21.2~+21.2) | 6:+8.1(+8.1~+8.1) | 7:+41.6(+41.6~+41.6) | 8:+12.5(+12.5~+12.5) | 9:+27.7(+27.7~+27.7) | 10:+25.6(+25.6~+25.6) | 11:+27.4(+27.4~+27.4) | 12:+6.8(+6.8~+6.8)
1:+38.1(+38.1~+38.1) | 2:+8.3(+8.3~+8.3) | 3:-0.8(-0.8~-0.8) | 4:+21.3(+21.3~+21.3) | 5:+21.2(+21.2~+21.2) | 6:+8.1(+8.1~+8.1) | 7:+41.6(+41.6~+41.6) | 8:+12.5(+12.5~+12.5) | 9:+27.7(+27.7~+27.7) | 10:+25.6(+25.6~+25.6) | 11:+27.4(+27.4~+27.4) | 12:+6.8(+6.8~+6.8)
1:+38.1(+38.1~+38.1) | 2:+8.3(+8.3~+8.3) | 3:-0.8(-0.8~-0.8) | 4:+21.3(+21.3~+21.3) | 5:+21.2(+21.2~+21.2) | 6:+8.1(+8.1~+8.1) | 7:+41.6(+41.6~+41.6) | 8:+12.5(+12.5~+12.5) | 9:+27.7(+27.7~+27.7) | 10:+25.6(+25.6~+25.6) | 11:+27.4(+27.4~+27.4) | 12:+6.8(+6.8~+6.8)
1:+38.1(+38.1~+38.1) | 2:+8.3(+8.3~+8.3) | 3:-0.8(-0.8~-0.8) | 4:+21.3(+21.3~+21.3) | 5:+21.2(+21.2~+21.2) | 6:+8.1(+8.1~+8.1) | 7:+41.6(+41.6~+41.6) | 8:+12.5(+12.5~+12.5) | 9:+27.7(+27.7~+27.7) | 10:+25.6(+25.6~+25.6) | 11:+27.4(+27.4~+27.4) | 12:+6.8(+6.8~+6.8)
1:+38.1(+38.1~+38.1) | 2:+8.3(+8.3~+8.3) | 3:-0.8(-0.8~-0.8) | 4:+21.3(+21.3~+21.3) | 5:+21.2(+21.2~+21.2) | 6:+8.1(+8.1~+8.1) | 7:+41.6(+41.6~+41.6) | 8:+12.5(+12.5~+12.5) | 9:+27.7(+27.7~+27.7) | 10:+25.6(+25.6~+25.6) | 11:+27.4(+27.4~+27.4) | 12:+6.8(+6.8~+6.8)
1:+38.1(+38.1~+38.1) | 2:+8.3(+8.3~+8.3) | 3:-0.8(-0.8~-0.8) | 4:+21.3(+21.3~+21.3) | 5:+21.2(+21.2~+21.2) | 6:+8.1(+8.1~+8.1) | 7:+41.6(+41.6~+41.6) | 8:+12.5(+12.5~+12.5) | 9:+27.7(+27.7~+27.7) | 10:+25.6(+25.6~+25.6) | 11:+27.4(+27.4~+27.4) | 12:+6.8(+6.8~+6.8)
1:+38.1(+38.1~+38.1) | 2:+8.3(+8.3~+8.3) | 3:-0.8(-0.8~-0.8) | 4:+21.3(+21.3~+21.3) | 5:+21.2(+21.2~+21.2) | 6:+8.1(+8.1~+8.1) | 7:+41.6(+41.6~+41.6) | 8:+12.5(+12.5~+12.5) | 9:+27.7(+27.7~+27.7) | 10:+25.6(+25.6~+25.6) | 11:+27.4(+27.4~+27.4) | 12:+6.8(+6.8~+6.8)
1:+38.1(+38.1~+38.1) | 2:+8.3(+8.3~+8.3) | 3:-0.8(-0.8~-0.8) | 4:+21.3(+21.3~+21.3) | 5:+21.2(+21.2~+21.2) | 6:+8.1(+8.1~+8.1) | 7:+41.6(+41.6~+41.6) | 8:+12.5(+12.5~+12.5) | 9:+27.7(+27.7~+27.7) | 10:+25.6(+25.6~+25.6) | 11:+27.4(+27.4~+27.4) | 12:+6.8(+6.8~+6.8)
1:+38.1(+38.1~+38.1) | 2:+8.3(+8.3~+8.3) | 3:-0.8(-0.8~-0.8) | 4:+21.3(+21.3~+21.3) | 5:+21.2(+21.2~+21.2) | 6:+8.1(+8.1~+8.1) | 7:+41.6(+41.6~+41.6) | 8:+12.5(+12.5~+12.5) | 9:+27.7(+27.7~+27.7) | 10:+25.6(+25.6~+25.6) | 11:+27.4(+27.4~+27.4) | 12:+6.8(+6.8~+6.8)
1:+38.1(+38.1~+38.1) | 2:+8.3(+8.3~+8.3) | 3:-0.8(-0.8~-0.8) | 4:+21.3(+21.3~+21.3) | 5:+21.2(+21.2~+21.2) | 6:+8.1(+8.1~+8.1) | 7:+41.6(+41.6~+41.6) | 8:+12.5(+12.5~+12.5) | 9:+27.7(+27.7~+27.7) | 10:+25.6(+25.6~+25.6) | 11:+27.4(+27.4~+27.4) | 12:+6.8(+6.8~+6.8)
1:+38.1(+38.1~+38.1) | 2:+8.3(+8.3~+8.3) | 3:-0.8(-0.8~-0.8) | 4:+21.3(+21.3~+21.3) | 5:+21.2(+21.2~+21.2) | 6:+8.1(+8.1~+8.1) | 7:+41.6(+41.6~+41.6) | 8:+12.5(+12.5~+12.5) | 9:+27.7(+27.7~+27.7) | 10:+25.6(+25.6~+25.6) | 11:+27.4(+27.4~+27.4) | 12:+6.8(+6.8~+6.8)
1:+38.1(+38.1~+38.1) | 2:+8.3(+8.3~+8.3) | 3:-0.8(-0.8~-0.8) | 4:+21.3(+21.3~+21.3) | 5:+21.2(+21.2~+21.2) | 6:+8.1(+8.1~+8.1) | 7:+41.6(+41.6~+41.6) | 8:+12.5(+12.5~+12.5) | 9:+27.7(+27.7~+27.7) | 10:+25.6(+25.6~+25.6) | 11:+27.4(+27.4~+27.4) | 12:+6.8(+6.8~+6.8)
1:+38.1(+38.1~+38.1) | 2:+8.3(+8.3~+8.3) | 3:-0.8(-0.8~-0.8) | 4:+21.3(+21.3~+21.3) | 5:+21.2(+21.2~+21.2) | 6:+8.1(+8.1~+8.1) | 7:+41.6(+41.6~+41.6) | 8:+12.5(+12.5~+12.5) | 9:+27.7(+27.7~+27.7) | 10:+25.6(+25.6~+25.6) | 11:+27.4(+27.4~+27.4) | 12:+6.8(+6.8~+6.8)
1:+38.1(+38.1~+38.1) | 2:+8.3(+8.3~+8.3) | 3:-0.8(-0.8~-0.8) | 4:+21.3(+21.3~+21.3) | 5:+21.2(+21.2~+21.2) | 6:+8.1(+8.1~+8.1) | 7:+41.6(+41.6~+41.6) | 8:+12.5(+12.5~+12.5) | 9:+27.7(+27.7~+27.7) | 10:+25.6(+25.6~+25.6) | 11:+27.4(+27.4~+27.4) | 12:+6.8(+6.8~+6.8)
1:+38.1(+38.1~+38.1) | 2:+8.0(+8.0~+8.3) | 3:-0.8(-0.8~-0.8) | 4:+21.3(+21.3~+21.3) | 5:+21.2(+21.2~+21.2) | 6:+8.1(+8.1~+8.1) | 7:+41.7(+41.6~+41.7) | 8:+12.5(+12.5~+12.5) | 9:+27.7(+27.7~+27.7) | 10:+26.2(+25.6~+26.2) | 11:+27.3(+27.3~+27.4) | 12:+6.8(+6.8~+6.8)
1:+38.1(+38.1~+38.1) | 2:+7.6(+7.6~+8.3) | 3:-0.8(-0.8~-0.8) | 4:+20.3(+20.3~+21.3) | 5:+21.2(+21.2~+21.2) | 6:+8.1(+8.1~+8.1) | 7:+41.7(+41.6~+41.7) | 8:+12.2(+12.2~+12.5) | 9:+27.7(+27.7~+27.7) | 10:+26.2(+25.6~+26.2) | 11:+26.3(+26.3~+27.4) | 12:+6.8(+6.8~+6.8)
1:+37.6(+37.6~+38.1) | 2:+7.6(+7.6~+8.3) | 3:-0.8(-0.8~-0.8) | 4:+19.0(+19.0~+21.3) | 5:+21.2(+21.2~+21.2) | 6:+8.1(+8.1~+8.1) | 7:+41.7(+41.6~+41.7) | 8:+12.2(+12.2~+12.5) | 9:+27.7(+27.7~+27.7) | 10:+26.2(+25.6~+26.2) | 11:+25.4(+25.3~+27.4) | 12:+6.8(+6.8~+6.8)
1:+37.6(+37.6~+38.1) | 2:+7.6(+7.6~+8.3) | 3:-0.8(-0.8~-0.8) | 4:+19.0(+19.0~+21.3) | 5:+21.2(+21.2~+21.2) | 6:+8.1(+8.1~+8.1) | 7:+41.7(+41.6~+41.7) | 8:+12.2(+12.2~+12.5) | 9:+27.7(+27.7~+27.7) | 10:+26.2(+25.6~+26.2) | 11:+25.4(+25.3~+27.4) | 12:+6.8(+6.8~+6.8)
1:+37.6(+37.6~+38.1) | 2:+7.6(+7.6~+8.3) | 3:-0.8(-0.8~-0.8) | 4:+19.0(+19.0~+21.3) | 5:+21.2(+21.2~+21.2) | 6:+8.1(+8.1~+8.1) | 7:+41.7(+41.6~+41.7) | 8:+12.2(+12.2~+12.5) | 9:+27.7(+27.7~+27.7) | 10:+26.2(+25.6~+26.2) | 11:+25.4(+25.3~+27.4) | 12:+6.8(+6.8~+6.8)
1:+37.6(+37.6~+38.1) | 2:+7.6(+7.6~+8.3) | 3:-0.8(-0.8~-0.8) | 4:+19.0(+19.0~+21.3) | 5:+21.2(+21.2~+21.2) | 6:+8.1(+8.1~+8.1) | 7:+41.7(+41.6~+41.7) | 8:+12.2(+12.2~+12.5) | 9:+27.7(+27.7~+27.7) | 10:+26.2(+25.6~+26.2) | 11:+25.4(+25.3~+27.4) | 12:+6.8(+6.8~+6.8)
1:+37.6(+37.6~+38.1) | 2:+7.6(+7.6~+8.3) | 3:-0.8(-0.8~-0.8) | 4:+19.0(+19.0~+21.3) | 5:+21.2(+21.2~+21.2) | 6:+8.1(+8.1~+8.1) | 7:+41.7(+41.6~+41.7) | 8:+12.2(+12.2~+12.5) | 9:+27.7(+27.7~+27.7) | 10:+26.2(+25.6~+26.2) | 11:+25.4(+25.3~+27.4) | 12:+6.8(+6.8~+6.8)
1:+37.6(+37.6~+38.1) | 2:+7.6(+7.6~+8.3) | 3:-0.8(-0.8~-0.8) | 4:+19.0(+19.0~+21.3) | 5:+21.2(+21.2~+21.2) | 6:+8.1(+8.1~+8.1) | 7:+41.7(+41.6~+41.7) | 8:+12.2(+12.2~+12.5) | 9:+27.7(+27.7~+27.7) | 10:+26.2(+25.6~+26.2) | 11:+25.4(+25.3~+27.4) | 12:+6.8(+6.8~+6.8)
1:+37.6(+37.6~+38.1) | 2:+7.6(+7.6~+8.3) | 3:-0.8(-0.8~-0.8) | 4:+19.0(+19.0~+21.3) | 5:+21.2(+21.2~+21.2) | 6:+8.1(+8.1~+8.1) | 7:+41.7(+41.6~+41.7) | 8:+12.2(+12.2~+12.5) | 9:+27.7(+27.7~+27.7) | 10:+26.2(+25.6~+26.2) | 11:+25.4(+25.3~+27.4) | 12:+6.8(+6.8~+6.8)
1:+37.6(+37.6~+38.1) | 2:+7.6(+7.6~+8.3) | 3:-0.8(-0.8~-0.8) | 4:+19.0(+19.0~+21.3) | 5:+21.2(+21.2~+21.2) | 6:+8.1(+8.1~+8.1) | 7:+41.7(+41.6~+41.7) | 8:+12.2(+12.2~+12.5) | 9:+27.7(+27.7~+27.7) | 10:+26.2(+25.6~+26.2) | 11:+25.4(+25.3~+27.4) | 12:+6.8(+6.8~+6.8)
1:+37.6(+37.6~+38.1) | 2:+7.6(+7.6~+8.3) | 3:-0.8(-0.8~-0.8) | 4:+19.0(+19.0~+21.3) | 5:+21.2(+21.2~+21.2) | 6:+8.1(+8.1~+8.1) | 7:+41.7(+41.6~+41.7) | 8:+12.2(+12.2~+12.5) | 9:+27.7(+27.7~+27.7) | 10:+26.2(+25.6~+26.2) | 11:+25.4(+25.3~+27.4) | 12:+6.8(+6.8~+6.8)
1:+37.6(+37.6~+38.1) | 2:+7.6(+7.6~+8.3) | 3:-0.8(-0.8~-0.8) | 4:+19.0(+19.0~+21.3) | 5:+21.2(+21.2~+21.2) | 6:+8.1(+8.1~+8.1) | 7:+41.7(+41.6~+41.7) | 8:+12.2(+12.2~+12.5) | 9:+27.7(+27.7~+27.7) | 10:+26.2(+25.6~+26.2) | 11:+25.4(+25.3~+27.4) | 12:+6.8(+6.8~+6.8)
1:+37.6(+37.6~+38.1) | 2:+7.6(+7.6~+8.3) | 3:-0.8(-0.8~-0.8) | 4:+19.0(+19.0~+21.3) | 5:+21.2(+21.2~+21.2) | 6:+8.1(+8.1~+8.1) | 7:+41.7(+41.6~+41.7) | 8:+12.2(+12.2~+12.5) | 9:+27.7(+27.7~+27.7) | 10:+26.2(+25.6~+26.2) | 11:+25.4(+25.3~+27.4) | 12:+6.8(+6.8~+6.8)
1:+37.6(+37.6~+38.1) | 2:+7.6(+7.6~+8.3) | 3:-0.8(-0.8~-0.8) | 4:+19.0(+19.0~+21.3) | 5:+21.2(+21.2~+21.2) | 6:+8.1(+8.1~+8.1) | 7:+41.7(+41.6~+41.7) | 8:+12.2(+12.2~+12.5) | 9:+27.7(+27.7~+27.7) | 10:+26.2(+25.6~+26.2) | 11:+25.4(+25.3~+27.4) | 12:+6.8(+6.8~+6.8)
1:+37.6(+37.6~+38.1) | 2:+7.6(+7.6~+8.3) | 3:-0.8(-0.8~-0.8) | 4:+19.0(+19.0~+21.3) | 5:+21.2(+21.2~+21.2) | 6:+8.1(+8.1~+8.1) | 7:+41.7(+41.6~+41.7) | 8:+12.2(+12.2~+12.5) | 9:+27.7(+27.7~+27.7) | 10:+26.2(+25.6~+26.2) | 11:+25.4(+25.3~+27.4) | 12:+6.8(+6.8~+6.8)
1:+37.6(+37.6~+38.1) | 2:+7.6(+7.6~+8.3) | 3:-0.8(-0.8~-0.8) | 4:+19.0(+19.0~+21.3) | 5:+21.2(+21.2~+21.2) | 6:+8.1(+8.1~+8.1) | 7:+41.7(+41.6~+41.7) | 8:+12.2(+12.2~+12.5) | 9:+27.7(+27.7~+27.7) | 10:+26.2(+25.6~+26.2) | 11:+25.4(+25.3~+27.4) | 12:+6.8(+6.8~+6.8)
1:+37.6(+37.6~+38.1) | 2:+7.6(+7.6~+8.3) | 3:-0.8(-0.8~-0.8) | 4:+19.0(+19.0~+21.3) | 5:+21.2(+21.2~+21.2) | 6:+8.1(+8.1~+8.1) | 7:+41.7(+41.6~+41.7) | 8:+12.2(+12.2~+12.5) | 9:+27.7(+27.7~+27.7) | 10:+26.2(+25.6~+26.2) | 11:+25.4(+25.3~+27.4) | 12:+6.8(+6.8~+6.8)
1:+37.6(+37.6~+38.1) | 2:+7.6(+7.6~+8.3) | 3:-0.8(-0.8~-0.8) | 4:+19.0(+19.0~+21.3) | 5:+21.2(+21.2~+21.2) | 6:+8.1(+8.1~+8.1) | 7:+41.7(+41.6~+41.7) | 8:+12.2(+12.2~+12.5) | 9:+27.7(+27.7~+27.7) | 10:+26.2(+25.6~+26.2) | 11:+25.4(+25.3~+27.4) | 12:+6.8(+6.8~+6.8)
1:+37.6(+37.6~+38.1) | 2:+7.6(+7.6~+8.3) | 3:-0.8(-0.8~-0.8) | 4:+19.0(+19.0~+21.3) | 5:+21.2(+21.2~+21.2) | 6:+8.1(+8.1~+8.1) | 7:+41.7(+41.6~+41.7) | 8:+12.2(+12.2~+12.5) | 9:+27.7(+27.7~+27.7) | 10:+26.2(+25.6~+26.2) | 11:+25.3(+25.3~+27.4) | 12:+6.8(+6.8~+6.8)
1:+34.5(+34.5~+38.1) | 2:+7.6(+7.6~+8.3) | 3:-0.8(-0.8~-0.8) | 4:+18.9(+18.9~+21.3) | 5:+21.6(+21.2~+21.7) | 6:+8.1(+8.1~+8.1) | 7:+44.7(+41.6~+44.8) | 8:+12.2(+12.2~+12.5) | 9:+27.7(+27.7~+27.7) | 10:+26.2(+25.6~+26.2) | 11:+24.8(+24.8~+27.4) | 12:+6.8(+6.8~+6.8)
1:+35.2(+34.5~+38.1) | 2:+7.6(+7.6~+8.3) | 3:-0.8(-0.8~-0.8) | 4:+19.2(+18.9~+21.3) | 5:+21.6(+21.2~+21.7) | 6:+8.1(+8.1~+8.1) | 7:+43.8(+41.6~+44.8) | 8:+12.2(+12.2~+12.5) | 9:+27.7(+27.7~+27.7) | 10:+26.1(+25.6~+26.2) | 11:+24.8(+24.8~+27.4) | 12:+6.8(+6.8~+6.8)
1:+30.0(+29.9~+38.1) | 2:+7.6(+7.6~+8.3) | 3:-0.8(-0.8~-0.8) | 4:+20.9(+18.9~+21.3) | 5:+22.7(+21.2~+22.7) | 6:+8.1(+8.1~+8.1) | 7:+49.5(+41.6~+49.5) | 8:+12.2(+12.2~+12.5) | 9:+27.7(+27.7~+27.7) | 10:+23.1(+23.1~+26.2) | 11:+23.4(+23.4~+27.4) | 12:+6.8(+6.8~+6.8)
1:+24.5(+24.5~+38.1) | 2:+7.6(+7.6~+8.3) | 3:-0.8(-0.8~-0.8) | 4:+22.2(+18.9~+22.2) | 5:+24.4(+21.2~+24.4) | 6:+8.1(+8.1~+8.1) | 7:+53.8(+41.6~+53.8) | 8:+12.2(+12.2~+12.5) | 9:+27.7(+27.7~+27.7) | 10:+20.8(+20.8~+26.2) | 11:+21.8(+21.8~+27.4) | 12:+6.8(+6.8~+6.8)
1:+18.5(+18.5~+38.1) | 2:+7.6(+7.6~+8.3) | 3:-0.8(-0.8~-0.8) | 4:+24.3(+18.9~+24.3) | 5:+25.3(+21.2~+25.3) | 6:+8.1(+8.1~+8.1) | 7:+60.1(+41.6~+60.1) | 8:+12.2(+12.2~+12.5) | 9:+27.7(+27.7~+27.7) | 10:+19.6(+19.6~+26.2) | 11:+21.6(+21.6~+27.4) | 12:+6.8(+6.8~+6.8)
1:+8.9(+8.9~+38.1) | 2:+7.6(+7.6~+8.3) | 3:-0.8(-0.8~-0.8) | 4:+25.3(+18.9~+25.3) | 5:+27.5(+21.2~+27.5) | 6:+8.1(+8.1~+8.1) | 7:+68.6(+41.6~+68.6) | 8:+12.2(+12.2~+12.5) | 9:+27.7(+27.7~+27.7) | 10:+18.7(+18.7~+26.2) | 11:+21.4(+21.4~+27.4) | 12:+6.8(+6.8~+6.8)
1:-0.6(-0.6~+38.1) | 2:+7.6(+7.6~+8.3) | 3:-0.8(-0.8~-0.8) | 4:+25.6(+18.9~+25.6) | 5:+28.0(+21.2~+28.1) | 6:+8.1(+8.1~+8.1) | 7:+75.9(+41.6~+75.9) | 8:+12.4(+12.2~+12.5) | 9:+27.7(+27.7~+27.7) | 10:+18.6(+18.6~+26.2) | 11:+21.4(+21.4~+27.4) | 12:+6.8(+6.8~+6.8)
1:-7.4(-7.4~+38.1) | 2:+7.6(+7.6~+8.3) | 3:-0.8(-0.8~-0.8) | 4:+24.9(+18.9~+25.6) | 5:+28.6(+21.2~+28.6) | 6:+8.1(+8.1~+8.1) | 7:+81.0(+41.6~+81.0) | 8:+12.4(+12.2~+12.5) | 9:+27.7(+27.7~+27.7) | 10:+18.6(+18.6~+26.2) | 11:+21.4(+21.4~+27.4) | 12:+6.8(+6.8~+6.8)
1:-16.6(-16.6~+38.1) | 2:+7.6(+7.6~+8.3) | 3:-0.8(-0.8~-0.8) | 4:+20.8(+18.9~+25.6) | 5:+28.6(+21.2~+28.6) | 6:+8.1(+8.1~+8.1) | 7:+87.0(+41.6~+87.0) | 8:+12.4(+12.2~+12.5) | 9:+27.7(+27.7~+27.7) | 10:+18.7(+18.6~+26.2) | 11:+21.4(+21.4~+27.4) | 12:+6.8(+6.8~+6.8)
1:-28.6(-28.6~+38.1) | 2:+7.6(+7.6~+8.3) | 3:-0.8(-0.8~-0.8) | 4:+16.0(+16.0~+25.6) | 5:+28.6(+21.2~+28.6) | 6:+8.1(+8.1~+8.1) | 7:+96.3(+41.6~+96.3) | 8:+12.4(+12.2~+12.5) | 9:+27.7(+27.7~+27.7) | 10:+20.9(+18.6~+26.2) | 11:+21.8(+21.4~+27.4) | 12:+6.8(+6.8~+6.8)
1:-40.8(-40.8~+38.1) | 2:+7.6(+7.6~+8.3) | 3:-0.8(-0.8~-0.8) | 4:+9.2(+9.2~+25.6) | 5:+25.7(+21.2~+28.6) | 6:+8.1(+8.1~+8.1) | 7:+105.0(+41.6~+105.0) | 8:+12.4(+12.2~+12.5) | 9:+27.7(+27.7~+27.7) | 10:+23.9(+18.6~+26.2) | 11:+23.8(+21.4~+27.4) | 12:+6.8(+6.8~+6.8)
1:-41.5(-41.6~+38.1) | 2:+7.6(+7.6~+8.3) | 3:-0.8(-0.8~-0.8) | 4:+9.2(+9.2~+25.6) | 5:+25.0(+21.2~+28.6) | 6:+8.1(+8.1~+8.1) | 7:+105.0(+41.6~+105.0) | 8:+12.3(+12.2~+12.5) | 9:+27.7(+27.7~+27.7) | 10:+26.0(+18.6~+26.2) | 11:+27.6(+21.4~+27.6) | 12:+6.8(+6.8~+6.8)
1:-47.1(-47.1~+38.1) | 2:+7.6(+7.6~+8.3) | 3:-0.8(-0.8~-0.8) | 4:+1.3(+1.3~+25.6) | 5:+18.7(+18.7~+28.6) | 6:+8.1(+8.1~+8.1) | 7:+110.5(+41.6~+110.6) | 8:+12.4(+12.2~+12.5) | 9:+27.7(+27.7~+27.7) | 10:+32.8(+18.6~+32.9) | 11:+33.8(+21.4~+33.8) | 12:+6.8(+6.8~+6.8)
1:-49.8(-51.0~+38.1) | 2:+7.2(+7.1~+8.3) | 3:-0.8(-0.8~-0.8) | 4:-14.2(-14.3~+25.6) | 5:+6.2(+6.2~+28.6) | 6:+8.1(+8.1~+8.1) | 7:+123.6(+41.6~+123.7) | 8:+12.4(+12.2~+12.5) | 9:+27.7(+27.7~+27.7) | 10:+49.6(+18.6~+49.6) | 11:+33.8(+21.4~+33.8) | 12:+6.8(+6.8~+6.8)
1:-45.3(-51.0~+38.1) | 2:+5.3(+5.3~+8.3) | 3:-0.8(-0.8~-0.8) | 4:-0.0(-14.3~+25.6) | 5:+11.4(+3.2~+28.6) | 6:+8.1(+8.1~+8.1) | 7:+121.1(+41.6~+123.8) | 8:+12.4(+12.2~+12.5) | 9:+27.7(+27.7~+27.7) | 10:+43.7(+18.6~+49.6) | 11:+37.5(+21.4~+40.9) | 12:+6.8(+6.8~+6.8)
1:-49.6(-51.0~+38.1) | 2:+4.9(+4.9~+8.3) | 3:-0.8(-0.8~-0.8) | 4:-3.6(-14.3~+25.6) | 5:+11.5(+3.2~+28.6) | 6:+8.1(+8.1~+8.1) | 7:+119.1(+41.6~+123.8) | 8:+11.5(+11.5~+12.5) | 9:+28.7(+27.7~+28.7) | 10:+34.6(+18.6~+49.6) | 11:+31.8(+21.4~+40.9) | 12:+6.8(+6.8~+6.8)
1:-54.5(-54.5~+38.1) | 2:+4.6(+4.6~+8.3) | 3:-0.8(-0.8~-0.8) | 4:-18.6(-18.6~+25.6) | 5:+11.5(+3.2~+28.6) | 6:+8.1(+8.1~+8.1) | 7:+127.1(+41.6~+127.1) | 8:+10.6(+10.6~+12.5) | 9:+28.7(+27.7~+28.7) | 10:+51.2(+18.6~+51.2) | 11:+37.3(+21.4~+40.9) | 12:+6.8(+6.8~+6.8)
1:-53.5(-54.5~+38.1) | 2:+3.0(+3.0~+8.3) | 3:-0.8(-0.8~-0.8) | 4:-20.6(-20.7~+25.6) | 5:+11.5(+3.2~+28.6) | 6:+8.1(+8.1~+8.1) | 7:+130.0(+41.6~+130.1) | 8:+9.9(+9.9~+12.5) | 9:+28.7(+27.7~+28.7) | 10:+53.7(+18.6~+54.1) | 11:+37.3(+21.4~+40.9) | 12:+6.8(+6.8~+6.8)
1:-53.6(-54.5~+38.1) | 2:+3.0(+3.0~+8.3) | 3:-0.8(-0.8~-0.8) | 4:-20.6(-20.7~+25.6) | 5:+11.5(+3.2~+28.6) | 6:+8.1(+8.1~+8.1) | 7:+130.0(+41.6~+130.1) | 8:+9.9(+9.9~+12.5) | 9:+28.7(+27.7~+28.7) | 10:+53.7(+18.6~+54.1) | 11:+37.3(+21.4~+40.9) | 12:+6.8(+6.8~+6.8)
1:-53.6(-54.5~+38.1) | 2:+3.0(+3.0~+8.3) | 3:-0.8(-0.8~-0.8) | 4:-20.6(-20.7~+25.6) | 5:+11.5(+3.2~+28.6) | 6:+8.1(+8.1~+8.1) | 7:+130.0(+41.6~+130.1) | 8:+9.9(+9.9~+12.5) | 9:+28.7(+27.7~+28.7) | 10:+53.7(+18.6~+54.1) | 11:+37.3(+21.4~+40.9) | 12:+6.8(+6.8~+6.8)
1:-62.3(-62.3~+38.1) | 2:+3.0(+3.0~+8.3) | 3:-0.8(-0.8~-0.8) | 4:-20.5(-20.7~+25.6) | 5:+11.5(+3.2~+28.6) | 6:+8.1(+8.1~+8.1) | 7:+137.4(+41.6~+137.4) | 8:+9.9(+9.9~+12.5) | 9:+28.7(+27.7~+28.7) | 10:+53.7(+18.6~+54.1) | 11:+37.3(+21.4~+40.9) | 12:+6.8(+6.8~+6.8)
1:-65.4(-65.7~+38.1) | 2:+3.1(+3.0~+8.3) | 3:-0.8(-0.8~-0.8) | 4:-20.5(-20.7~+25.6) | 5:+11.5(+3.2~+28.6) | 6:+8.1(+8.1~+8.1) | 7:+141.2(+41.6~+141.3) | 8:+10.0(+9.9~+12.5) | 9:+28.7(+27.7~+28.7) | 10:+53.7(+18.6~+54.1) | 11:+37.3(+21.4~+40.9) | 12:+6.8(+6.8~+6.8)
1:-65.6(-65.7~+38.1) | 2:+3.1(+3.0~+8.3) | 3:-0.8(-0.8~-0.8) | 4:-20.5(-20.7~+25.6) | 5:+11.5(+3.2~+28.6) | 6:+8.1(+8.1~+8.1) | 7:+142.3(+41.6~+142.3) | 8:+10.0(+9.9~+12.5) | 9:+28.7(+27.7~+28.7) | 10:+53.7(+18.6~+54.1) | 11:+37.3(+21.4~+40.9) | 12:+6.8(+6.8~+6.8)
1:-66.7(-66.7~+38.1) | 2:+3.1(+3.0~+8.3) | 3:-0.8(-0.8~-0.8) | 4:-20.5(-20.7~+25.6) | 5:+11.5(+3.2~+28.6) | 6:+8.1(+8.1~+8.1) | 7:+143.0(+41.6~+143.0) | 8:+10.0(+9.9~+12.5) | 9:+28.7(+27.7~+28.7) | 10:+53.7(+18.6~+54.1) | 11:+37.3(+21.4~+40.9) | 12:+6.8(+6.8~+6.8)
1:-67.7(-67.7~+38.1) | 2:+3.1(+3.0~+8.3) | 3:-0.8(-0.8~-0.8) | 4:-20.5(-20.7~+25.6) | 5:+5.3(+3.2~+28.6) | 6:+8.1(+8.1~+8.1) | 7:+143.5(+41.6~+143.5) | 8:+10.0(+9.9~+12.5) | 9:+28.7(+27.7~+28.7) | 10:+53.4(+18.6~+54.1) | 11:+37.4(+21.4~+40.9) | 12:+6.8(+6.8~+6.8)
1:-69.1(-69.1~+38.1) | 2:+3.1(+3.0~+8.3) | 3:-0.8(-0.8~-0.8) | 4:-20.2(-20.7~+25.6) | 5:+4.7(+3.2~+28.6) | 6:+8.1(+8.1~+8.1) | 7:+143.0(+41.6~+143.6) | 8:+9.9(+9.9~+12.5) | 9:+28.7(+27.7~+28.7) | 10:+51.9(+18.6~+54.1) | 11:+42.9(+21.4~+42.9) | 12:+6.8(+6.8~+6.8)
1:-68.4(-69.1~+38.1) | 2:+3.1(+3.0~+8.3) | 3:-0.8(-0.8~-0.8) | 4:-20.2(-20.7~+25.6) | 5:+1.3(+1.3~+28.6) | 6:+8.1(+8.1~+8.1) | 7:+142.2(+41.6~+143.6) | 8:+9.9(+9.9~+12.5) | 9:+28.7(+27.7~+28.7) | 10:+51.9(+18.6~+54.1) | 11:+42.9(+21.4~+42.9) | 12:+6.8(+6.8~+6.8)
1:-67.9(-69.1~+38.1) | 2:+3.1(+3.0~+8.3) | 3:-0.8(-0.8~-0.8) | 4:-20.2(-20.7~+25.6) | 5:-1.3(-1.3~+28.6) | 6:+8.1(+8.1~+8.1) | 7:+142.2(+41.6~+143.6) | 8:+9.9(+9.9~+12.5) | 9:+28.7(+27.7~+28.7) | 10:+51.9(+18.6~+54.1) | 11:+42.9(+21.4~+42.9) | 12:+6.8(+6.8~+6.8)
1:-67.5(-69.1~+38.1) | 2:+3.1(+3.0~+8.3) | 3:-0.8(-0.8~-0.8) | 4:-20.2(-20.7~+25.6) | 5:-1.3(-1.3~+28.6) | 6:+8.1(+8.1~+8.1) | 7:+142.1(+41.6~+143.6) | 8:+9.9(+9.9~+12.5) | 9:+28.7(+27.7~+28.7) | 10:+51.9(+18.6~+54.1) | 11:+42.9(+21.4~+42.9) | 12:+6.8(+6.8~+6.8)
1:-67.5(-69.1~+38.1) | 2:+3.1(+3.0~+8.3) | 3:-0.8(-0.8~-0.8) | 4:-20.2(-20.7~+25.6) | 5:-1.3(-1.3~+28.6) | 6:+8.1(+8.1~+8.1) | 7:+142.1(+41.6~+143.6) | 8:+9.9(+9.9~+12.5) | 9:+28.7(+27.7~+28.7) | 10:+51.9(+18.6~+54.1) | 11:+42.9(+21.4~+42.9) | 12:+6.8(+6.8~+6.8)
1:-67.1(-69.1~+38.1) | 2:+3.1(+3.0~+8.3) | 3:-0.8(-0.8~-0.8) | 4:-20.2(-20.7~+25.6) | 5:-1.7(-1.8~+28.6) | 6:+8.1(+8.1~+8.1) | 7:+141.8(+41.6~+143.6) | 8:+10.0(+9.9~+12.5) | 9:+28.7(+27.7~+28.7) | 10:+51.9(+18.6~+54.1) | 11:+42.9(+21.4~+42.9) | 12:+6.8(+6.8~+6.8)
1:-66.7(-69.1~+38.1) | 2:+3.1(+3.0~+8.3) | 3:-0.8(-0.8~-0.8) | 4:-20.2(-20.7~+25.6) | 5:-1.7(-1.8~+28.6) | 6:+8.1(+8.1~+8.1) | 7:+141.1(+41.6~+143.6) | 8:+9.9(+9.9~+12.5) | 9:+28.7(+27.7~+28.7) | 10:+51.9(+18.6~+54.1) | 11:+42.9(+21.4~+42.9) | 12:+6.8(+6.8~+6.8)
1:-66.7(-69.1~+38.1) | 2:+3.1(+3.0~+8.3) | 3:-0.8(-0.8~-0.8) | 4:-20.2(-20.7~+25.6) | 5:-1.7(-1.8~+28.6) | 6:+8.1(+8.1~+8.1) | 7:+141.1(+41.6~+143.6) | 8:+9.9(+9.9~+12.5) | 9:+28.7(+27.7~+28.7) | 10:+51.9(+18.6~+54.1) | 11:+42.9(+21.4~+42.9) | 12:+6.8(+6.8~+6.8)
1:-66.5(-69.1~+38.1) | 2:+3.1(+3.0~+8.3) | 3:-0.8(-0.8~-0.8) | 4:-20.2(-20.7~+25.6) | 5:-1.7(-1.8~+28.6) | 6:+8.1(+8.1~+8.1) | 7:+141.1(+41.6~+143.6) | 8:+9.9(+9.9~+12.5) | 9:+28.7(+27.7~+28.7) | 10:+51.9(+18.6~+54.1) | 11:+42.9(+21.4~+42.9) | 12:+6.8(+6.8~+6.8)
1:-66.5(-69.1~+38.1) | 2:+3.1(+3.0~+8.3) | 3:-0.8(-0.8~-0.8) | 4:-20.2(-20.7~+25.6) | 5:-1.7(-1.8~+28.6) | 6:+8.1(+8.1~+8.1) | 7:+140.8(+41.6~+143.6) | 8:+10.2(+9.9~+12.5) | 9:+28.7(+27.7~+28.7) | 10:+51.9(+18.6~+54.1) | 11:+42.9(+21.4~+42.9) | 12:+6.8(+6.8~+6.8)
1:-66.5(-69.1~+38.1) | 2:+3.1(+3.0~+8.3) | 3:-0.8(-0.8~-0.8) | 4:-20.2(-20.7~+25.6) | 5:-1.7(-1.8~+28.6) | 6:+8.1(+8.1~+8.1) | 7:+140.8(+41.6~+143.6) | 8:+10.2(+9.9~+12.5) | 9:+28.7(+27.7~+28.7) | 10:+51.9(+18.6~+54.1) | 11:+42.9(+21.4~+42.9) | 12:+6.8(+6.8~+6.8)
1:-66.5(-69.1~+38.1) | 2:+3.1(+3.0~+8.3) | 3:-0.8(-0.8~-0.8) | 4:-20.2(-20.7~+25.6) | 5:-1.7(-1.8~+28.6) | 6:+8.1(+8.1~+8.1) | 7:+140.8(+41.6~+143.6) | 8:+10.2(+9.9~+12.5) | 9:+28.7(+27.7~+28.7) | 10:+51.7(+18.6~+54.1) | 11:+42.9(+21.4~+42.9) | 12:+6.8(+6.8~+6.8)
1:-66.1(-69.1~+38.1) | 2:+3.1(+3.0~+8.3) | 3:-0.8(-0.8~-0.8) | 4:-20.2(-20.7~+25.6) | 5:-1.7(-1.8~+28.6) | 6:+8.1(+8.1~+8.1) | 7:+139.7(+41.6~+143.6) | 8:+10.7(+9.9~+12.5) | 9:+28.7(+27.7~+28.7) | 10:+51.4(+18.6~+54.1) | 11:+42.9(+21.4~+42.9) | 12:+6.8(+6.8~+6.8)
1:-64.8(-69.1~+38.1) | 2:+3.1(+3.0~+8.3) | 3:-0.8(-0.8~-0.8) | 4:-20.2(-20.7~+25.6) | 5:-1.7(-1.8~+28.6) | 6:+8.1(+8.1~+8.1) | 7:+138.8(+41.6~+143.6) | 8:+11.1(+9.9~+12.5) | 9:+28.7(+27.7~+28.7) | 10:+51.4(+18.6~+54.1) | 11:+42.9(+21.4~+42.9) | 12:+6.8(+6.8~+6.8)
1:-64.6(-69.1~+38.1) | 2:+3.1(+3.0~+8.3) | 3:-0.8(-0.8~-0.8) | 4:-20.2(-20.7~+25.6) | 5:-1.7(-1.8~+28.6) | 6:+8.1(+8.1~+8.1) | 7:+138.8(+41.6~+143.6) | 8:+11.1(+9.9~+12.5) | 9:+28.7(+27.7~+28.7) | 10:+51.5(+18.6~+54.1) | 11:+42.9(+21.4~+42.9) | 12:+6.8(+6.8~+6.8)
1:-64.5(-69.1~+38.1) | 2:+3.1(+3.0~+8.3) | 3:-0.8(-0.8~-0.8) | 4:-20.2(-20.7~+25.6) | 5:-1.7(-1.8~+28.6) | 6:+8.1(+8.1~+8.1) | 7:+138.5(+41.6~+143.6) | 8:+10.9(+9.9~+12.5) | 9:+28.7(+27.7~+28.7) | 10:+51.7(+18.6~+54.1) | 11:+42.9(+21.4~+42.9) | 12:+6.8(+6.8~+6.8)
1:-62.9(-69.1~+38.1) | 2:+3.0(+3.0~+8.3) | 3:-0.8(-0.8~-0.8) | 4:-20.2(-20.7~+25.6) | 5:-3.2(-3.3~+28.6) | 6:+8.1(+8.1~+8.1) | 7:+135.2(+41.6~+143.6) | 8:+10.9(+9.9~+12.5) | 9:+28.7(+27.7~+28.7) | 10:+49.9(+18.6~+54.1) | 11:+42.9(+21.4~+42.9) | 12:+6.8(+6.8~+6.8)
1:-62.9(-69.1~+38.1) | 2:+3.0(+3.0~+8.3) | 3:-0.8(-0.8~-0.8) | 4:-20.2(-20.7~+25.6) | 5:-3.3(-3.3~+28.6) | 6:+8.1(+8.1~+8.1) | 7:+135.4(+41.6~+143.6) | 8:+10.8(+9.9~+12.5) | 9:+28.7(+27.7~+28.7) | 10:+49.5(+18.6~+54.1) | 11:+42.9(+21.4~+42.9) | 12:+6.8(+6.8~+6.8)
1:-64.7(-69.1~+38.1) | 2:+3.0(+3.0~+8.3) | 3:-0.8(-0.8~-0.8) | 4:-20.2(-20.7~+25.6) | 5:-3.3(-3.3~+28.6) | 6:+8.1(+8.1~+8.1) | 7:+138.0(+41.6~+143.6) | 8:+10.2(+9.9~+12.5) | 9:+28.7(+27.7~+28.7) | 10:+49.9(+18.6~+54.1) | 11:+42.9(+21.4~+42.9) | 12:+6.8(+6.8~+6.8)
1:-64.5(-69.1~+38.1) | 2:+3.0(+3.0~+8.3) | 3:-0.8(-0.8~-0.8) | 4:-20.2(-20.7~+25.6) | 5:-3.3(-3.3~+28.6) | 6:+8.1(+8.1~+8.1) | 7:+137.1(+41.6~+143.6) | 8:+10.2(+9.9~+12.5) | 9:+28.7(+27.7~+28.7) | 10:+49.9(+18.6~+54.1) | 11:+42.9(+21.4~+42.9) | 12:+6.8(+6.8~+6.8)
1:-64.1(-69.1~+38.1) | 2:+3.0(+3.0~+8.3) | 3:-0.8(-0.8~-0.8) | 4:-20.2(-20.7~+25.6) | 5:-3.3(-3.3~+28.6) | 6:+8.1(+8.1~+8.1) | 7:+141.0(+41.6~+143.6) | 8:+10.2(+9.9~+12.5) | 9:+28.7(+27.7~+28.7) | 10:+53.9(+18.6~+54.1) | 11:+42.9(+21.4~+42.9) | 12:+6.8(+6.8~+6.8)
1:-64.1(-69.1~+38.1) | 2:+3.0(+3.0~+8.3) | 3:-0.8(-0.8~-0.8) | 4:-20.2(-20.7~+25.6) | 5:-3.3(-3.3~+28.6) | 6:+8.1(+8.1~+8.1) | 7:+141.1(+41.6~+143.6) | 8:+10.2(+9.9~+12.5) | 9:+28.7(+27.7~+28.7) | 10:+53.9(+18.6~+54.1) | 11:+42.9(+21.4~+42.9) | 12:+6.8(+6.8~+6.8)
1:-66.3(-69.1~+38.1) | 2:+3.2(+3.0~+8.3) | 3:+7.8(-0.8~+7.8) | 4:-20.2(-20.7~+25.6) | 5:-3.2(-3.3~+28.6) | 6:+8.1(+8.1~+8.1) | 7:+143.2(+41.6~+143.6) | 8:+10.2(+9.9~+12.5) | 9:+28.7(+27.7~+28.7) | 10:+53.9(+18.6~+54.1) | 11:+42.9(+21.4~+42.9) | 12:+6.8(+6.8~+6.8)
1:-66.4(-69.1~+38.1) | 2:+3.5(+3.0~+8.3) | 3:+11.6(-0.8~+11.6) | 4:-20.2(-20.7~+25.6) | 5:-3.2(-3.3~+28.6) | 6:+8.1(+8.1~+8.1) | 7:+143.2(+41.6~+143.6) | 8:+10.2(+9.9~+12.5) | 9:+28.7(+27.7~+28.7) | 10:+53.9(+18.6~+54.1) | 11:+42.9(+21.4~+42.9) | 12:+6.8(+6.8~+6.8)
1:-66.3(-69.1~+38.1) | 2:+4.5(+3.0~+8.3) | 3:+11.5(-0.8~+11.6) | 4:-20.2(-20.7~+25.6) | 5:-3.3(-3.3~+28.6) | 6:+8.1(+8.1~+8.1) | 7:+143.3(+41.6~+143.6) | 8:+10.2(+9.9~+12.5) | 9:+28.7(+27.7~+28.7) | 10:+53.9(+18.6~+54.1) | 11:+42.9(+21.4~+42.9) | 12:+6.8(+6.8~+6.8)
1:-54.6(-69.1~+38.1) | 2:+5.0(+3.0~+8.3) | 3:+11.6(-0.8~+11.6) | 4:-22.4(-22.4~+25.6) | 5:-3.3(-3.3~+28.6) | 6:+8.1(+8.1~+8.1) | 7:+143.2(+41.6~+143.6) | 8:+10.2(+9.9~+12.5) | 9:+28.7(+27.7~+28.7) | 10:+53.9(+18.6~+54.1) | 11:+42.9(+21.4~+42.9) | 12:+6.8(+6.8~+6.8)
1:-60.2(-69.1~+38.1) | 2:+5.1(+3.0~+8.3) | 3:+11.6(-0.8~+11.6) | 4:-32.5(-32.6~+25.6) | 5:-14.8(-14.8~+28.6) | 6:+8.1(+8.1~+8.1) | 7:+143.7(+41.6~+143.7) | 8:+10.2(+9.9~+12.5) | 9:+28.7(+27.7~+28.7) | 10:+53.9(+18.6~+54.1) | 11:+42.9(+21.4~+42.9) | 12:+6.8(+6.8~+6.8)
1:-66.2(-69.1~+38.1) | 2:+5.1(+3.0~+8.3) | 3:+11.6(-0.8~+11.6) | 4:-29.4(-32.6~+25.6) | 5:-14.8(-14.8~+28.6) | 6:+8.1(+8.1~+8.1) | 7:+143.8(+41.6~+143.9) | 8:+10.2(+9.9~+12.5) | 9:+28.7(+27.7~+28.7) | 10:+53.9(+18.6~+54.1) | 11:+42.9(+21.4~+42.9) | 12:+6.8(+6.8~+6.8)
1:-67.4(-69.1~+38.1) | 2:+5.1(+3.0~+8.3) | 3:+11.6(-0.8~+11.6) | 4:-25.2(-32.6~+25.6) | 5:-14.8(-14.8~+28.6) | 6:+8.1(+8.1~+8.1) | 7:+143.8(+41.6~+143.9) | 8:+10.2(+9.9~+12.5) | 9:+28.7(+27.7~+28.7) | 10:+53.9(+18.6~+54.1) | 11:+42.9(+21.4~+42.9) | 12:+6.8(+6.8~+6.8)
1:-63.9(-69.1~+38.1) | 2:+5.1(+3.0~+8.3) | 3:+11.5(-0.8~+11.6) | 4:-25.2(-32.6~+25.6) | 5:-14.8(-14.8~+28.6) | 6:+8.1(+8.1~+8.1) | 7:+144.2(+41.6~+144.3) | 8:+10.2(+9.9~+12.5) | 9:+28.7(+27.7~+28.7) | 10:+53.9(+18.6~+54.1) | 11:+42.9(+21.4~+42.9) | 12:+6.8(+6.8~+6.8)
1:-52.2(-69.1~+38.1) | 2:+3.7(+3.0~+8.3) | 3:+11.6(-0.8~+11.6) | 4:-25.2(-32.6~+25.6) | 5:-14.8(-14.8~+28.6) | 6:+8.1(+8.1~+8.1) | 7:+144.5(+41.6~+144.6) | 8:+10.2(+9.9~+12.5) | 9:+28.7(+27.7~+28.7) | 10:+53.9(+18.6~+54.1) | 11:+42.9(+21.4~+42.9) | 12:+6.8(+6.8~+6.8)
1:-43.8(-69.1~+38.1) | 2:+3.0(+3.0~+8.3) | 3:+11.6(-0.8~+11.6) | 4:-25.1(-32.6~+25.6) | 5:-14.8(-14.8~+28.6) | 6:+8.1(+8.1~+8.1) | 7:+146.3(+41.6~+146.3) | 8:+7.9(+7.9~+12.5) | 9:+28.7(+27.7~+28.7) | 10:+53.9(+18.6~+54.1) | 11:+42.9(+21.4~+42.9) | 12:+6.8(+6.8~+6.8)
1:-50.2(-69.1~+38.1) | 2:+2.9(+2.9~+8.3) | 3:+13.4(-0.8~+13.4) | 4:-17.2(-32.6~+25.6) | 5:-14.8(-14.8~+28.6) | 6:+8.1(+8.1~+8.1) | 7:+146.8(+41.6~+146.8) | 8:+7.8(+7.8~+12.5) | 9:+28.7(+27.7~+28.7) | 10:+53.9(+18.6~+54.1) | 11:+42.9(+21.4~+42.9) | 12:+6.8(+6.8~+6.8)  miss={1: 2, 2: 2, 3: 2, 4: 2, 5: 1, 6: 1, 7: 1, 8: 1, 9: 2, 10: 2, 11: 2, 12: 2}
1:-63.0(-69.1~+38.1) | 2:+2.9(+2.9~+8.3) | 3:+13.4(-0.8~+13.4) | 4:-17.2(-32.6~+25.6) | 5:-14.8(-14.8~+28.6) | 6:+8.1(+8.1~+8.1) | 7:+146.8(+41.6~+146.8) | 8:+7.8(+7.8~+12.5) | 9:+28.7(+27.7~+28.7) | 10:+53.9(+18.6~+54.1) | 11:+42.9(+21.4~+42.9) | 12:+6.8(+6.8~+6.8)  miss={1: 2, 2: 2, 3: 2, 4: 2, 5: 1, 6: 1, 7: 1, 8: 1, 9: 2, 10: 2, 11: 2, 12: 2}
1:-67.8(-69.1~+38.1) | 2:+2.9(+2.9~+8.3) | 3:+13.4(-0.8~+13.4) | 4:-17.2(-32.6~+25.6) | 5:-14.8(-14.8~+28.6) | 6:+8.1(+8.1~+8.1) | 7:+146.8(+41.6~+146.8) | 8:+7.8(+7.8~+12.5) | 9:+28.7(+27.7~+28.7) | 10:+53.9(+18.6~+54.1) | 11:+42.9(+21.4~+42.9) | 12:+6.8(+6.8~+6.8)  miss={1: 2, 2: 2, 3: 2, 4: 2, 5: 1, 6: 1, 7: 1, 8: 1, 9: 2, 10: 2, 11: 2, 12: 2}
1:-67.8(-69.1~+38.1) | 2:+2.9(+2.9~+8.3) | 3:+13.4(-0.8~+13.4) | 4:-17.2(-32.6~+25.6) | 5:-14.8(-14.8~+28.6) | 6:+8.1(+8.1~+8.1) | 7:+146.8(+41.6~+146.8) | 8:+7.8(+7.8~+12.5) | 9:+28.7(+27.7~+28.7) | 10:+53.9(+18.6~+54.1) | 11:+42.9(+21.4~+42.9) | 12:+6.8(+6.8~+6.8)  miss={1: 2, 2: 2, 3: 2, 4: 2, 5: 1, 6: 1, 7: 1, 8: 1, 9: 2, 10: 2, 11: 2, 12: 2}
1:-67.8(-69.1~+38.1) | 2:+2.9(+2.9~+8.3) | 3:+13.4(-0.8~+13.4) | 4:-17.2(-32.6~+25.6) | 5:-14.8(-14.8~+28.6) | 6:+8.1(+8.1~+8.1) | 7:+146.8(+41.6~+146.8) | 8:+7.8(+7.8~+12.5) | 9:+28.7(+27.7~+28.7) | 10:+53.9(+18.6~+54.1) | 11:+42.9(+21.4~+42.9) | 12:+6.8(+6.8~+6.8)  miss={1: 2, 2: 2, 3: 2, 4: 2, 5: 1, 6: 1, 7: 1, 8: 1, 9: 2, 10: 2, 11: 2, 12: 2}
1:-67.8(-69.1~+38.1) | 2:+2.9(+2.9~+8.3) | 3:+13.4(-0.8~+13.4) | 4:-17.2(-32.6~+25.6) | 5:-14.8(-14.8~+28.6) | 6:+8.1(+8.1~+8.1) | 7:+146.8(+41.6~+146.8) | 8:+7.8(+7.8~+12.5) | 9:+28.7(+27.7~+28.7) | 10:+53.9(+18.6~+54.1) | 11:+42.9(+21.4~+42.9) | 12:+6.8(+6.8~+6.8)  miss={1: 2, 2: 2, 3: 2, 4: 2, 5: 1, 6: 1, 7: 1, 8: 1, 9: 2, 10: 2, 11: 2, 12: 2}
1:-67.8(-69.1~+38.1) | 2:+2.9(+2.9~+8.3) | 3:+13.4(-0.8~+13.4) | 4:-17.2(-32.6~+25.6) | 5:-14.8(-14.8~+28.6) | 6:+8.1(+8.1~+8.1) | 7:+146.8(+41.6~+146.8) | 8:+7.8(+7.8~+12.5) | 9:+28.7(+27.7~+28.7) | 10:+53.9(+18.6~+54.1) | 11:+42.9(+21.4~+42.9) | 12:+6.8(+6.8~+6.8)  miss={1: 2, 2: 2, 3: 2, 4: 2, 5: 1, 6: 1, 7: 1, 8: 1, 9: 2, 10: 2, 11: 2, 12: 2}
1:-68.0(-69.1~+38.1) | 2:+2.9(+2.9~+8.3) | 3:+13.4(-0.8~+13.4) | 4:-17.8(-32.6~+25.6) | 5:+4.5(-14.8~+28.6) | 6:+8.1(+8.1~+8.1) | 7:+146.8(+41.6~+146.8) | 8:+7.9(+7.8~+12.5) | 9:+28.7(+27.7~+28.7) | 10:+53.9(+18.6~+54.1) | 11:+42.9(+21.4~+42.9) | 12:+6.8(+6.8~+6.8)  miss={1: 2, 2: 2, 3: 2, 4: 2, 5: 1, 6: 1, 7: 1, 8: 1, 9: 2, 10: 2, 11: 2, 12: 2}
1:-68.0(-69.1~+38.1) | 2:+3.0(+2.9~+8.3) | 3:+13.4(-0.8~+13.4) | 4:-17.8(-32.6~+25.6) | 5:+4.5(-14.8~+28.6) | 6:+8.1(+8.1~+8.1) | 7:+146.8(+41.6~+146.8) | 8:+8.4(+7.8~+12.5) | 9:+28.7(+27.7~+28.7) | 10:+53.9(+18.6~+54.1) | 11:+42.9(+21.4~+42.9) | 12:+6.8(+6.8~+6.8)  miss={1: 2, 2: 2, 3: 2, 4: 2, 5: 1, 6: 1, 7: 1, 8: 1, 9: 2, 10: 2, 11: 2, 12: 2}
1:-67.4(-69.1~+38.1) | 2:+2.9(+2.9~+8.3) | 3:+13.4(-0.8~+13.4) | 4:-24.1(-32.6~+25.6) | 5:+4.5(-14.8~+28.6) | 6:+8.1(+8.1~+8.1) | 7:+146.8(+41.6~+146.8) | 8:+8.4(+7.8~+12.5) | 9:+28.7(+27.7~+28.7) | 10:+53.9(+18.6~+54.1) | 11:+42.9(+21.4~+42.9) | 12:+6.8(+6.8~+6.8)  miss={1: 2, 2: 2, 3: 2, 4: 2, 5: 1, 6: 1, 7: 1, 8: 1, 9: 2, 10: 2, 11: 2, 12: 2}
1:-67.3(-69.1~+38.1) | 2:+3.6(+2.9~+8.3) | 3:+13.4(-0.8~+13.4) | 4:-23.7(-32.6~+25.6) | 5:+4.5(-14.8~+28.6) | 6:+8.1(+8.1~+8.1) | 7:+146.8(+41.6~+146.8) | 8:+8.5(+7.8~+12.5) | 9:+28.7(+27.7~+28.7) | 10:+53.9(+18.6~+54.1) | 11:+42.9(+21.4~+42.9) | 12:+6.8(+6.8~+6.8)  miss={1: 2, 2: 2, 3: 2, 4: 2, 5: 1, 6: 1, 7: 1, 8: 1, 9: 2, 10: 2, 11: 2, 12: 2}
1:-60.8(-69.1~+38.1) | 2:+3.6(+2.9~+8.3) | 3:+13.4(-0.8~+13.4) | 4:-23.7(-32.6~+25.6) | 5:+4.5(-14.8~+28.6) | 6:+8.1(+8.1~+8.1) | 7:+147.3(+41.6~+147.3) | 8:+8.5(+7.8~+12.5) | 9:+28.7(+27.7~+28.7) | 10:+53.9(+18.6~+54.1) | 11:+42.9(+21.4~+42.9) | 12:+6.8(+6.8~+6.8)  miss={1: 2, 2: 2, 3: 2, 4: 2, 5: 1, 6: 1, 7: 1, 8: 1, 9: 2, 10: 2, 11: 2, 12: 2}
1:-57.5(-69.1~+38.1) | 2:+3.6(+2.9~+8.3) | 3:+13.4(-0.8~+13.4) | 4:-23.7(-32.6~+25.6) | 5:+4.5(-14.8~+28.6) | 6:+8.1(+8.1~+8.1) | 7:+148.2(+41.6~+148.2) | 8:+8.5(+7.8~+12.5) | 9:+28.7(+27.7~+28.7) | 10:+53.9(+18.6~+54.1) | 11:+42.9(+21.4~+42.9) | 12:+6.8(+6.8~+6.8)  miss={1: 2, 2: 2, 3: 2, 4: 2, 5: 1, 6: 1, 7: 1, 8: 1, 9: 2, 10: 2, 11: 2, 12: 2}
1:-43.6(-69.1~+38.1) | 2:+3.6(+2.9~+8.3) | 3:+13.4(-0.8~+13.4) | 4:-19.9(-32.6~+25.6) | 5:-21.2(-21.2~+28.6) | 6:+8.1(+8.1~+8.1) | 7:+148.5(+41.6~+148.5) | 8:+8.5(+7.8~+12.5) | 9:+28.7(+27.7~+28.7) | 10:+53.9(+18.6~+54.1) | 11:+42.9(+21.4~+42.9) | 12:+6.8(+6.8~+6.8)  miss={1: 3, 2: 3, 3: 2, 4: 2, 5: 1, 6: 1, 7: 2, 8: 2, 9: 3, 10: 3, 11: 3, 12: 3}
1:-35.3(-69.1~+38.1) | 2:+3.6(+2.9~+8.3) | 3:+13.4(-0.8~+13.4) | 4:-19.5(-32.6~+25.6) | 5:-21.2(-21.2~+28.6) | 6:+8.1(+8.1~+8.1) | 7:+149.2(+41.6~+149.2) | 8:+8.2(+7.8~+12.5) | 9:+28.7(+27.7~+28.7) | 10:+53.9(+18.6~+54.1) | 11:+42.9(+21.4~+42.9) | 12:+6.8(+6.8~+6.8)  miss={1: 3, 2: 3, 3: 2, 4: 2, 5: 1, 6: 1, 7: 2, 8: 2, 9: 3, 10: 3, 11: 3, 12: 3}
1:-26.1(-69.1~+38.1) | 2:+3.6(+2.9~+8.3) | 3:+13.4(-0.8~+13.4) | 4:-19.5(-32.6~+25.6) | 5:-21.2(-21.2~+28.6) | 6:+8.1(+8.1~+8.1) | 7:+149.2(+41.6~+149.3) | 8:+7.0(+7.0~+12.5) | 9:+28.7(+27.7~+28.7) | 10:+53.9(+18.6~+54.1) | 11:+42.9(+21.4~+42.9) | 12:+6.8(+6.8~+6.8)  miss={1: 3, 2: 3, 3: 2, 4: 2, 5: 1, 6: 1, 7: 2, 8: 2, 9: 3, 10: 3, 11: 3, 12: 3}
1:-20.0(-69.1~+38.1) | 2:+3.6(+2.9~+8.3) | 3:+13.4(-0.8~+13.4) | 4:-19.5(-32.6~+25.6) | 5:-39.4(-39.4~+28.6) | 6:+8.1(+8.1~+8.1) | 7:+149.7(+41.6~+149.7) | 8:+4.9(+4.9~+12.5) | 9:+28.7(+27.7~+28.7) | 10:+53.9(+18.6~+54.1) | 11:+42.9(+21.4~+42.9) | 12:+6.8(+6.8~+6.8)  miss={1: 3, 2: 3, 3: 2, 4: 2, 5: 22, 6: 1, 7: 2, 8: 2, 9: 3, 10: 3, 11: 3, 12: 3}
1:-16.6(-69.1~+38.1) | 2:+3.6(+2.9~+8.3) | 3:+13.4(-0.8~+13.4) | 4:-19.5(-32.6~+25.6) | 5:-39.4(-39.4~+28.6) | 6:+8.1(+8.1~+8.1) | 7:+150.1(+41.6~+150.1) | 8:+3.9(+3.9~+12.5) | 9:+28.7(+27.7~+28.7) | 10:+53.9(+18.6~+54.1) | 11:+42.9(+21.4~+42.9) | 12:+6.8(+6.8~+6.8)  miss={1: 3, 2: 3, 3: 2, 4: 2, 5: 68, 6: 1, 7: 2, 8: 2, 9: 3, 10: 3, 11: 3, 12: 3}
1:-26.0(-69.1~+38.1) | 2:+3.6(+2.9~+8.3) | 3:+13.4(-0.8~+13.4) | 4:-19.5(-32.6~+25.6) | 5:-39.4(-39.4~+28.6) | 6:+8.1(+8.1~+8.1) | 7:+150.1(+41.6~+150.1) | 8:+3.2(+3.2~+12.5) | 9:+28.7(+27.7~+28.7) | 10:+53.9(+18.6~+54.1) | 11:+42.9(+21.4~+42.9) | 12:+6.8(+6.8~+6.8)  miss={1: 3, 2: 3, 3: 2, 4: 2, 5: 114, 6: 1, 7: 2, 8: 2, 9: 3, 10: 3, 11: 3, 12: 3}
1:-46.5(-69.1~+38.1) | 2:+3.6(+2.9~+8.3) | 3:+13.4(-0.8~+13.4) | 4:-19.5(-32.6~+25.6) | 5:-39.4(-39.4~+28.6) | 6:+8.1(+8.1~+8.1) | 7:+150.1(+41.6~+150.1) | 8:+3.2(+3.2~+12.5) | 9:+28.7(+27.7~+28.7) | 10:+53.9(+18.6~+54.1) | 11:+42.9(+21.4~+42.9) | 12:+6.8(+6.8~+6.8)  miss={1: 3, 2: 3, 3: 2, 4: 2, 5: 160, 6: 1, 7: 2, 8: 2, 9: 3, 10: 3, 11: 3, 12: 3}
1:-64.8(-69.1~+38.1) | 2:+3.6(+2.9~+8.3) | 3:+13.4(-0.8~+13.4) | 4:-25.4(-32.6~+25.6) | 5:-21.5(-39.4~+28.6) | 6:+8.1(+8.1~+8.1) | 7:+148.8(+41.6~+150.1) | 8:+3.3(+3.2~+12.5) | 9:+28.7(+27.7~+28.7) | 10:+53.9(+18.6~+54.1) | 11:+42.9(+21.4~+42.9) | 12:+6.8(+6.8~+6.8)  miss={1: 3, 2: 3, 3: 2, 4: 2, 5: 182, 6: 1, 7: 2, 8: 2, 9: 3, 10: 3, 11: 3, 12: 3}
1:-71.0(-71.0~+38.1) | 2:+3.6(+2.9~+8.3) | 3:+13.4(-0.8~+13.4) | 4:-25.1(-32.6~+25.6) | 5:-21.5(-39.4~+28.6) | 6:+8.1(+8.1~+8.1) | 7:+148.4(+41.6~+150.1) | 8:+3.3(+3.2~+12.5) | 9:+28.7(+27.7~+28.7) | 10:+53.9(+18.6~+54.1) | 11:+42.9(+21.4~+42.9) | 12:+6.8(+6.8~+6.8)  miss={1: 3, 2: 3, 3: 2, 4: 2, 5: 182, 6: 1, 7: 2, 8: 2, 9: 3, 10: 3, 11: 3, 12: 3}
1:-75.5(-75.5~+38.1) | 2:+3.6(+2.9~+8.3) | 3:+13.4(-0.8~+13.4) | 4:-25.1(-32.6~+25.6) | 5:-21.5(-39.4~+28.6) | 6:+8.1(+8.1~+8.1) | 7:+147.2(+41.6~+150.1) | 8:+3.9(+3.2~+12.5) | 9:+28.7(+27.7~+28.7) | 10:+53.9(+18.6~+54.1) | 11:+42.9(+21.4~+42.9) | 12:+6.8(+6.8~+6.8)  miss={1: 3, 2: 3, 3: 2, 4: 2, 5: 182, 6: 1, 7: 2, 8: 2, 9: 3, 10: 3, 11: 3, 12: 3}
1:-81.6(-81.6~+38.1) | 2:+4.1(+2.9~+8.3) | 3:+13.4(-0.8~+13.4) | 4:-25.1(-32.6~+25.6) | 5:-21.4(-39.4~+28.6) | 6:+8.1(+8.1~+8.1) | 7:+147.1(+41.6~+150.1) | 8:+5.0(+3.2~+12.5) | 9:+28.7(+27.7~+28.7) | 10:+53.9(+18.6~+54.1) | 11:+42.9(+21.4~+42.9) | 12:+6.8(+6.8~+6.8)  miss={1: 3, 2: 3, 3: 2, 4: 2, 5: 182, 6: 1, 7: 2, 8: 2, 9: 3, 10: 3, 11: 3, 12: 3}
1:-89.9(-89.9~+38.1) | 2:+4.2(+2.9~+8.3) | 3:+13.4(-0.8~+13.4) | 4:-25.1(-32.6~+25.6) | 5:-21.4(-39.4~+28.6) | 6:+8.1(+8.1~+8.1) | 7:+146.8(+41.6~+150.1) | 8:+5.0(+3.2~+12.5) | 9:+28.7(+27.7~+28.7) | 10:+53.9(+18.6~+54.1) | 11:+42.9(+21.4~+42.9) | 12:+6.8(+6.8~+6.8)  miss={1: 3, 2: 3, 3: 2, 4: 2, 5: 182, 6: 1, 7: 2, 8: 2, 9: 3, 10: 3, 11: 3, 12: 3}
1:-94.9(-94.9~+38.1) | 2:+3.2(+2.9~+8.3) | 3:+13.4(-0.8~+13.4) | 4:-25.1(-32.6~+25.6) | 5:-21.5(-39.4~+28.6) | 6:+8.1(+8.1~+8.1) | 7:+146.8(+41.6~+150.1) | 8:+5.0(+3.2~+12.5) | 9:+28.7(+27.7~+28.7) | 10:+53.9(+18.6~+54.1) | 11:+42.9(+21.4~+42.9) | 12:+6.8(+6.8~+6.8)  miss={1: 3, 2: 3, 3: 2, 4: 2, 5: 182, 6: 1, 7: 2, 8: 2, 9: 3, 10: 3, 11: 3, 12: 3}
1:-101.3(-101.3~+38.1) | 2:+3.2(+2.9~+8.3) | 3:+13.4(-0.8~+13.4) | 4:-23.0(-32.6~+25.6) | 5:-21.5(-39.4~+28.6) | 6:+8.1(+8.1~+8.1) | 7:+146.8(+41.6~+150.1) | 8:+5.0(+3.2~+12.5) | 9:+28.7(+27.7~+28.7) | 10:+53.9(+18.6~+54.1) | 11:+42.9(+21.4~+42.9) | 12:+6.8(+6.8~+6.8)  miss={1: 3, 2: 3, 3: 2, 4: 2, 5: 182, 6: 1, 7: 2, 8: 2, 9: 3, 10: 3, 11: 3, 12: 3}
1:-109.5(-109.5~+38.1) | 2:+3.2(+2.9~+8.3) | 3:+8.0(-0.8~+13.4) | 4:-30.8(-32.6~+25.6) | 5:-21.5(-39.4~+28.6) | 6:+8.1(+8.1~+8.1) | 7:+146.8(+41.6~+150.1) | 8:+5.0(+3.2~+12.5) | 9:+28.7(+27.7~+28.7) | 10:+53.9(+18.6~+54.1) | 11:+42.9(+21.4~+42.9) | 12:+6.8(+6.8~+6.8)  miss={1: 3, 2: 3, 3: 2, 4: 2, 5: 182, 6: 1, 7: 2, 8: 2, 9: 3, 10: 3, 11: 3, 12: 3}
1:-114.8(-114.8~+38.1) | 2:+3.0(+2.9~+8.3) | 3:+8.0(-0.8~+13.4) | 4:-35.5(-35.6~+25.6) | 5:-26.0(-39.4~+28.6) | 6:+8.1(+8.1~+8.1) | 7:+146.8(+41.6~+150.1) | 8:+5.0(+3.2~+12.5) | 9:+28.7(+27.7~+28.7) | 10:+53.9(+18.6~+54.1) | 11:+42.9(+21.4~+42.9) | 12:+6.8(+6.8~+6.8)  miss={1: 3, 2: 3, 3: 2, 4: 2, 5: 182, 6: 1, 7: 2, 8: 2, 9: 3, 10: 3, 11: 3, 12: 3}
1:-115.9(-115.9~+38.1) | 2:+3.0(+2.9~+8.3) | 3:+7.9(-0.8~+13.4) | 4:-35.4(-35.6~+25.6) | 5:-19.7(-39.4~+28.6) | 6:+8.1(+8.1~+8.1) | 7:+146.8(+41.6~+150.1) | 8:+5.0(+3.2~+12.5) | 9:+28.7(+27.7~+28.7) | 10:+53.9(+18.6~+54.1) | 11:+42.9(+21.4~+42.9) | 12:+6.8(+6.8~+6.8)  miss={1: 3, 2: 3, 3: 2, 4: 2, 5: 182, 6: 1, 7: 2, 8: 2, 9: 3, 10: 3, 11: 3, 12: 3}
1:-106.7(-116.1~+38.1) | 2:+3.0(+2.9~+8.3) | 3:+8.0(-0.8~+13.4) | 4:-35.4(-35.6~+25.6) | 5:-19.7(-39.4~+28.6) | 6:+8.1(+8.1~+8.1) | 7:+146.8(+41.6~+150.1) | 8:+5.0(+3.2~+12.5) | 9:+28.7(+27.7~+28.7) | 10:+53.9(+18.6~+54.1) | 11:+42.9(+21.4~+42.9) | 12:+6.8(+6.8~+6.8)  miss={1: 3, 2: 3, 3: 2, 4: 2, 5: 182, 6: 1, 7: 2, 8: 2, 9: 3, 10: 3, 11: 3, 12: 3}
1:-89.1(-116.1~+38.1) | 2:+3.0(+2.9~+8.3) | 3:+8.0(-0.8~+13.4) | 4:-35.4(-35.6~+25.6) | 5:-19.7(-39.4~+28.6) | 6:+8.1(+8.1~+8.1) | 7:+146.8(+41.6~+150.1) | 8:+5.0(+3.2~+12.5) | 9:+28.7(+27.7~+28.7) | 10:+53.9(+18.6~+54.1) | 11:+42.9(+21.4~+42.9) | 12:+6.8(+6.8~+6.8)  miss={1: 3, 2: 3, 3: 2, 4: 2, 5: 182, 6: 1, 7: 2, 8: 2, 9: 3, 10: 3, 11: 3, 12: 3}
1:-82.1(-116.1~+38.1) | 2:+3.1(+2.9~+8.3) | 3:+8.0(-0.8~+13.4) | 4:-35.4(-35.6~+25.6) | 5:-19.7(-39.4~+28.6) | 6:+8.1(+8.1~+8.1) | 7:+146.8(+41.6~+150.1) | 8:+5.0(+3.2~+12.5) | 9:+28.7(+27.7~+28.7) | 10:+53.9(+18.6~+54.1) | 11:+42.9(+21.4~+42.9) | 12:+6.8(+6.8~+6.8)  miss={1: 6, 2: 7, 3: 6, 4: 6, 5: 186, 6: 5, 7: 6, 8: 6, 9: 7, 10: 7, 11: 7, 12: 7}
1:-82.1(-116.1~+38.1) | 2:+3.1(+2.9~+8.3) | 3:+8.0(-0.8~+13.4) | 4:-35.4(-35.6~+25.6) | 5:-19.7(-39.4~+28.6) | 6:+8.1(+8.1~+8.1) | 7:+146.8(+41.6~+150.1) | 8:+5.0(+3.2~+12.5) | 9:+28.7(+27.7~+28.7) | 10:+53.9(+18.6~+54.1) | 11:+42.9(+21.4~+42.9) | 12:+6.8(+6.8~+6.8)  miss={1: 14, 2: 15, 3: 14, 4: 14, 5: 194, 6: 13, 7: 14, 8: 14, 9: 15, 10: 15, 11: 15, 12: 15}
1:-82.1(-116.1~+38.1) | 2:+3.1(+2.9~+8.3) | 3:+8.0(-0.8~+13.4) | 4:-35.4(-35.6~+25.6) | 5:-19.7(-39.4~+28.6) | 6:+8.1(+8.1~+8.1) | 7:+146.8(+41.6~+150.1) | 8:+5.0(+3.2~+12.5) | 9:+28.7(+27.7~+28.7) | 10:+53.9(+18.6~+54.1) | 11:+42.9(+21.4~+42.9) | 12:+6.8(+6.8~+6.8)  miss={1: 22, 2: 23, 3: 22, 4: 22, 5: 202, 6: 21, 7: 22, 8: 22, 9: 23, 10: 23, 11: 23, 12: 23}
Traceback (most recent call last):
  File "/home/mama/rl_calib/zero_torque_read.py", line 116, in main
    fb = poll_once(bus, m, timeout=0.01)
  File "/home/mama/rl_calib/zero_torque_read.py", line 63, in poll_once
    send(bus, mid, zero_cmd_frame())
  File "/home/mama/rl_calib/zero_torque_read.py", line 58, in send
    bus.send(can.Message(arbitration_id=mid, data=data, is_extended_id=False))
  File "/home/mama/.local/lib/python3.10/site-packages/can/interfaces/socketcan/socketcan.py", line 881, in send
    raise can.CanOperationError("Transmit buffer full")
can.exceptions.CanOperationError: Transmit buffer full

During handling of the above exception, another exception occurred:

Traceback (most recent call last):
  File "/home/mama/rl_calib/zero_torque_read.py", line 164, in <module>
    raise SystemExit(main())
  File "/home/mama/rl_calib/zero_torque_read.py", line 141, in main
    send(bus, m, EXIT_MIT)
  File "/home/mama/rl_calib/zero_torque_read.py", line 58, in send
    bus.send(can.Message(arbitration_id=mid, data=data, is_extended_id=False))
  File "/home/mama/.local/lib/python3.10/site-packages/can/interfaces/socketcan/socketcan.py", line 881, in send
    raise can.CanOperationError("Transmit buffer full")
can.exceptions.CanOperationError: Transmit buffer full
SocketcanBus was not properly shut down
