[sweep] 모터 [1, 2, 3, 4, 5, 6, 7, 8, 9, 10, 11, 12] 0토크 폴링 시작 (Ctrl+C로 종료·저장)
  miss={1: 8, 2: 8, 3: 8, 4: 8, 5: 8, 6: 8, 7: 8, 8: 8, 9: 8, 10: 8, 11: 8, 12: 8}
  miss={1: 16, 2: 16, 3: 16, 4: 16, 5: 16, 6: 16, 7: 16, 8: 16, 9: 16, 10: 16, 11: 16, 12: 16}
  miss={1: 113, 2: 113, 3: 113, 4: 113, 5: 113, 6: 113, 7: 113, 8: 113, 9: 113, 10: 113, 11: 113, 12: 113}
  miss={1: 297, 2: 297, 3: 297, 4: 297, 5: 297, 6: 297, 7: 297, 8: 297, 9: 297, 10: 297, 11: 297, 12: 297}
  miss={1: 483, 2: 483, 3: 483, 4: 483, 5: 483, 6: 483, 7: 483, 8: 483, 9: 483, 10: 483, 11: 483, 12: 483}
  miss={1: 669, 2: 669, 3: 669, 4: 669, 5: 669, 6: 669, 7: 669, 8: 669, 9: 669, 10: 669, 11: 669, 12: 669}
  miss={1: 854, 2: 854, 3: 854, 4: 854, 5: 854, 6: 854, 7: 854, 8: 854, 9: 854, 10: 854, 11: 854, 12: 854}
  miss={1: 1040, 2: 1040, 3: 1040, 4: 1040, 5: 1040, 6: 1040, 7: 1040, 8: 1040, 9: 1040, 10: 1040, 11: 1040, 12: 1040}
  miss={1: 1225, 2: 1225, 3: 1225, 4: 1225, 5: 1225, 6: 1225, 7: 1225, 8: 1225, 9: 1225, 10: 1225, 11: 1225, 12: 1225}
  miss={1: 1410, 2: 1410, 3: 1410, 4: 1410, 5: 1410, 6: 1410, 7: 1410, 8: 1410, 9: 1410, 10: 1410, 11: 1410, 12: 1410}
  miss={1: 1595, 2: 1595, 3: 1595, 4: 1595, 5: 1595, 6: 1595, 7: 1595, 8: 1595, 9: 1595, 10: 1595, 11: 1595, 12: 1595}
  miss={1: 1780, 2: 1780, 3: 1780, 4: 1780, 5: 1780, 6: 1780, 7: 1780, 8: 1780, 9: 1780, 10: 1780, 11: 1780, 12: 1780}
  miss={1: 1965, 2: 1965, 3: 1965, 4: 1965, 5: 1965, 6: 1965, 7: 1965, 8: 1965, 9: 1965, 10: 1965, 11: 1965, 12: 1965}
  miss={1: 2151, 2: 2151, 3: 2151, 4: 2151, 5: 2151, 6: 2151, 7: 2151, 8: 2151, 9: 2151, 10: 2151, 11: 2151, 12: 2151}
  miss={1: 2336, 2: 2336, 3: 2336, 4: 2336, 5: 2336, 6: 2336, 7: 2336, 8: 2336, 9: 2336, 10: 2336, 11: 2336, 12: 2336}
  miss={1: 2521, 2: 2521, 3: 2521, 4: 2521, 5: 2521, 6: 2521, 7: 2521, 8: 2521, 9: 2521, 10: 2521, 11: 2521, 12: 2521}
  miss={1: 2706, 2: 2706, 3: 2706, 4: 2706, 5: 2706, 6: 2706, 7: 2706, 8: 2706, 9: 2706, 10: 2706, 11: 2706, 12: 2706}
  miss={1: 2891, 2: 2891, 3: 2891, 4: 2891, 5: 2891, 6: 2891, 7: 2891, 8: 2891, 9: 2891, 10: 2891, 11: 2891, 12: 2891}
  miss={1: 3077, 2: 3077, 3: 3077, 4: 3077, 5: 3077, 6: 3077, 7: 3077, 8: 3077, 9: 3077, 10: 3077, 11: 3077, 12: 3077}
  miss={1: 3263, 2: 3263, 3: 3263, 4: 3263, 5: 3263, 6: 3263, 7: 3263, 8: 3263, 9: 3263, 10: 3263, 11: 3263, 12: 3263}
  miss={1: 3449, 2: 3449, 3: 3449, 4: 3449, 5: 3449, 6: 3449, 7: 3449, 8: 3449, 9: 3449, 10: 3449, 11: 3449, 12: 3449}
  miss={1: 3635, 2: 3635, 3: 3635, 4: 3635, 5: 3635, 6: 3635, 7: 3635, 8: 3635, 9: 3635, 10: 3635, 11: 3635, 12: 3635}
  miss={1: 3821, 2: 3821, 3: 3821, 4: 3821, 5: 3821, 6: 3821, 7: 3821, 8: 3821, 9: 3821, 10: 3821, 11: 3821, 12: 3821}
  miss={1: 4007, 2: 4007, 3: 4007, 4: 4007, 5: 4007, 6: 4007, 7: 4007, 8: 4007, 9: 4007, 10: 4007, 11: 4007, 12: 4007}
  miss={1: 4193, 2: 4193, 3: 4193, 4: 4193, 5: 4193, 6: 4193, 7: 4193, 8: 4193, 9: 4193, 10: 4193, 11: 4193, 12: 4193}
  miss={1: 4379, 2: 4379, 3: 4379, 4: 4379, 5: 4379, 6: 4379, 7: 4379, 8: 4379, 9: 4379, 10: 4379, 11: 4379, 12: 4379}
  miss={1: 4565, 2: 4565, 3: 4565, 4: 4565, 5: 4565, 6: 4565, 7: 4565, 8: 4565, 9: 4565, 10: 4565, 11: 4565, 12: 4565}
  miss={1: 4751, 2: 4751, 3: 4751, 4: 4751, 5: 4751, 6: 4751, 7: 4751, 8: 4751, 9: 4751, 10: 4751, 11: 4751, 12: 4751}
  miss={1: 4937, 2: 4937, 3: 4937, 4: 4937, 5: 4937, 6: 4937, 7: 4937, 8: 4937, 9: 4937, 10: 4937, 11: 4937, 12: 4937}
  miss={1: 5123, 2: 5123, 3: 5123, 4: 5123, 5: 5123, 6: 5123, 7: 5123, 8: 5123, 9: 5123, 10: 5123, 11: 5123, 12: 5123}
  miss={1: 5309, 2: 5309, 3: 5309, 4: 5309, 5: 5309, 6: 5309, 7: 5309, 8: 5309, 9: 5309, 10: 5309, 11: 5309, 12: 5309}
  miss={1: 5494, 2: 5494, 3: 5494, 4: 5494, 5: 5494, 6: 5494, 7: 5494, 8: 5494, 9: 5494, 10: 5494, 11: 5494, 12: 5494}
  miss={1: 5680, 2: 5680, 3: 5680, 4: 5680, 5: 5680, 6: 5680, 7: 5680, 8: 5680, 9: 5680, 10: 5680, 11: 5680, 12: 5680}
  miss={1: 5866, 2: 5866, 3: 5866, 4: 5866, 5: 5866, 6: 5866, 7: 5866, 8: 5866, 9: 5866, 10: 5866, 11: 5866, 12: 5866}
  miss={1: 6051, 2: 6051, 3: 6051, 4: 6051, 5: 6051, 6: 6051, 7: 6051, 8: 6051, 9: 6051, 10: 6051, 11: 6051, 12: 6051}
  miss={1: 6237, 2: 6237, 3: 6237, 4: 6237, 5: 6237, 6: 6237, 7: 6237, 8: 6237, 9: 6237, 10: 6237, 11: 6237, 12: 6237}
  miss={1: 6422, 2: 6422, 3: 6422, 4: 6422, 5: 6422, 6: 6422, 7: 6422, 8: 6422, 9: 6422, 10: 6422, 11: 6422, 12: 6422}
  miss={1: 6608, 2: 6608, 3: 6608, 4: 6608, 5: 6608, 6: 6608, 7: 6608, 8: 6608, 9: 6608, 10: 6608, 11: 6608, 12: 6608}
  miss={1: 6794, 2: 6794, 3: 6794, 4: 6794, 5: 6794, 6: 6794, 7: 6794, 8: 6794, 9: 6794, 10: 6794, 11: 6794, 12: 6794}
  miss={1: 6980, 2: 6980, 3: 6980, 4: 6980, 5: 6980, 6: 6980, 7: 6980, 8: 6980, 9: 6980, 10: 6980, 11: 6980, 12: 6980}
  miss={1: 7166, 2: 7166, 3: 7166, 4: 7166, 5: 7166, 6: 7166, 7: 7166, 8: 7166, 9: 7166, 10: 7166, 11: 7166, 12: 7166}
  miss={1: 7351, 2: 7351, 3: 7351, 4: 7351, 5: 7351, 6: 7351, 7: 7351, 8: 7351, 9: 7351, 10: 7351, 11: 7351, 12: 7351}
  miss={1: 7537, 2: 7537, 3: 7537, 4: 7537, 5: 7537, 6: 7537, 7: 7537, 8: 7537, 9: 7537, 10: 7537, 11: 7537, 12: 7537}
  miss={1: 7723, 2: 7723, 3: 7723, 4: 7723, 5: 7723, 6: 7723, 7: 7723, 8: 7723, 9: 7723, 10: 7723, 11: 7723, 12: 7723}
  miss={1: 7909, 2: 7909, 3: 7909, 4: 7909, 5: 7909, 6: 7909, 7: 7909, 8: 7909, 9: 7909, 10: 7909, 11: 7909, 12: 7909}
  miss={1: 8095, 2: 8095, 3: 8095, 4: 8095, 5: 8095, 6: 8095, 7: 8095, 8: 8095, 9: 8095, 10: 8095, 11: 8095, 12: 8095}
  miss={1: 8281, 2: 8281, 3: 8281, 4: 8281, 5: 8281, 6: 8281, 7: 8281, 8: 8281, 9: 8281, 10: 8281, 11: 8281, 12: 8281}
  miss={1: 8330, 2: 8330, 3: 8330, 4: 8330, 5: 8330, 6: 8330, 7: 8330, 8: 8330, 9: 8330, 10: 8330, 11: 8330, 12: 8330}
1:+44.4(+44.4~+44.4) | 2:+10.2(+10.2~+10.2) | 3:+4.9(-0.0~+4.9) | 4:+32.6(+32.6~+32.6) | 5:+19.0(+18.9~+19.0) | 6:+13.9(+13.9~+13.9) | 7:+38.3(+38.3~+38.3) | 8:+17.9(+17.9~+17.9) | 9:+0.8(+0.8~+0.8) | 10:+14.3(+14.3~+14.3) | 11:+26.8(+26.8~+26.8) | 12:+6.7(+6.7~+6.7)  miss={1: 8331, 2: 8331, 3: 8330, 4: 8330, 5: 8331, 6: 8330, 7: 8330, 8: 8330, 9: 8330, 10: 8330, 11: 8330, 12: 8330}
1:+44.4(+44.3~+44.4) | 2:+10.2(+10.2~+10.2) | 3:+4.9(-0.0~+4.9) | 4:+32.6(+32.6~+32.6) | 5:+18.9(+18.9~+19.0) | 6:+13.9(+13.9~+13.9) | 7:+38.3(+38.3~+38.3) | 8:+17.9(+17.9~+17.9) | 9:+0.8(+0.8~+0.8) | 10:+14.3(+14.3~+14.3) | 11:+26.8(+26.8~+26.8) | 12:+6.7(+6.7~+6.7)  miss={1: 8331, 2: 8331, 3: 8330, 4: 8330, 5: 8331, 6: 8330, 7: 8330, 8: 8330, 9: 8330, 10: 8330, 11: 8330, 12: 8330}
1:+44.4(+44.3~+44.4) | 2:+10.2(+10.2~+10.2) | 3:+4.9(-0.0~+4.9) | 4:+32.6(+32.6~+32.6) | 5:+18.9(+18.9~+19.0) | 6:+13.9(+13.9~+13.9) | 7:+38.3(+38.3~+38.3) | 8:+17.9(+17.9~+17.9) | 9:+0.8(+0.8~+0.8) | 10:+14.3(+14.3~+14.3) | 11:+26.8(+26.8~+26.8) | 12:+6.7(+6.7~+6.7)  miss={1: 8331, 2: 8331, 3: 8330, 4: 8330, 5: 8331, 6: 8330, 7: 8330, 8: 8330, 9: 8330, 10: 8330, 11: 8330, 12: 8330}
1:+44.4(+44.3~+44.4) | 2:+10.2(+10.2~+10.2) | 3:+4.9(-0.0~+4.9) | 4:+32.6(+32.6~+32.6) | 5:+18.9(+18.9~+19.0) | 6:+13.9(+13.9~+13.9) | 7:+38.3(+38.3~+38.3) | 8:+17.9(+17.9~+17.9) | 9:+0.8(+0.8~+0.8) | 10:+14.3(+14.3~+14.3) | 11:+26.8(+26.8~+26.8) | 12:+6.7(+6.7~+6.7)  miss={1: 8331, 2: 8331, 3: 8330, 4: 8330, 5: 8331, 6: 8330, 7: 8330, 8: 8330, 9: 8330, 10: 8330, 11: 8330, 12: 8330}
1:+44.4(+44.3~+44.4) | 2:+10.2(+10.2~+10.2) | 3:+4.9(-0.0~+4.9) | 4:+32.6(+32.6~+32.6) | 5:+19.0(+18.9~+19.0) | 6:+13.9(+13.9~+13.9) | 7:+38.3(+38.3~+38.3) | 8:+17.9(+17.9~+17.9) | 9:+0.8(+0.8~+0.8) | 10:+14.3(+14.3~+14.3) | 11:+26.8(+26.8~+26.8) | 12:+6.7(+6.7~+6.7)  miss={1: 8331, 2: 8331, 3: 8330, 4: 8330, 5: 8331, 6: 8330, 7: 8330, 8: 8330, 9: 8330, 10: 8330, 11: 8330, 12: 8330}
1:+44.4(+44.3~+44.4) | 2:+10.2(+10.2~+10.2) | 3:+4.9(-0.0~+4.9) | 4:+32.6(+32.6~+32.6) | 5:+19.0(+18.9~+19.0) | 6:+13.9(+13.9~+13.9) | 7:+38.3(+38.3~+38.3) | 8:+17.9(+17.9~+17.9) | 9:+0.8(+0.8~+0.8) | 10:+14.3(+14.3~+14.3) | 11:+26.8(+26.8~+26.8) | 12:+6.7(+6.7~+6.7)  miss={1: 8331, 2: 8331, 3: 8330, 4: 8330, 5: 8331, 6: 8330, 7: 8330, 8: 8330, 9: 8330, 10: 8330, 11: 8330, 12: 8330}
1:+44.4(+44.3~+44.4) | 2:+10.2(+10.2~+10.2) | 3:+4.9(-0.0~+4.9) | 4:+32.6(+32.6~+32.6) | 5:+18.9(+18.9~+19.0) | 6:+13.9(+13.9~+13.9) | 7:+38.3(+38.3~+38.3) | 8:+17.9(+17.9~+17.9) | 9:+0.8(+0.8~+0.8) | 10:+14.3(+14.3~+14.3) | 11:+26.8(+26.8~+26.8) | 12:+6.7(+6.7~+6.7)  miss={1: 8331, 2: 8331, 3: 8330, 4: 8330, 5: 8331, 6: 8330, 7: 8330, 8: 8330, 9: 8330, 10: 8330, 11: 8330, 12: 8330}
1:+44.4(+44.3~+44.4) | 2:+10.2(+10.2~+10.2) | 3:+4.9(-0.0~+4.9) | 4:+32.6(+32.6~+32.6) | 5:+19.0(+18.9~+19.0) | 6:+13.9(+13.9~+13.9) | 7:+38.3(+38.3~+38.3) | 8:+17.9(+17.9~+17.9) | 9:+0.8(+0.8~+0.8) | 10:+14.3(+14.3~+14.3) | 11:+26.8(+26.8~+26.8) | 12:+6.7(+6.7~+6.7)  miss={1: 8331, 2: 8331, 3: 8330, 4: 8330, 5: 8331, 6: 8330, 7: 8330, 8: 8330, 9: 8330, 10: 8330, 11: 8330, 12: 8330}
1:+44.4(+44.3~+44.4) | 2:+10.2(+10.2~+10.2) | 3:+4.9(-0.0~+4.9) | 4:+32.6(+32.6~+32.6) | 5:+19.0(+18.9~+19.0) | 6:+13.9(+13.9~+13.9) | 7:+38.3(+38.3~+38.3) | 8:+17.9(+17.9~+17.9) | 9:+0.8(+0.8~+0.8) | 10:+14.3(+14.3~+14.3) | 11:+26.8(+26.8~+26.8) | 12:+6.7(+6.7~+6.7)  miss={1: 8331, 2: 8331, 3: 8330, 4: 8330, 5: 8331, 6: 8330, 7: 8330, 8: 8330, 9: 8330, 10: 8330, 11: 8330, 12: 8330}
1:+44.4(+44.3~+44.4) | 2:+10.2(+10.2~+10.2) | 3:+4.9(-0.0~+4.9) | 4:+32.6(+32.6~+32.6) | 5:+18.9(+18.9~+19.0) | 6:+13.9(+13.9~+13.9) | 7:+38.3(+38.3~+38.3) | 8:+17.9(+17.9~+17.9) | 9:+0.8(+0.8~+0.8) | 10:+14.3(+14.3~+14.3) | 11:+26.8(+26.8~+26.8) | 12:+6.7(+6.7~+6.7)  miss={1: 8331, 2: 8331, 3: 8330, 4: 8330, 5: 8331, 6: 8330, 7: 8330, 8: 8330, 9: 8330, 10: 8330, 11: 8330, 12: 8330}
1:+44.4(+44.3~+44.4) | 2:+10.2(+10.2~+10.2) | 3:+4.9(-0.0~+4.9) | 4:+32.6(+32.6~+32.6) | 5:+19.0(+18.9~+19.0) | 6:+13.9(+13.9~+13.9) | 7:+38.3(+38.3~+38.3) | 8:+17.9(+17.9~+17.9) | 9:+0.8(+0.8~+0.8) | 10:+14.3(+14.3~+14.3) | 11:+26.8(+26.8~+26.8) | 12:+6.7(+6.7~+6.7)  miss={1: 8331, 2: 8331, 3: 8330, 4: 8330, 5: 8331, 6: 8330, 7: 8330, 8: 8330, 9: 8330, 10: 8330, 11: 8330, 12: 8330}
1:+44.4(+44.3~+44.4) | 2:+10.2(+10.2~+10.2) | 3:+4.9(-0.0~+4.9) | 4:+32.6(+32.6~+32.6) | 5:+18.9(+18.9~+19.0) | 6:+13.9(+13.9~+13.9) | 7:+38.3(+38.3~+38.3) | 8:+17.9(+17.9~+17.9) | 9:+0.8(+0.8~+0.8) | 10:+14.3(+14.3~+14.3) | 11:+26.8(+26.8~+26.8) | 12:+6.7(+6.7~+6.7)  miss={1: 8331, 2: 8331, 3: 8330, 4: 8330, 5: 8331, 6: 8330, 7: 8330, 8: 8330, 9: 8330, 10: 8330, 11: 8330, 12: 8330}
1:+44.4(+44.3~+44.4) | 2:+10.2(+10.2~+10.2) | 3:+4.9(-0.0~+4.9) | 4:+32.6(+32.6~+32.6) | 5:+18.9(+18.9~+19.0) | 6:+13.9(+13.9~+13.9) | 7:+38.3(+38.3~+38.3) | 8:+17.9(+17.9~+17.9) | 9:+0.8(+0.8~+0.8) | 10:+14.3(+14.3~+14.3) | 11:+26.8(+26.8~+26.8) | 12:+6.7(+6.7~+6.7)  miss={1: 8331, 2: 8331, 3: 8330, 4: 8330, 5: 8331, 6: 8330, 7: 8330, 8: 8330, 9: 8330, 10: 8330, 11: 8330, 12: 8330}
1:+44.4(+44.3~+44.4) | 2:+10.2(+10.2~+10.2) | 3:+4.9(-0.0~+4.9) | 4:+32.6(+32.6~+32.6) | 5:+18.9(+18.9~+19.0) | 6:+13.9(+13.9~+13.9) | 7:+38.3(+38.3~+38.3) | 8:+17.9(+17.9~+17.9) | 9:+0.8(+0.8~+0.8) | 10:+14.3(+14.3~+14.3) | 11:+26.8(+26.8~+26.8) | 12:+6.7(+6.7~+6.7)  miss={1: 8331, 2: 8331, 3: 8330, 4: 8330, 5: 8331, 6: 8330, 7: 8330, 8: 8330, 9: 8330, 10: 8330, 11: 8330, 12: 8330}
1:+44.4(+44.3~+44.4) | 2:+10.2(+10.2~+10.2) | 3:+4.9(-0.0~+4.9) | 4:+32.6(+32.6~+32.6) | 5:+18.9(+18.9~+19.0) | 6:+13.9(+13.9~+13.9) | 7:+38.3(+38.3~+38.3) | 8:+17.9(+17.9~+17.9) | 9:+0.8(+0.8~+0.8) | 10:+14.3(+14.3~+14.3) | 11:+26.8(+26.8~+26.8) | 12:+6.7(+6.7~+6.7)  miss={1: 8331, 2: 8331, 3: 8330, 4: 8330, 5: 8331, 6: 8368, 7: 8330, 8: 8330, 9: 8330, 10: 8330, 11: 8330, 12: 8330}
1:+44.4(+44.3~+44.4) | 2:+10.2(+10.2~+10.2) | 3:+4.9(-0.0~+4.9) | 4:+32.6(+32.6~+32.6) | 5:+18.9(+18.9~+19.0) | 6:+13.9(+13.9~+13.9) | 7:+38.3(+38.3~+38.3) | 8:+17.9(+17.9~+17.9) | 9:+0.8(+0.8~+0.8) | 10:+14.3(+14.3~+14.3) | 11:+26.8(+26.8~+26.8) | 12:+6.7(+6.7~+6.7)  miss={1: 8331, 2: 8331, 3: 8331, 4: 8330, 5: 8331, 6: 8412, 7: 8330, 8: 8331, 9: 8330, 10: 8331, 11: 8330, 12: 8330}
1:+44.4(+44.3~+44.4) | 2:+10.2(+10.2~+10.2) | 3:+4.9(-0.0~+4.9) | 4:+32.6(+32.6~+32.6) | 5:+18.9(+18.9~+19.0) | 6:+3.9(-0.0~+13.9) | 7:+38.3(+38.3~+38.3) | 8:+17.9(+17.9~+17.9) | 9:+0.8(+0.8~+0.8) | 10:+14.3(+14.3~+14.3) | 11:+26.8(+26.8~+26.8) | 12:+6.7(+6.7~+6.7)  miss={1: 8331, 2: 8331, 3: 8331, 4: 8330, 5: 8331, 6: 8444, 7: 8330, 8: 8331, 9: 8330, 10: 8331, 11: 8330, 12: 8330}
1:+44.4(+44.3~+44.4) | 2:+10.2(+10.2~+10.2) | 3:+4.9(-0.0~+4.9) | 4:+32.6(+32.6~+32.6) | 5:+18.9(+18.9~+19.0) | 6:+3.9(-0.0~+13.9) | 7:+38.3(+38.3~+38.3) | 8:+17.9(+17.9~+17.9) | 9:+0.8(+0.8~+0.8) | 10:+14.3(+14.3~+14.3) | 11:+26.8(+26.8~+26.8) | 12:+6.7(+6.7~+6.7)  miss={1: 8331, 2: 8331, 3: 8331, 4: 8330, 5: 8331, 6: 8444, 7: 8330, 8: 8331, 9: 8330, 10: 8331, 11: 8330, 12: 8330}
1:+44.4(+44.3~+44.4) | 2:+10.2(+10.2~+10.2) | 3:+4.9(-0.0~+4.9) | 4:+32.6(+32.6~+32.6) | 5:+18.9(+18.9~+19.0) | 6:+3.9(-0.0~+13.9) | 7:+38.3(+38.3~+38.3) | 8:+17.9(+17.9~+17.9) | 9:+0.8(+0.8~+0.8) | 10:+14.3(+14.3~+14.3) | 11:+26.8(+26.8~+26.8) | 12:+6.7(+6.7~+6.7)  miss={1: 8331, 2: 8331, 3: 8331, 4: 8330, 5: 8331, 6: 8444, 7: 8330, 8: 8331, 9: 8330, 10: 8331, 11: 8330, 12: 8330}
1:+44.4(+44.3~+44.4) | 2:+10.2(+10.2~+10.2) | 3:+4.9(-0.0~+4.9) | 4:+32.6(+32.6~+32.6) | 5:+19.0(+18.9~+19.0) | 6:+3.9(-0.0~+13.9) | 7:+38.3(+38.3~+38.3) | 8:+17.9(+17.9~+17.9) | 9:+0.8(+0.8~+0.8) | 10:+14.3(+14.3~+14.3) | 11:+26.8(+26.8~+26.8) | 12:+6.7(+6.7~+6.7)  miss={1: 8331, 2: 8331, 3: 8331, 4: 8330, 5: 8331, 6: 8444, 7: 8330, 8: 8331, 9: 8330, 10: 8331, 11: 8330, 12: 8330}
1:+44.4(+44.3~+44.4) | 2:+10.2(+10.2~+10.2) | 3:+4.9(-0.0~+4.9) | 4:+32.6(+32.6~+32.6) | 5:+19.0(+18.9~+19.0) | 6:+3.9(-0.0~+13.9) | 7:+38.3(+38.3~+38.3) | 8:+17.9(+17.9~+17.9) | 9:+0.8(+0.8~+0.8) | 10:+14.3(+14.3~+14.3) | 11:+26.8(+26.8~+26.8) | 12:+6.7(+6.7~+6.7)  miss={1: 8331, 2: 8331, 3: 8331, 4: 8330, 5: 8331, 6: 8444, 7: 8330, 8: 8331, 9: 8330, 10: 8331, 11: 8330, 12: 8330}
1:+44.4(+44.3~+44.4) | 2:+10.2(+10.2~+10.2) | 3:+4.9(-0.0~+4.9) | 4:+32.6(+32.6~+32.6) | 5:+19.0(+18.9~+19.0) | 6:+3.9(-0.0~+13.9) | 7:+38.3(+38.3~+38.3) | 8:+17.9(+17.9~+17.9) | 9:+0.8(+0.8~+0.8) | 10:+14.3(+14.3~+14.3) | 11:+26.8(+26.8~+26.8) | 12:+6.7(+6.7~+6.7)  miss={1: 8331, 2: 8331, 3: 8331, 4: 8330, 5: 8331, 6: 8444, 7: 8330, 8: 8331, 9: 8330, 10: 8331, 11: 8330, 12: 8330}
1:+44.4(+44.3~+44.4) | 2:+10.2(+10.2~+10.2) | 3:+4.9(-0.0~+4.9) | 4:+32.6(+32.6~+32.6) | 5:+19.0(+18.9~+19.0) | 6:+3.9(-0.0~+13.9) | 7:+38.3(+38.3~+38.3) | 8:+17.9(+17.9~+17.9) | 9:+0.8(+0.8~+0.8) | 10:+14.3(+14.3~+14.3) | 11:+26.8(+26.8~+26.8) | 12:+6.7(+6.7~+6.7)  miss={1: 8331, 2: 8331, 3: 8331, 4: 8330, 5: 8331, 6: 8444, 7: 8330, 8: 8331, 9: 8330, 10: 8331, 11: 8330, 12: 8330}
1:+44.4(+44.3~+44.4) | 2:+10.2(+10.2~+10.2) | 3:+4.9(-0.0~+4.9) | 4:+32.6(+32.6~+32.6) | 5:+18.9(+18.9~+19.0) | 6:+3.9(-0.0~+13.9) | 7:+38.3(+38.3~+38.3) | 8:+17.9(+17.9~+17.9) | 9:+0.8(+0.8~+0.8) | 10:+14.3(+14.3~+14.3) | 11:+26.8(+26.8~+26.8) | 12:+6.7(+6.7~+6.7)  miss={1: 8331, 2: 8331, 3: 8331, 4: 8330, 5: 8331, 6: 8444, 7: 8330, 8: 8331, 9: 8330, 10: 8331, 11: 8330, 12: 8330}
1:+44.4(+44.3~+44.4) | 2:+10.2(+10.2~+10.2) | 3:+4.9(-0.0~+4.9) | 4:+32.6(+32.6~+32.6) | 5:+18.9(+18.9~+19.0) | 6:+3.9(-0.0~+13.9) | 7:+38.3(+38.3~+38.3) | 8:+17.9(+17.9~+17.9) | 9:+0.8(+0.8~+0.8) | 10:+14.3(+14.3~+14.3) | 11:+26.8(+26.8~+26.8) | 12:+6.7(+6.7~+6.7)  miss={1: 8331, 2: 8331, 3: 8331, 4: 8330, 5: 8331, 6: 8444, 7: 8330, 8: 8331, 9: 8330, 10: 8331, 11: 8330, 12: 8330}
1:+44.4(+44.3~+44.4) | 2:+10.2(+10.2~+10.2) | 3:+4.9(-0.0~+4.9) | 4:+32.6(+32.6~+32.6) | 5:+18.9(+18.9~+19.0) | 6:+3.9(-0.0~+13.9) | 7:+38.3(+38.3~+38.3) | 8:+17.9(+17.9~+17.9) | 9:+0.8(+0.8~+0.8) | 10:+14.3(+14.3~+14.3) | 11:+26.8(+26.8~+26.8) | 12:+6.7(+6.7~+6.7)  miss={1: 8331, 2: 8331, 3: 8331, 4: 8330, 5: 8331, 6: 8444, 7: 8330, 8: 8331, 9: 8330, 10: 8331, 11: 8330, 12: 8330}
1:+44.4(+44.3~+44.4) | 2:+10.2(+10.2~+10.2) | 3:+4.9(-0.0~+4.9) | 4:+32.6(+32.6~+32.6) | 5:+18.9(+18.9~+19.0) | 6:+3.9(-0.0~+13.9) | 7:+38.3(+38.3~+38.3) | 8:+17.9(+17.9~+17.9) | 9:+0.8(+0.8~+0.8) | 10:+14.3(+14.3~+14.3) | 11:+26.8(+26.8~+26.8) | 12:+6.7(+6.7~+6.7)  miss={1: 8331, 2: 8331, 3: 8331, 4: 8330, 5: 8331, 6: 8444, 7: 8330, 8: 8331, 9: 8330, 10: 8331, 11: 8330, 12: 8330}
1:+44.4(+44.3~+44.4) | 2:+10.2(+10.2~+10.2) | 3:+4.9(-0.0~+4.9) | 4:+32.6(+32.6~+32.6) | 5:+19.0(+18.9~+19.0) | 6:+3.9(-0.0~+13.9) | 7:+38.3(+38.3~+38.3) | 8:+17.9(+17.9~+17.9) | 9:+0.8(+0.8~+0.8) | 10:+14.3(+14.3~+14.3) | 11:+26.8(+26.8~+26.8) | 12:+6.7(+6.7~+6.7)  miss={1: 8331, 2: 8331, 3: 8331, 4: 8330, 5: 8331, 6: 8444, 7: 8330, 8: 8331, 9: 8330, 10: 8331, 11: 8330, 12: 8330}
1:+44.4(+44.3~+44.4) | 2:+10.2(+10.2~+10.2) | 3:+4.9(-0.0~+4.9) | 4:+32.6(+32.6~+32.6) | 5:+18.9(+18.9~+19.0) | 6:+3.9(-0.0~+13.9) | 7:+38.3(+38.3~+38.3) | 8:+17.9(+17.9~+17.9) | 9:+0.8(+0.8~+0.8) | 10:+14.3(+14.3~+14.3) | 11:+26.8(+26.8~+26.8) | 12:+6.7(+6.7~+6.7)  miss={1: 8331, 2: 8331, 3: 8331, 4: 8330, 5: 8331, 6: 8444, 7: 8330, 8: 8331, 9: 8330, 10: 8331, 11: 8330, 12: 8330}
1:+44.4(+44.3~+44.4) | 2:+10.2(+10.2~+10.2) | 3:+4.9(-0.0~+4.9) | 4:+32.6(+32.6~+32.6) | 5:+19.0(+18.9~+19.0) | 6:+3.9(-0.0~+13.9) | 7:+38.3(+38.3~+38.3) | 8:+17.9(+17.9~+17.9) | 9:+0.8(+0.8~+0.8) | 10:+14.3(+14.3~+14.3) | 11:+26.8(+26.8~+26.8) | 12:+6.7(+6.7~+6.7)  miss={1: 8331, 2: 8331, 3: 8331, 4: 8330, 5: 8331, 6: 8444, 7: 8330, 8: 8331, 9: 8330, 10: 8331, 11: 8330, 12: 8330}
1:+44.4(+44.3~+44.4) | 2:+10.2(+10.2~+10.2) | 3:+4.9(-0.0~+4.9) | 4:+32.6(+32.6~+32.6) | 5:+19.0(+18.9~+19.0) | 6:+3.9(-0.0~+13.9) | 7:+38.3(+38.3~+38.3) | 8:+17.9(+17.9~+17.9) | 9:+0.8(+0.8~+0.8) | 10:+14.3(+14.3~+14.3) | 11:+26.8(+26.8~+26.8) | 12:+6.7(+6.7~+6.7)  miss={1: 8331, 2: 8331, 3: 8331, 4: 8330, 5: 8331, 6: 8444, 7: 8330, 8: 8331, 9: 8330, 10: 8331, 11: 8330, 12: 8330}
1:+44.4(+44.3~+44.4) | 2:+10.2(+10.2~+10.2) | 3:+4.9(-0.0~+4.9) | 4:+32.6(+32.6~+32.6) | 5:+19.0(+18.9~+19.0) | 6:+3.9(-0.0~+13.9) | 7:+38.3(+38.3~+38.3) | 8:+17.9(+17.9~+17.9) | 9:+0.8(+0.8~+0.8) | 10:+14.3(+14.3~+14.3) | 11:+26.8(+26.8~+26.8) | 12:+6.7(+6.7~+6.7)  miss={1: 8331, 2: 8331, 3: 8331, 4: 8330, 5: 8331, 6: 8444, 7: 8330, 8: 8331, 9: 8330, 10: 8331, 11: 8330, 12: 8330}
1:+44.4(+44.3~+44.4) | 2:+10.2(+10.2~+10.2) | 3:+4.9(-0.0~+4.9) | 4:+32.6(+32.6~+32.6) | 5:+18.9(+18.9~+19.0) | 6:+3.9(-0.0~+13.9) | 7:+38.3(+38.3~+38.3) | 8:+17.9(+17.9~+17.9) | 9:+0.8(+0.8~+0.8) | 10:+14.3(+14.3~+14.3) | 11:+26.8(+26.8~+26.8) | 12:+6.7(+6.7~+6.7)  miss={1: 8331, 2: 8331, 3: 8331, 4: 8330, 5: 8331, 6: 8444, 7: 8330, 8: 8331, 9: 8330, 10: 8331, 11: 8330, 12: 8330}
1:+44.4(+44.3~+44.4) | 2:+10.2(+10.2~+10.2) | 3:+4.9(-0.0~+4.9) | 4:+32.6(+32.6~+32.6) | 5:+18.9(+18.9~+19.0) | 6:+3.9(-0.0~+13.9) | 7:+38.3(+38.3~+38.3) | 8:+17.9(+17.9~+17.9) | 9:+0.8(+0.8~+0.8) | 10:+14.3(+14.3~+14.3) | 11:+26.8(+26.8~+26.8) | 12:+6.7(+6.7~+6.7)  miss={1: 8331, 2: 8331, 3: 8331, 4: 8330, 5: 8331, 6: 8444, 7: 8330, 8: 8331, 9: 8330, 10: 8331, 11: 8330, 12: 8330}
1:+44.4(+44.3~+44.4) | 2:+10.2(+10.2~+10.2) | 3:+4.9(-0.0~+4.9) | 4:+32.6(+32.6~+32.6) | 5:+18.9(+18.9~+19.0) | 6:+3.9(-0.0~+13.9) | 7:+38.3(+38.3~+38.3) | 8:+17.9(+17.9~+17.9) | 9:+0.8(+0.8~+0.8) | 10:+14.3(+14.3~+14.3) | 11:+26.8(+26.8~+26.8) | 12:+6.7(+6.7~+6.7)  miss={1: 8331, 2: 8331, 3: 8331, 4: 8330, 5: 8331, 6: 8444, 7: 8330, 8: 8331, 9: 8330, 10: 8331, 11: 8330, 12: 8330}
1:+44.4(+44.3~+44.4) | 2:+10.2(+10.2~+10.2) | 3:+4.9(-0.0~+4.9) | 4:+32.6(+32.6~+32.6) | 5:+19.0(+18.9~+19.0) | 6:+3.9(-0.0~+13.9) | 7:+38.3(+38.3~+38.3) | 8:+17.9(+17.9~+17.9) | 9:+0.8(+0.8~+0.8) | 10:+14.3(+14.3~+14.3) | 11:+26.8(+26.8~+26.8) | 12:+6.7(+6.7~+6.7)  miss={1: 8331, 2: 8331, 3: 8331, 4: 8330, 5: 8331, 6: 8444, 7: 8330, 8: 8331, 9: 8330, 10: 8331, 11: 8330, 12: 8330}
1:+44.4(+44.3~+44.4) | 2:+10.2(+10.2~+10.2) | 3:+4.9(-0.0~+4.9) | 4:+32.6(+32.6~+32.6) | 5:+19.0(+18.9~+19.0) | 6:+3.9(-0.0~+13.9) | 7:+38.3(+38.3~+38.3) | 8:+17.9(+17.9~+17.9) | 9:+0.8(+0.8~+0.8) | 10:+14.3(+14.3~+14.3) | 11:+26.8(+26.8~+26.8) | 12:+6.7(+6.7~+6.7)  miss={1: 8331, 2: 8331, 3: 8331, 4: 8330, 5: 8331, 6: 8444, 7: 8330, 8: 8331, 9: 8330, 10: 8331, 11: 8330, 12: 8330}
1:+44.4(+44.3~+44.4) | 2:+10.2(+10.2~+10.2) | 3:+4.9(-0.0~+4.9) | 4:+32.6(+32.6~+32.6) | 5:+18.9(+18.9~+19.0) | 6:+3.9(-0.0~+13.9) | 7:+38.3(+38.3~+38.3) | 8:+17.9(+17.9~+17.9) | 9:+0.8(+0.8~+0.8) | 10:+14.3(+14.3~+14.3) | 11:+26.8(+26.8~+26.8) | 12:+6.7(+6.7~+6.7)  miss={1: 8331, 2: 8331, 3: 8331, 4: 8330, 5: 8331, 6: 8444, 7: 8330, 8: 8331, 9: 8330, 10: 8331, 11: 8330, 12: 8330}
1:+44.4(+44.3~+44.4) | 2:+10.2(+10.2~+10.2) | 3:+4.9(-0.0~+4.9) | 4:+32.6(+32.6~+32.6) | 5:+18.9(+18.9~+19.0) | 6:+3.9(-0.0~+13.9) | 7:+38.3(+38.3~+38.3) | 8:+17.9(+17.9~+17.9) | 9:+0.8(+0.8~+0.8) | 10:+14.3(+14.3~+14.3) | 11:+26.8(+26.8~+26.8) | 12:+6.7(+6.7~+6.7)  miss={1: 8331, 2: 8331, 3: 8331, 4: 8330, 5: 8331, 6: 8444, 7: 8330, 8: 8331, 9: 8330, 10: 8331, 11: 8330, 12: 8330}
1:+44.4(+44.3~+44.4) | 2:+10.2(+10.2~+10.2) | 3:+4.9(-0.0~+4.9) | 4:+32.6(+32.6~+32.6) | 5:+19.0(+18.9~+19.0) | 6:+3.9(-0.0~+13.9) | 7:+38.3(+38.3~+38.3) | 8:+17.9(+17.9~+17.9) | 9:+0.8(+0.8~+0.8) | 10:+14.3(+14.3~+14.3) | 11:+26.8(+26.8~+26.8) | 12:+6.7(+6.7~+6.7)  miss={1: 8331, 2: 8331, 3: 8331, 4: 8330, 5: 8331, 6: 8444, 7: 8330, 8: 8331, 9: 8330, 10: 8331, 11: 8330, 12: 8330}
1:+44.4(+44.3~+44.4) | 2:+10.2(+10.2~+10.2) | 3:+4.9(-0.0~+4.9) | 4:+32.6(+32.6~+32.6) | 5:+18.9(+18.9~+19.0) | 6:+3.9(-0.0~+13.9) | 7:+38.3(+38.3~+38.3) | 8:+17.9(+17.9~+17.9) | 9:+0.8(+0.8~+0.8) | 10:+14.3(+14.3~+14.3) | 11:+26.8(+26.8~+26.8) | 12:+6.7(+6.7~+6.7)  miss={1: 8331, 2: 8331, 3: 8331, 4: 8330, 5: 8331, 6: 8444, 7: 8330, 8: 8331, 9: 8330, 10: 8331, 11: 8330, 12: 8330}
1:+44.4(+44.3~+44.4) | 2:+10.2(+10.2~+10.2) | 3:+4.9(-0.0~+4.9) | 4:+32.6(+32.6~+32.6) | 5:+18.9(+18.9~+19.0) | 6:+3.9(-0.0~+13.9) | 7:+38.3(+38.3~+38.3) | 8:+17.9(+17.9~+17.9) | 9:+0.8(+0.8~+0.8) | 10:+14.3(+14.3~+14.3) | 11:+26.8(+26.8~+26.8) | 12:+6.7(+6.7~+6.7)  miss={1: 8331, 2: 8331, 3: 8331, 4: 8330, 5: 8331, 6: 8444, 7: 8330, 8: 8331, 9: 8330, 10: 8331, 11: 8330, 12: 8330}
1:+44.4(+44.3~+44.4) | 2:+10.2(+10.2~+10.2) | 3:+4.9(-0.0~+4.9) | 4:+32.6(+32.6~+32.6) | 5:+19.0(+18.9~+19.0) | 6:+3.9(-0.0~+13.9) | 7:+38.3(+38.3~+38.3) | 8:+17.9(+17.9~+17.9) | 9:+0.8(+0.8~+0.8) | 10:+14.3(+14.3~+14.3) | 11:+26.8(+26.8~+26.8) | 12:+6.7(+6.7~+6.7)  miss={1: 8331, 2: 8331, 3: 8331, 4: 8330, 5: 8331, 6: 8444, 7: 8330, 8: 8331, 9: 8330, 10: 8331, 11: 8330, 12: 8330}
1:+40.8(+40.8~+44.4) | 2:+10.2(+10.2~+10.2) | 3:+4.9(-0.0~+4.9) | 4:+33.3(+32.6~+33.3) | 5:+20.5(+18.9~+20.5) | 6:+3.9(-0.0~+13.9) | 7:+42.6(+38.3~+42.6) | 8:+17.9(+17.9~+17.9) | 9:+0.8(+0.8~+0.8) | 10:+14.3(+14.3~+14.4) | 11:+26.0(+26.0~+26.8) | 12:+6.7(+6.7~+6.7)  miss={1: 8331, 2: 8331, 3: 8331, 4: 8330, 5: 8331, 6: 8444, 7: 8330, 8: 8331, 9: 8330, 10: 8331, 11: 8330, 12: 8330}
1:+22.0(+22.0~+44.4) | 2:+10.2(+10.2~+10.2) | 3:+4.9(-0.0~+4.9) | 4:+36.3(+32.6~+36.3) | 5:+24.6(+18.9~+24.6) | 6:+3.9(-0.0~+13.9) | 7:+59.9(+38.3~+60.0) | 8:+17.9(+17.9~+17.9) | 9:+0.8(+0.8~+0.9) | 10:+9.4(+9.3~+14.4) | 11:+22.5(+22.5~+26.8) | 12:+6.7(+6.7~+6.7)  miss={1: 8331, 2: 8331, 3: 8331, 4: 8330, 5: 8331, 6: 8444, 7: 8330, 8: 8331, 9: 8330, 10: 8331, 11: 8330, 12: 8330}
1:-4.1(-4.1~+44.4) | 2:+10.2(+10.2~+10.2) | 3:+4.9(-0.0~+4.9) | 4:+30.4(+30.4~+36.3) | 5:+29.5(+18.9~+29.5) | 6:+3.9(-0.0~+13.9) | 7:+79.4(+38.3~+79.4) | 8:+17.9(+17.9~+17.9) | 9:+0.8(+0.8~+0.9) | 10:+10.7(+9.3~+14.4) | 11:+19.3(+19.2~+26.8) | 12:+6.7(+6.7~+6.7)  miss={1: 8331, 2: 8331, 3: 8331, 4: 8330, 5: 8331, 6: 8444, 7: 8330, 8: 8331, 9: 8330, 10: 8331, 11: 8330, 12: 8330}
1:-29.0(-29.0~+44.4) | 2:+10.2(+10.2~+10.2) | 3:+4.9(-0.0~+4.9) | 4:+7.3(+7.3~+36.3) | 5:+19.3(+18.9~+29.5) | 6:+3.9(-0.0~+13.9) | 7:+101.2(+38.3~+101.2) | 8:+17.9(+17.9~+18.0) | 9:-1.1(-1.1~+0.9) | 10:+31.1(+9.3~+31.1) | 11:+27.0(+19.2~+27.0) | 12:+6.7(+6.7~+6.7)  miss={1: 8331, 2: 8331, 3: 8331, 4: 8330, 5: 8331, 6: 8444, 7: 8330, 8: 8331, 9: 8330, 10: 8331, 11: 8330, 12: 8330}
1:-39.5(-39.9~+44.4) | 2:+10.1(+10.1~+10.2) | 3:+4.9(-0.0~+4.9) | 4:-3.1(-5.7~+36.3) | 5:+5.5(+5.5~+29.5) | 6:+3.9(-0.0~+13.9) | 7:+118.3(+38.3~+118.4) | 8:+16.8(+16.8~+18.0) | 9:-1.1(-1.1~+0.9) | 10:+42.8(+9.3~+43.1) | 11:+38.2(+19.2~+38.2) | 12:+6.7(+6.7~+6.7)  miss={1: 8331, 2: 8331, 3: 8331, 4: 8330, 5: 8331, 6: 8444, 7: 8330, 8: 8331, 9: 8330, 10: 8331, 11: 8330, 12: 8330}
1:-41.4(-42.3~+44.4) | 2:+4.9(+4.9~+10.2) | 3:+2.9(-0.0~+6.2) | 4:-19.8(-20.1~+36.3) | 5:-2.4(-2.4~+29.5) | 6:+7.0(-0.0~+13.9) | 7:+114.0(+38.3~+118.4) | 8:+15.9(+15.9~+18.0) | 9:-1.1(-1.1~+0.9) | 10:+44.4(+9.3~+44.4) | 11:+40.0(+19.2~+40.9) | 12:+6.7(+6.7~+6.7)  miss={1: 8331, 2: 8331, 3: 8331, 4: 8330, 5: 8331, 6: 8444, 7: 8330, 8: 8331, 9: 8330, 10: 8331, 11: 8330, 12: 8330}
1:-42.0(-42.3~+44.4) | 2:+4.5(+4.4~+10.2) | 3:+14.7(-0.0~+14.7) | 4:-16.4(-20.1~+36.3) | 5:-3.7(-3.7~+29.5) | 6:+7.0(-0.0~+13.9) | 7:+117.2(+38.3~+118.4) | 8:+14.2(+14.2~+18.0) | 9:-1.1(-1.1~+0.9) | 10:+45.6(+9.3~+45.6) | 11:+40.0(+19.2~+40.9) | 12:+6.7(+6.7~+6.7)  miss={1: 8331, 2: 8331, 3: 8331, 4: 8330, 5: 8331, 6: 8444, 7: 8330, 8: 8331, 9: 8330, 10: 8331, 11: 8330, 12: 8330}
1:-55.6(-55.6~+44.4) | 2:+4.5(+4.4~+10.2) | 3:+14.7(-0.0~+14.7) | 4:-19.4(-20.1~+36.3) | 5:-1.1(-3.7~+29.5) | 6:+7.0(-0.0~+13.9) | 7:+131.8(+38.3~+132.2) | 8:+14.2(+14.2~+18.0) | 9:-1.1(-1.1~+0.9) | 10:+51.5(+9.3~+52.8) | 11:+40.7(+19.2~+40.9) | 12:+6.7(+6.7~+6.7)  miss={1: 8331, 2: 8331, 3: 8331, 4: 8330, 5: 8331, 6: 8444, 7: 8330, 8: 8331, 9: 8330, 10: 8331, 11: 8330, 12: 8330}
1:-58.7(-58.7~+44.4) | 2:+3.3(+3.3~+10.2) | 3:+14.7(-0.0~+14.7) | 4:-19.3(-20.1~+36.3) | 5:-3.4(-3.7~+29.5) | 6:+7.0(-0.0~+13.9) | 7:+138.3(+38.3~+138.3) | 8:+12.2(+12.2~+18.0) | 9:-1.1(-1.1~+0.9) | 10:+53.2(+9.3~+53.2) | 11:+40.7(+19.2~+40.9) | 12:+6.7(+6.7~+6.7)  miss={1: 8331, 2: 8331, 3: 8331, 4: 8330, 5: 8331, 6: 8444, 7: 8330, 8: 8331, 9: 8330, 10: 8331, 11: 8330, 12: 8330}
1:-67.3(-67.3~+44.4) | 2:+2.5(+2.5~+10.2) | 3:+14.7(-0.0~+14.7) | 4:-19.2(-20.1~+36.3) | 5:-0.5(-3.7~+29.5) | 6:+7.0(-0.0~+13.9) | 7:+136.8(+38.3~+138.4) | 8:+11.8(+11.8~+18.0) | 9:-1.1(-1.1~+0.9) | 10:+52.4(+9.3~+53.2) | 11:+48.4(+19.2~+48.5) | 12:+6.7(+6.7~+6.7)  miss={1: 8331, 2: 8331, 3: 8331, 4: 8330, 5: 8331, 6: 8444, 7: 8330, 8: 8331, 9: 8330, 10: 8331, 11: 8330, 12: 8330}
1:-67.3(-67.3~+44.4) | 2:+7.0(+2.5~+10.2) | 3:+14.7(-0.0~+14.7) | 4:-19.2(-20.1~+36.3) | 5:-0.6(-3.7~+29.5) | 6:+7.0(-0.0~+13.9) | 7:+136.2(+38.3~+138.4) | 8:+11.2(+11.2~+18.0) | 9:-1.1(-1.1~+0.9) | 10:+54.5(+9.3~+54.5) | 11:+48.4(+19.2~+48.5) | 12:+6.7(+6.7~+6.7)  miss={1: 8331, 2: 8331, 3: 8331, 4: 8330, 5: 8331, 6: 8444, 7: 8330, 8: 8331, 9: 8330, 10: 8331, 11: 8330, 12: 8330}
1:-66.0(-67.6~+44.4) | 2:+0.6(+0.6~+10.2) | 3:+14.7(-0.0~+14.7) | 4:-20.6(-20.6~+36.3) | 5:-0.6(-3.7~+29.5) | 6:+7.0(-0.0~+13.9) | 7:+142.9(+38.3~+143.0) | 8:+9.2(+9.2~+18.0) | 9:+4.3(-1.1~+4.3) | 10:+57.0(+9.3~+57.0) | 11:+40.0(+19.2~+48.5) | 12:+6.7(+6.7~+6.7)  miss={1: 8331, 2: 8331, 3: 8331, 4: 8330, 5: 8331, 6: 8444, 7: 8330, 8: 8331, 9: 8330, 10: 8331, 11: 8330, 12: 8330}
1:-70.5(-70.5~+44.4) | 2:+2.7(+0.5~+10.2) | 3:+14.7(-0.0~+14.7) | 4:-20.5(-20.6~+36.3) | 5:-4.8(-4.8~+29.5) | 6:+7.0(-0.0~+13.9) | 7:+143.0(+38.3~+143.4) | 8:+8.7(+8.6~+18.0) | 9:+7.7(-1.1~+7.7) | 10:+56.4(+9.3~+57.0) | 11:+45.7(+19.2~+48.5) | 12:+8.7(+6.7~+8.7)  miss={1: 8331, 2: 8331, 3: 8331, 4: 8330, 5: 8331, 6: 8444, 7: 8330, 8: 8331, 9: 8330, 10: 8331, 11: 8330, 12: 8330}
1:-69.7(-70.5~+44.4) | 2:+4.8(+0.5~+10.2) | 3:+19.9(-0.0~+20.0) | 4:-20.5(-20.6~+36.3) | 5:-0.5(-7.4~+29.5) | 6:+7.0(-0.0~+13.9) | 7:+141.2(+38.3~+143.4) | 8:+8.7(+8.6~+18.0) | 9:+7.7(-1.1~+7.7) | 10:+56.4(+9.3~+57.0) | 11:+45.7(+19.2~+48.5) | 12:+8.9(+6.7~+8.9)  miss={1: 8331, 2: 8331, 3: 8331, 4: 8330, 5: 8331, 6: 8444, 7: 8330, 8: 8331, 9: 8330, 10: 8331, 11: 8330, 12: 8330}
1:-70.8(-70.8~+44.4) | 2:+4.8(+0.5~+10.2) | 3:+19.9(-0.0~+20.0) | 4:-20.5(-20.6~+36.3) | 5:+0.4(-7.4~+29.5) | 6:+7.0(-0.0~+13.9) | 7:+141.1(+38.3~+143.4) | 8:+8.7(+8.6~+18.0) | 9:+7.7(-1.1~+7.7) | 10:+54.1(+9.3~+57.0) | 11:+45.3(+19.2~+48.5) | 12:+8.6(+6.7~+8.9)  miss={1: 8331, 2: 8331, 3: 8331, 4: 8330, 5: 8331, 6: 8444, 7: 8330, 8: 8331, 9: 8330, 10: 8331, 11: 8330, 12: 8330}
1:-70.8(-71.0~+44.4) | 2:+4.8(+0.5~+10.2) | 3:+19.9(-0.0~+20.0) | 4:-8.2(-20.6~+36.3) | 5:+9.0(-7.4~+29.5) | 6:+7.0(-0.0~+13.9) | 7:+142.2(+38.3~+143.4) | 8:+9.6(+8.6~+18.0) | 9:+14.4(-1.1~+14.5) | 10:+44.9(+9.3~+57.0) | 11:+37.6(+19.2~+48.5) | 12:+7.9(+6.7~+8.9)  miss={1: 8331, 2: 8331, 3: 8331, 4: 8330, 5: 8331, 6: 8444, 7: 8330, 8: 8331, 9: 8330, 10: 8331, 11: 8330, 12: 8330}
1:-71.7(-71.7~+44.4) | 2:+5.1(+0.5~+10.2) | 3:+22.1(-0.0~+22.1) | 4:-6.6(-20.6~+36.3) | 5:+10.7(-7.4~+29.5) | 6:+7.0(-0.0~+13.9) | 7:+137.5(+38.3~+143.4) | 8:+10.5(+8.6~+18.0) | 9:+13.1(-1.1~+14.5) | 10:+37.3(+9.3~+57.0) | 11:+36.4(+19.2~+48.5) | 12:+7.9(+6.7~+8.9)  miss={1: 8331, 2: 8331, 3: 8331, 4: 8330, 5: 8331, 6: 8444, 7: 8330, 8: 8331, 9: 8330, 10: 8331, 11: 8330, 12: 8330}
1:-72.5(-72.6~+44.4) | 2:+5.6(+0.5~+10.2) | 3:+22.0(-0.0~+22.1) | 4:-11.2(-20.6~+36.3) | 5:+5.4(-7.4~+29.5) | 6:+7.0(-0.0~+13.9) | 7:+144.5(+38.3~+144.5) | 8:+10.8(+8.6~+18.0) | 9:+13.9(-1.1~+14.5) | 10:+51.9(+9.3~+57.0) | 11:+45.6(+19.2~+48.5) | 12:+7.9(+6.7~+8.9)  miss={1: 8331, 2: 8331, 3: 8331, 4: 8330, 5: 8331, 6: 8444, 7: 8330, 8: 8331, 9: 8330, 10: 8331, 11: 8330, 12: 8330}
1:-74.3(-74.3~+44.4) | 2:+5.6(+0.5~+10.2) | 3:+22.0(-0.0~+22.1) | 4:-14.2(-20.6~+36.3) | 5:+5.2(-7.4~+29.5) | 6:+7.0(-0.0~+13.9) | 7:+145.9(+38.3~+146.0) | 8:+10.8(+8.6~+18.0) | 9:+13.8(-1.1~+14.5) | 10:+54.9(+9.3~+57.0) | 11:+47.7(+19.2~+48.5) | 12:+7.9(+6.7~+8.9)  miss={1: 8331, 2: 8331, 3: 8331, 4: 8330, 5: 8331, 6: 8444, 7: 8330, 8: 8331, 9: 8330, 10: 8331, 11: 8330, 12: 8330}
1:-78.6(-78.7~+44.4) | 2:+3.7(+0.5~+10.2) | 3:+23.5(-0.0~+23.5) | 4:-26.7(-26.8~+36.3) | 5:-1.7(-7.4~+29.5) | 6:+7.0(-0.0~+13.9) | 7:+144.1(+38.3~+146.0) | 8:+10.8(+8.6~+18.0) | 9:+11.5(-1.1~+14.5) | 10:+54.9(+9.3~+57.0) | 11:+47.7(+19.2~+48.5) | 12:+7.9(+6.7~+8.9)  miss={1: 8331, 2: 8331, 3: 8331, 4: 8330, 5: 8331, 6: 8444, 7: 8330, 8: 8331, 9: 8330, 10: 8331, 11: 8330, 12: 8330}
1:-78.3(-78.7~+44.4) | 2:+3.7(+0.5~+10.2) | 3:+23.5(-0.0~+23.5) | 4:-24.5(-26.8~+36.3) | 5:-1.7(-7.4~+29.5) | 6:+7.0(-0.0~+13.9) | 7:+145.2(+38.3~+146.0) | 8:+10.3(+8.6~+18.0) | 9:+12.8(-1.1~+14.5) | 10:+54.9(+9.3~+57.0) | 11:+47.7(+19.2~+48.5) | 12:+7.9(+6.7~+8.9)  miss={1: 8331, 2: 8331, 3: 8331, 4: 8330, 5: 8331, 6: 8444, 7: 8330, 8: 8331, 9: 8330, 10: 8331, 11: 8330, 12: 8330}
1:-76.8(-78.7~+44.4) | 2:+3.2(+0.5~+10.2) | 3:+23.5(-0.0~+23.5) | 4:-24.5(-26.8~+36.3) | 5:-2.9(-7.4~+29.5) | 6:+7.0(-0.0~+13.9) | 7:+147.1(+38.3~+147.1) | 8:+9.6(+8.6~+18.0) | 9:+12.4(-1.1~+14.5) | 10:+54.9(+9.3~+57.0) | 11:+46.4(+19.2~+48.5) | 12:+7.9(+6.7~+8.9)  miss={1: 8331, 2: 8331, 3: 8331, 4: 8330, 5: 8331, 6: 8444, 7: 8330, 8: 8331, 9: 8330, 10: 8331, 11: 8330, 12: 8330}
1:-79.5(-79.5~+44.4) | 2:+1.5(+0.5~+10.2) | 3:+23.5(-0.0~+23.5) | 4:-34.1(-35.4~+36.3) | 5:-9.0(-9.0~+29.5) | 6:+7.0(-0.0~+13.9) | 7:+148.1(+38.3~+148.1) | 8:+9.3(+8.6~+18.0) | 9:+12.4(-1.1~+14.5) | 10:+53.1(+9.3~+57.0) | 11:+42.7(+19.2~+48.5) | 12:+7.9(+6.7~+8.9)  miss={1: 8331, 2: 8331, 3: 8331, 4: 8330, 5: 8331, 6: 8444, 7: 8330, 8: 8331, 9: 8330, 10: 8331, 11: 8330, 12: 8330}
1:-76.6(-79.7~+44.4) | 2:+2.5(+0.5~+10.2) | 3:+10.4(-0.0~+23.5) | 4:-26.5(-35.4~+36.3) | 5:-7.1(-9.0~+29.5) | 6:+7.0(-0.0~+13.9) | 7:+148.1(+38.3~+148.1) | 8:+8.6(+8.6~+18.0) | 9:+12.4(-1.1~+14.5) | 10:+52.2(+9.3~+57.0) | 11:+42.4(+19.2~+48.5) | 12:+7.9(+6.7~+8.9)  miss={1: 8331, 2: 8331, 3: 8331, 4: 8330, 5: 8331, 6: 8444, 7: 8330, 8: 8331, 9: 8330, 10: 8331, 11: 8330, 12: 8330}
1:-76.5(-79.7~+44.4) | 2:+2.5(+0.5~+10.2) | 3:+4.3(-0.0~+23.5) | 4:-26.4(-35.4~+36.3) | 5:-7.1(-9.0~+29.5) | 6:+7.0(-0.0~+13.9) | 7:+148.2(+38.3~+148.2) | 8:+8.6(+8.6~+18.0) | 9:+12.4(-1.1~+14.5) | 10:+52.2(+9.3~+57.0) | 11:+42.5(+19.2~+48.5) | 12:+7.9(+6.7~+8.9)  miss={1: 8331, 2: 8331, 3: 8331, 4: 8330, 5: 8331, 6: 8444, 7: 8330, 8: 8331, 9: 8330, 10: 8331, 11: 8330, 12: 8330}
1:-76.9(-79.7~+44.4) | 2:+2.5(+0.5~+10.2) | 3:+6.6(-0.0~+23.5) | 4:-26.5(-35.4~+36.3) | 5:-7.1(-9.0~+29.5) | 6:+7.0(-0.0~+13.9) | 7:+148.2(+38.3~+148.2) | 8:+8.7(+8.6~+18.0) | 9:+11.1(-1.1~+14.5) | 10:+52.2(+9.3~+57.0) | 11:+42.4(+19.2~+48.5) | 12:+7.9(+6.7~+8.9)  miss={1: 8331, 2: 8331, 3: 8331, 4: 8330, 5: 8331, 6: 8444, 7: 8330, 8: 8331, 9: 8330, 10: 8331, 11: 8330, 12: 8330}
1:-77.5(-79.7~+44.4) | 2:+2.5(+0.5~+10.2) | 3:+9.1(-0.0~+23.5) | 4:-26.5(-35.4~+36.3) | 5:-7.1(-9.0~+29.5) | 6:+7.0(-0.0~+13.9) | 7:+148.2(+38.3~+148.2) | 8:+8.2(+8.2~+18.0) | 9:+0.3(-1.1~+14.5) | 10:+52.2(+9.3~+57.0) | 11:+42.5(+19.2~+48.5) | 12:+7.9(+6.7~+8.9)  miss={1: 8331, 2: 8331, 3: 8331, 4: 8330, 5: 8331, 6: 8444, 7: 8330, 8: 8331, 9: 8330, 10: 8331, 11: 8330, 12: 8330}
1:-77.5(-79.7~+44.4) | 2:+2.5(+0.5~+10.2) | 3:+9.1(-0.0~+23.5) | 4:-26.4(-35.4~+36.3) | 5:-7.1(-9.0~+29.5) | 6:+7.0(-0.0~+13.9) | 7:+148.2(+38.3~+148.2) | 8:+7.9(+7.9~+18.0) | 9:+0.3(-1.1~+14.5) | 10:+52.2(+9.3~+57.0) | 11:+42.5(+19.2~+48.5) | 12:+7.9(+6.7~+8.9)  miss={1: 8331, 2: 8331, 3: 8331, 4: 8330, 5: 8331, 6: 8444, 7: 8330, 8: 8331, 9: 8330, 10: 8331, 11: 8330, 12: 8330}
1:-77.5(-79.7~+44.4) | 2:+2.5(+0.5~+10.2) | 3:+9.1(-0.0~+23.5) | 4:-26.5(-35.4~+36.3) | 5:-7.1(-9.0~+29.5) | 6:+7.0(-0.0~+13.9) | 7:+148.2(+38.3~+148.2) | 8:+7.9(+7.9~+18.0) | 9:+0.3(-1.1~+14.5) | 10:+52.2(+9.3~+57.0) | 11:+42.5(+19.2~+48.5) | 12:+7.9(+6.7~+8.9)  miss={1: 8331, 2: 8331, 3: 8331, 4: 8330, 5: 8331, 6: 8444, 7: 8330, 8: 8331, 9: 8330, 10: 8331, 11: 8330, 12: 8330}
1:-77.5(-79.7~+44.4) | 2:+2.5(+0.5~+10.2) | 3:+9.1(-0.0~+23.5) | 4:-26.4(-35.4~+36.3) | 5:-7.1(-9.0~+29.5) | 6:+7.0(-0.0~+13.9) | 7:+148.2(+38.3~+148.2) | 8:+7.9(+7.9~+18.0) | 9:+0.3(-1.1~+14.5) | 10:+52.2(+9.3~+57.0) | 11:+42.9(+19.2~+48.5) | 12:+7.9(+6.7~+8.9)  miss={1: 8331, 2: 8331, 3: 8331, 4: 8330, 5: 8331, 6: 8444, 7: 8330, 8: 8331, 9: 8330, 10: 8331, 11: 8330, 12: 8330}
1:-77.5(-79.7~+44.4) | 2:+2.5(+0.5~+10.2) | 3:+9.1(-0.0~+23.5) | 4:-26.5(-35.4~+36.3) | 5:-7.1(-9.0~+29.5) | 6:+7.0(-0.0~+13.9) | 7:+148.2(+38.3~+148.2) | 8:+7.6(+7.6~+18.0) | 9:+0.3(-1.1~+14.5) | 10:+52.2(+9.3~+57.0) | 11:+42.9(+19.2~+48.5) | 12:+6.5(+6.5~+8.9)  miss={1: 8331, 2: 8331, 3: 8331, 4: 8330, 5: 8331, 6: 8444, 7: 8330, 8: 8331, 9: 8330, 10: 8331, 11: 8330, 12: 8330}
1:-74.1(-79.7~+44.4) | 2:+2.3(+0.5~+10.2) | 3:+9.1(-0.0~+23.5) | 4:-20.8(-35.4~+36.3) | 5:-5.8(-9.0~+29.5) | 6:+7.0(-0.0~+13.9) | 7:+148.2(+38.3~+148.2) | 8:+7.5(+7.5~+18.0) | 9:+0.3(-1.1~+14.5) | 10:+52.2(+9.3~+57.0) | 11:+42.9(+19.2~+48.5) | 12:+5.6(+5.6~+8.9)  miss={1: 8331, 2: 8331, 3: 8331, 4: 8330, 5: 8331, 6: 8444, 7: 8330, 8: 8331, 9: 8330, 10: 8331, 11: 8330, 12: 8330}
1:-75.1(-79.7~+44.4) | 2:+2.0(+0.5~+10.2) | 3:+9.1(-0.0~+23.5) | 4:-21.6(-35.4~+36.3) | 5:-5.1(-9.0~+29.5) | 6:+7.0(-0.0~+13.9) | 7:+148.2(+38.3~+148.2) | 8:+7.2(+7.2~+18.0) | 9:+0.3(-1.1~+14.5) | 10:+52.2(+9.3~+57.0) | 11:+42.9(+19.2~+48.5) | 12:+5.6(+5.6~+8.9)  miss={1: 8331, 2: 8331, 3: 8331, 4: 8330, 5: 8331, 6: 8444, 7: 8330, 8: 8331, 9: 8330, 10: 8331, 11: 8330, 12: 8330}
1:-76.8(-79.7~+44.4) | 2:+2.0(+0.5~+10.2) | 3:+9.1(-0.0~+23.5) | 4:-23.8(-35.4~+36.3) | 5:-5.1(-9.0~+29.5) | 6:+7.0(-0.0~+13.9) | 7:+148.2(+38.3~+148.2) | 8:+6.9(+6.9~+18.0) | 9:+0.3(-1.1~+14.5) | 10:+52.2(+9.3~+57.0) | 11:+42.9(+19.2~+48.5) | 12:+5.6(+5.6~+8.9)  miss={1: 8331, 2: 8331, 3: 8331, 4: 8330, 5: 8331, 6: 8444, 7: 8330, 8: 8331, 9: 8330, 10: 8331, 11: 8330, 12: 8330}
1:-76.8(-79.7~+44.4) | 2:+2.0(+0.5~+10.2) | 3:+9.1(-0.0~+23.5) | 4:-23.8(-35.4~+36.3) | 5:-5.1(-9.0~+29.5) | 6:+7.0(-0.0~+13.9) | 7:+148.2(+38.3~+148.2) | 8:+6.9(+6.9~+18.0) | 9:+0.3(-1.1~+14.5) | 10:+52.2(+9.3~+57.0) | 11:+42.9(+19.2~+48.5) | 12:+5.6(+5.6~+8.9)  miss={1: 8331, 2: 8331, 3: 8331, 4: 8330, 5: 8331, 6: 8444, 7: 8330, 8: 8331, 9: 8330, 10: 8331, 11: 8330, 12: 8330}
1:-75.9(-79.7~+44.4) | 2:+1.9(+0.5~+10.2) | 3:+9.1(-0.0~+23.5) | 4:-23.7(-35.4~+36.3) | 5:-5.1(-9.0~+29.5) | 6:+7.0(-0.0~+13.9) | 7:+148.2(+38.3~+148.2) | 8:+6.9(+6.9~+18.0) | 9:+0.3(-1.1~+14.5) | 10:+52.2(+9.3~+57.0) | 11:+42.9(+19.2~+48.5) | 12:+5.6(+5.6~+8.9)  miss={1: 8331, 2: 8331, 3: 8331, 4: 8330, 5: 8331, 6: 8444, 7: 8330, 8: 8331, 9: 8330, 10: 8331, 11: 8330, 12: 8330}
1:-75.9(-79.7~+44.4) | 2:+1.9(+0.5~+10.2) | 3:+9.1(-0.0~+23.5) | 4:-23.7(-35.4~+36.3) | 5:-5.1(-9.0~+29.5) | 6:+6.3(-0.0~+13.9) | 7:+148.2(+38.3~+148.2) | 8:+6.9(+6.9~+18.0) | 9:+0.3(-1.1~+14.5) | 10:+52.2(+9.3~+57.0) | 11:+42.9(+19.2~+48.5) | 12:+5.6(+5.6~+8.9)  miss={1: 8331, 2: 8331, 3: 8331, 4: 8330, 5: 8331, 6: 8444, 7: 8330, 8: 8331, 9: 8330, 10: 8331, 11: 8330, 12: 8330}
1:-75.9(-79.7~+44.4) | 2:+1.9(+0.5~+10.2) | 3:+9.1(-0.0~+23.5) | 4:-23.7(-35.4~+36.3) | 5:-5.1(-9.0~+29.5) | 6:+6.3(-0.0~+13.9) | 7:+148.0(+38.3~+148.2) | 8:+6.9(+6.9~+18.0) | 9:+0.3(-1.1~+14.5) | 10:+52.2(+9.3~+57.0) | 11:+42.9(+19.2~+48.5) | 12:+5.5(+5.5~+8.9)  miss={1: 8331, 2: 8331, 3: 8331, 4: 8330, 5: 8331, 6: 8444, 7: 8330, 8: 8331, 9: 8330, 10: 8331, 11: 8330, 12: 8330}
1:-75.9(-79.7~+44.4) | 2:+1.9(+0.5~+10.2) | 3:+9.1(-0.0~+23.5) | 4:-23.7(-35.4~+36.3) | 5:-5.1(-9.0~+29.5) | 6:+6.3(-0.0~+13.9) | 7:+148.1(+38.3~+148.2) | 8:+6.9(+6.9~+18.0) | 9:+0.3(-1.1~+14.5) | 10:+52.2(+9.3~+57.0) | 11:+42.9(+19.2~+48.5) | 12:+5.5(+5.4~+8.9)  miss={1: 8331, 2: 8331, 3: 8331, 4: 8330, 5: 8331, 6: 8444, 7: 8330, 8: 8331, 9: 8330, 10: 8331, 11: 8330, 12: 8330}
1:-75.9(-79.7~+44.4) | 2:+1.9(+0.5~+10.2) | 3:+9.1(-0.0~+23.5) | 4:-23.7(-35.4~+36.3) | 5:-5.1(-9.0~+29.5) | 6:+6.3(-0.0~+13.9) | 7:+148.1(+38.3~+148.2) | 8:+6.9(+6.9~+18.0) | 9:+0.3(-1.1~+14.5) | 10:+52.2(+9.3~+57.0) | 11:+42.9(+19.2~+48.5) | 12:+5.5(+5.4~+8.9)  miss={1: 8331, 2: 8331, 3: 8331, 4: 8330, 5: 8331, 6: 8444, 7: 8330, 8: 8331, 9: 8330, 10: 8331, 11: 8330, 12: 8330}
1:-75.1(-79.7~+44.4) | 2:+1.6(+0.5~+10.2) | 3:+9.1(-0.0~+23.5) | 4:-23.7(-35.4~+36.3) | 5:-5.1(-9.0~+29.5) | 6:+6.3(-0.0~+13.9) | 7:+148.0(+38.3~+148.2) | 8:+6.9(+6.9~+18.0) | 9:+0.3(-1.1~+14.5) | 10:+52.2(+9.3~+57.0) | 11:+42.9(+19.2~+48.5) | 12:+5.5(+5.4~+8.9)  miss={1: 8331, 2: 8331, 3: 8331, 4: 8330, 5: 8331, 6: 8444, 7: 8330, 8: 8331, 9: 8330, 10: 8331, 11: 8330, 12: 8330}
1:-75.1(-79.7~+44.4) | 2:+1.6(+0.5~+10.2) | 3:+9.1(-0.0~+23.5) | 4:-23.7(-35.4~+36.3) | 5:-5.1(-9.0~+29.5) | 6:+6.3(-0.0~+13.9) | 7:+148.0(+38.3~+148.2) | 8:+6.9(+6.9~+18.0) | 9:+0.3(-1.1~+14.5) | 10:+52.2(+9.3~+57.0) | 11:+42.9(+19.2~+48.5) | 12:+5.5(+5.4~+8.9)  miss={1: 8331, 2: 8331, 3: 8331, 4: 8330, 5: 8331, 6: 8444, 7: 8330, 8: 8331, 9: 8330, 10: 8331, 11: 8330, 12: 8330}
1:-75.1(-79.7~+44.4) | 2:+1.6(+0.5~+10.2) | 3:+9.1(-0.0~+23.5) | 4:-23.7(-35.4~+36.3) | 5:-5.1(-9.0~+29.5) | 6:+6.3(-0.0~+13.9) | 7:+148.0(+38.3~+148.2) | 8:+6.9(+6.9~+18.0) | 9:+0.3(-1.1~+14.5) | 10:+52.2(+9.3~+57.0) | 11:+42.9(+19.2~+48.5) | 12:+5.5(+5.4~+8.9)  miss={1: 8331, 2: 8331, 3: 8331, 4: 8330, 5: 8331, 6: 8444, 7: 8330, 8: 8331, 9: 8330, 10: 8331, 11: 8330, 12: 8330}
1:-75.1(-79.7~+44.4) | 2:+1.6(+0.5~+10.2) | 3:+9.1(-0.0~+23.5) | 4:-23.7(-35.4~+36.3) | 5:-5.1(-9.0~+29.5) | 6:+6.3(-0.0~+13.9) | 7:+148.0(+38.3~+148.2) | 8:+6.9(+6.9~+18.0) | 9:+0.3(-1.1~+14.5) | 10:+52.2(+9.3~+57.0) | 11:+42.9(+19.2~+48.5) | 12:+5.5(+5.4~+8.9)  miss={1: 8331, 2: 8331, 3: 8331, 4: 8330, 5: 8331, 6: 8444, 7: 8330, 8: 8331, 9: 8330, 10: 8331, 11: 8330, 12: 8330}
1:-75.1(-79.7~+44.4) | 2:+1.6(+0.5~+10.2) | 3:+9.1(-0.0~+23.5) | 4:-23.7(-35.4~+36.3) | 5:-5.1(-9.0~+29.5) | 6:+6.3(-0.0~+13.9) | 7:+148.1(+38.3~+148.2) | 8:+6.9(+6.9~+18.0) | 9:+0.3(-1.1~+14.5) | 10:+52.2(+9.3~+57.0) | 11:+42.9(+19.2~+48.5) | 12:+5.5(+5.4~+8.9)  miss={1: 8331, 2: 8331, 3: 8331, 4: 8330, 5: 8331, 6: 8444, 7: 8330, 8: 8331, 9: 8330, 10: 8331, 11: 8330, 12: 8330}
1:-75.1(-79.7~+44.4) | 2:+1.6(+0.5~+10.2) | 3:+9.1(-0.0~+23.5) | 4:-23.7(-35.4~+36.3) | 5:-5.1(-9.0~+29.5) | 6:+6.3(-0.0~+13.9) | 7:+148.0(+38.3~+148.2) | 8:+6.9(+6.9~+18.0) | 9:+0.3(-1.1~+14.5) | 10:+52.2(+9.3~+57.0) | 11:+42.9(+19.2~+48.5) | 12:+5.5(+5.4~+8.9)  miss={1: 8331, 2: 8331, 3: 8331, 4: 8330, 5: 8331, 6: 8444, 7: 8330, 8: 8331, 9: 8330, 10: 8331, 11: 8330, 12: 8330}
1:-75.1(-79.7~+44.4) | 2:+1.6(+0.5~+10.2) | 3:+9.1(-0.0~+23.5) | 4:-23.7(-35.4~+36.3) | 5:-5.1(-9.0~+29.5) | 6:+6.3(-0.0~+13.9) | 7:+148.0(+38.3~+148.2) | 8:+6.9(+6.9~+18.0) | 9:+0.3(-1.1~+14.5) | 10:+52.2(+9.3~+57.0) | 11:+42.9(+19.2~+48.5) | 12:+5.5(+5.4~+8.9)  miss={1: 8331, 2: 8331, 3: 8331, 4: 8330, 5: 8331, 6: 8444, 7: 8330, 8: 8331, 9: 8330, 10: 8331, 11: 8330, 12: 8330}
1:-75.1(-79.7~+44.4) | 2:+1.6(+0.5~+10.2) | 3:+9.1(-0.0~+23.5) | 4:-23.7(-35.4~+36.3) | 5:-5.1(-9.0~+29.5) | 6:+6.3(-0.0~+13.9) | 7:+148.1(+38.3~+148.2) | 8:+6.9(+6.9~+18.0) | 9:+0.3(-1.1~+14.5) | 10:+52.2(+9.3~+57.0) | 11:+42.9(+19.2~+48.5) | 12:+5.5(+5.4~+8.9)  miss={1: 8331, 2: 8331, 3: 8331, 4: 8330, 5: 8331, 6: 8444, 7: 8330, 8: 8331, 9: 8330, 10: 8331, 11: 8330, 12: 8330}
1:-75.1(-79.7~+44.4) | 2:+1.6(+0.5~+10.2) | 3:+9.1(-0.0~+23.5) | 4:-23.7(-35.4~+36.3) | 5:-5.1(-9.0~+29.5) | 6:+6.3(-0.0~+13.9) | 7:+148.1(+38.3~+148.2) | 8:+6.9(+6.9~+18.0) | 9:+0.3(-1.1~+14.5) | 10:+52.2(+9.3~+57.0) | 11:+42.9(+19.2~+48.5) | 12:+5.5(+5.4~+8.9)  miss={1: 8331, 2: 8331, 3: 8331, 4: 8330, 5: 8331, 6: 8444, 7: 8330, 8: 8331, 9: 8330, 10: 8331, 11: 8330, 12: 8330}
1:-75.1(-79.7~+44.4) | 2:+1.6(+0.5~+10.2) | 3:+9.1(-0.0~+23.5) | 4:-23.7(-35.4~+36.3) | 5:-5.1(-9.0~+29.5) | 6:+6.3(-0.0~+13.9) | 7:+150.3(+38.3~+150.4) | 8:+6.9(+6.9~+18.0) | 9:+0.3(-1.1~+14.5) | 10:+58.3(+9.3~+58.3) | 11:+46.7(+19.2~+48.5) | 12:+5.5(+5.4~+8.9)  miss={1: 8331, 2: 8331, 3: 8331, 4: 8330, 5: 8331, 6: 8444, 7: 8330, 8: 8331, 9: 8330, 10: 8331, 11: 8330, 12: 8330}
1:-75.1(-79.7~+44.4) | 2:+1.6(+0.5~+10.2) | 3:+9.1(-0.0~+23.5) | 4:-23.7(-35.4~+36.3) | 5:-5.1(-9.0~+29.5) | 6:+6.3(-0.0~+13.9) | 7:+150.4(+38.3~+150.4) | 8:+6.9(+6.9~+18.0) | 9:+0.3(-1.1~+14.5) | 10:+58.3(+9.3~+58.3) | 11:+46.7(+19.2~+48.5) | 12:+5.5(+5.4~+8.9)  miss={1: 8331, 2: 8331, 3: 8331, 4: 8330, 5: 8331, 6: 8444, 7: 8330, 8: 8331, 9: 8330, 10: 8331, 11: 8330, 12: 8330}
1:-75.1(-79.7~+44.4) | 2:+1.6(+0.5~+10.2) | 3:+9.1(-0.0~+23.5) | 4:-23.7(-35.4~+36.3) | 5:-5.1(-9.0~+29.5) | 6:+6.3(-0.0~+13.9) | 7:+150.8(+38.3~+150.8) | 8:+6.9(+6.9~+18.0) | 9:+0.3(-1.1~+14.5) | 10:+58.3(+9.3~+58.3) | 11:+46.7(+19.2~+48.5) | 12:+5.5(+5.4~+8.9)  miss={1: 8331, 2: 8331, 3: 8331, 4: 8330, 5: 8331, 6: 8444, 7: 8330, 8: 8331, 9: 8330, 10: 8331, 11: 8330, 12: 8330}
1:-74.5(-79.7~+44.4) | 2:+1.6(+0.5~+10.2) | 3:+9.1(-0.0~+23.5) | 4:-23.7(-35.4~+36.3) | 5:-5.1(-9.0~+29.5) | 6:+6.3(-0.0~+13.9) | 7:+150.8(+38.3~+150.8) | 8:+6.9(+6.9~+18.0) | 9:+0.3(-1.1~+14.5) | 10:+58.3(+9.3~+58.3) | 11:+46.7(+19.2~+48.5) | 12:+5.5(+5.4~+8.9)  miss={1: 8331, 2: 8331, 3: 8331, 4: 8330, 5: 8331, 6: 8444, 7: 8330, 8: 8331, 9: 8330, 10: 8331, 11: 8330, 12: 8330}
1:-74.7(-79.7~+44.4) | 2:+1.6(+0.5~+10.2) | 3:+9.1(-0.0~+23.5) | 4:-23.7(-35.4~+36.3) | 5:-5.1(-9.0~+29.5) | 6:+6.3(-0.0~+13.9) | 7:+150.8(+38.3~+150.8) | 8:+6.9(+6.9~+18.0) | 9:+0.3(-1.1~+14.5) | 10:+58.3(+9.3~+58.3) | 11:+46.7(+19.2~+48.5) | 12:+5.5(+5.4~+8.9)  miss={1: 8331, 2: 8331, 3: 8331, 4: 8330, 5: 8331, 6: 8444, 7: 8330, 8: 8331, 9: 8330, 10: 8331, 11: 8330, 12: 8330}
1:-74.7(-79.7~+44.4) | 2:+1.6(+0.5~+10.2) | 3:+9.1(-0.0~+23.5) | 4:-23.7(-35.4~+36.3) | 5:-5.1(-9.0~+29.5) | 6:+6.3(-0.0~+13.9) | 7:+150.8(+38.3~+150.8) | 8:+6.9(+6.9~+18.0) | 9:+0.3(-1.1~+14.5) | 10:+58.3(+9.3~+58.3) | 11:+46.7(+19.2~+48.5) | 12:+5.5(+5.4~+8.9)  miss={1: 8331, 2: 8331, 3: 8331, 4: 8330, 5: 8331, 6: 8444, 7: 8330, 8: 8331, 9: 8330, 10: 8331, 11: 8330, 12: 8330}
1:-74.7(-79.7~+44.4) | 2:+1.6(+0.5~+10.2) | 3:+9.1(-0.0~+23.5) | 4:-23.7(-35.4~+36.3) | 5:-5.1(-9.0~+29.5) | 6:+6.3(-0.0~+13.9) | 7:+150.8(+38.3~+150.8) | 8:+6.9(+6.9~+18.0) | 9:+0.3(-1.1~+14.5) | 10:+58.3(+9.3~+58.3) | 11:+46.7(+19.2~+48.5) | 12:+5.5(+5.4~+8.9)  miss={1: 8331, 2: 8331, 3: 8331, 4: 8330, 5: 8331, 6: 8444, 7: 8330, 8: 8331, 9: 8330, 10: 8331, 11: 8330, 12: 8330}
1:-74.7(-79.7~+44.4) | 2:+1.6(+0.5~+10.2) | 3:+9.1(-0.0~+23.5) | 4:-23.7(-35.4~+36.3) | 5:-5.1(-9.0~+29.5) | 6:+6.3(-0.0~+13.9) | 7:+150.8(+38.3~+150.8) | 8:+6.9(+6.9~+18.0) | 9:+0.3(-1.1~+14.5) | 10:+58.3(+9.3~+58.3) | 11:+46.7(+19.2~+48.5) | 12:+5.5(+5.4~+8.9)  miss={1: 8331, 2: 8331, 3: 8331, 4: 8330, 5: 8331, 6: 8444, 7: 8330, 8: 8331, 9: 8330, 10: 8331, 11: 8330, 12: 8330}
1:-74.7(-79.7~+44.4) | 2:+1.7(+0.5~+10.2) | 3:+9.1(-0.0~+23.5) | 4:-23.7(-35.4~+36.3) | 5:-5.1(-9.0~+29.5) | 6:+6.3(-0.0~+13.9) | 7:+150.8(+38.3~+150.8) | 8:+6.9(+6.9~+18.0) | 9:+0.3(-1.1~+14.5) | 10:+58.3(+9.3~+58.3) | 11:+46.7(+19.2~+48.5) | 12:+5.5(+5.4~+8.9)  miss={1: 8331, 2: 8331, 3: 8331, 4: 8330, 5: 8331, 6: 8444, 7: 8330, 8: 8331, 9: 8330, 10: 8331, 11: 8330, 12: 8330}
1:-74.7(-79.7~+44.4) | 2:+1.6(+0.5~+10.2) | 3:+9.1(-0.0~+23.5) | 4:-23.7(-35.4~+36.3) | 5:-5.1(-9.0~+29.5) | 6:+6.3(-0.0~+13.9) | 7:+150.8(+38.3~+150.8) | 8:+6.9(+6.9~+18.0) | 9:+0.3(-1.1~+14.5) | 10:+58.3(+9.3~+58.3) | 11:+46.7(+19.2~+48.5) | 12:+5.5(+5.4~+8.9)  miss={1: 8331, 2: 8331, 3: 8331, 4: 8330, 5: 8331, 6: 8444, 7: 8330, 8: 8331, 9: 8330, 10: 8331, 11: 8330, 12: 8330}
1:-74.7(-79.7~+44.4) | 2:+1.6(+0.5~+10.2) | 3:+9.1(-0.0~+23.5) | 4:-23.7(-35.4~+36.3) | 5:-5.1(-9.0~+29.5) | 6:+6.3(-0.0~+13.9) | 7:+150.8(+38.3~+150.8) | 8:+7.0(+6.9~+18.0) | 9:+0.3(-1.1~+14.5) | 10:+58.3(+9.3~+58.3) | 11:+46.7(+19.2~+48.5) | 12:+5.5(+5.4~+8.9)  miss={1: 8331, 2: 8331, 3: 8331, 4: 8330, 5: 8331, 6: 8444, 7: 8330, 8: 8331, 9: 8330, 10: 8331, 11: 8330, 12: 8330}
1:-74.7(-79.7~+44.4) | 2:+1.6(+0.5~+10.2) | 3:+9.1(-0.0~+23.5) | 4:-23.7(-35.4~+36.3) | 5:-5.1(-9.0~+29.5) | 6:+6.3(-0.0~+13.9) | 7:+150.8(+38.3~+150.8) | 8:+6.9(+6.9~+18.0) | 9:+0.3(-1.1~+14.5) | 10:+58.3(+9.3~+58.3) | 11:+46.7(+19.2~+48.5) | 12:+5.5(+5.4~+8.9)  miss={1: 8331, 2: 8331, 3: 8331, 4: 8330, 5: 8331, 6: 8444, 7: 8330, 8: 8331, 9: 8330, 10: 8331, 11: 8330, 12: 8330}
1:-74.7(-79.7~+44.4) | 2:+1.6(+0.5~+10.2) | 3:+9.1(-0.0~+23.5) | 4:-23.7(-35.4~+36.3) | 5:-5.1(-9.0~+29.5) | 6:+6.3(-0.0~+13.9) | 7:+150.8(+38.3~+150.8) | 8:+7.0(+6.9~+18.0) | 9:+0.3(-1.1~+14.5) | 10:+58.3(+9.3~+58.3) | 11:+46.7(+19.2~+48.5) | 12:+5.5(+5.4~+8.9)  miss={1: 8331, 2: 8331, 3: 8331, 4: 8330, 5: 8331, 6: 8444, 7: 8330, 8: 8331, 9: 8330, 10: 8331, 11: 8330, 12: 8330}
1:-74.6(-79.7~+44.4) | 2:+1.6(+0.5~+10.2) | 3:+9.1(-0.0~+23.5) | 4:-23.7(-35.4~+36.3) | 5:-5.1(-9.0~+29.5) | 6:+6.3(-0.0~+13.9) | 7:+150.8(+38.3~+150.8) | 8:+6.9(+6.9~+18.0) | 9:+0.3(-1.1~+14.5) | 10:+58.3(+9.3~+58.3) | 11:+46.7(+19.2~+48.5) | 12:+5.5(+5.4~+8.9)  miss={1: 8331, 2: 8331, 3: 8331, 4: 8330, 5: 8331, 6: 8444, 7: 8330, 8: 8331, 9: 8330, 10: 8331, 11: 8330, 12: 8330}
1:-74.6(-79.7~+44.4) | 2:+1.6(+0.5~+10.2) | 3:+9.1(-0.0~+23.5) | 4:-23.7(-35.4~+36.3) | 5:-5.1(-9.0~+29.5) | 6:+6.3(-0.0~+13.9) | 7:+150.8(+38.3~+150.8) | 8:+6.9(+6.9~+18.0) | 9:+0.3(-1.1~+14.5) | 10:+58.3(+9.3~+58.3) | 11:+46.7(+19.2~+48.5) | 12:+5.5(+5.4~+8.9)  miss={1: 8331, 2: 8331, 3: 8331, 4: 8330, 5: 8331, 6: 8444, 7: 8330, 8: 8331, 9: 8330, 10: 8331, 11: 8330, 12: 8330}
1:-74.7(-79.7~+44.4) | 2:+1.6(+0.5~+10.2) | 3:+9.1(-0.0~+23.5) | 4:-23.7(-35.4~+36.3) | 5:-5.1(-9.0~+29.5) | 6:+6.3(-0.0~+13.9) | 7:+150.8(+38.3~+150.8) | 8:+6.9(+6.9~+18.0) | 9:+0.3(-1.1~+14.5) | 10:+58.3(+9.3~+58.3) | 11:+46.7(+19.2~+48.5) | 12:+5.5(+5.4~+8.9)  miss={1: 8331, 2: 8331, 3: 8331, 4: 8330, 5: 8331, 6: 8444, 7: 8330, 8: 8331, 9: 8330, 10: 8331, 11: 8330, 12: 8330}
1:-74.6(-79.7~+44.4) | 2:+1.6(+0.5~+10.2) | 3:+9.1(-0.0~+23.5) | 4:-23.7(-35.4~+36.3) | 5:-5.1(-9.0~+29.5) | 6:+6.3(-0.0~+13.9) | 7:+150.8(+38.3~+150.8) | 8:+6.9(+6.9~+18.0) | 9:+0.3(-1.1~+14.5) | 10:+58.3(+9.3~+58.3) | 11:+46.7(+19.2~+48.5) | 12:+5.5(+5.4~+8.9)  miss={1: 8331, 2: 8331, 3: 8331, 4: 8330, 5: 8331, 6: 8444, 7: 8330, 8: 8331, 9: 8330, 10: 8331, 11: 8330, 12: 8330}
1:-74.6(-79.7~+44.4) | 2:+1.6(+0.5~+10.2) | 3:+9.1(-0.0~+23.5) | 4:-23.7(-35.4~+36.3) | 5:-5.1(-9.0~+29.5) | 6:+6.3(-0.0~+13.9) | 7:+150.8(+38.3~+150.8) | 8:+6.9(+6.9~+18.0) | 9:+0.3(-1.1~+14.5) | 10:+58.3(+9.3~+58.3) | 11:+46.7(+19.2~+48.5) | 12:+5.5(+5.4~+8.9)  miss={1: 8331, 2: 8331, 3: 8331, 4: 8330, 5: 8331, 6: 8444, 7: 8330, 8: 8331, 9: 8330, 10: 8331, 11: 8330, 12: 8330}
1:-74.6(-79.7~+44.4) | 2:+1.6(+0.5~+10.2) | 3:+9.1(-0.0~+23.5) | 4:-23.7(-35.4~+36.3) | 5:-5.1(-9.0~+29.5) | 6:+6.3(-0.0~+13.9) | 7:+150.8(+38.3~+150.8) | 8:+6.9(+6.9~+18.0) | 9:+0.3(-1.1~+14.5) | 10:+58.3(+9.3~+58.3) | 11:+46.7(+19.2~+48.5) | 12:+5.5(+5.4~+8.9)  miss={1: 8331, 2: 8331, 3: 8331, 4: 8330, 5: 8331, 6: 8444, 7: 8330, 8: 8331, 9: 8330, 10: 8331, 11: 8330, 12: 8330}
1:-74.6(-79.7~+44.4) | 2:+1.6(+0.5~+10.2) | 3:+9.1(-0.0~+23.5) | 4:-23.7(-35.4~+36.3) | 5:-5.1(-9.0~+29.5) | 6:+6.3(-0.0~+13.9) | 7:+150.8(+38.3~+150.8) | 8:+6.9(+6.9~+18.0) | 9:+0.3(-1.1~+14.5) | 10:+58.3(+9.3~+58.3) | 11:+46.7(+19.2~+48.5) | 12:+5.5(+5.4~+8.9)  miss={1: 8331, 2: 8331, 3: 8331, 4: 8330, 5: 8331, 6: 8444, 7: 8330, 8: 8331, 9: 8330, 10: 8331, 11: 8330, 12: 8330}
1:-74.6(-79.7~+44.4) | 2:+1.6(+0.5~+10.2) | 3:+9.1(-0.0~+23.5) | 4:-23.7(-35.4~+36.3) | 5:-5.1(-9.0~+29.5) | 6:+6.3(-0.0~+13.9) | 7:+150.8(+38.3~+150.8) | 8:+6.9(+6.9~+18.0) | 9:+0.3(-1.1~+14.5) | 10:+58.3(+9.3~+58.3) | 11:+46.7(+19.2~+48.5) | 12:+5.5(+5.4~+8.9)  miss={1: 8331, 2: 8331, 3: 8331, 4: 8330, 5: 8331, 6: 8444, 7: 8330, 8: 8331, 9: 8330, 10: 8331, 11: 8330, 12: 8330}
1:-74.6(-79.7~+44.4) | 2:+1.6(+0.5~+10.2) | 3:+9.1(-0.0~+23.5) | 4:-23.7(-35.4~+36.3) | 5:-5.1(-9.0~+29.5) | 6:+6.3(-0.0~+13.9) | 7:+150.8(+38.3~+150.8) | 8:+6.9(+6.9~+18.0) | 9:+0.3(-1.1~+14.5) | 10:+58.3(+9.3~+58.3) | 11:+46.7(+19.2~+48.5) | 12:+5.5(+5.4~+8.9)  miss={1: 8331, 2: 8331, 3: 8331, 4: 8330, 5: 8331, 6: 8444, 7: 8330, 8: 8331, 9: 8330, 10: 8331, 11: 8330, 12: 8330}
1:-74.6(-79.7~+44.4) | 2:+1.6(+0.5~+10.2) | 3:+9.1(-0.0~+23.5) | 4:-23.7(-35.4~+36.3) | 5:-5.1(-9.0~+29.5) | 6:+6.3(-0.0~+13.9) | 7:+150.8(+38.3~+150.8) | 8:+6.9(+6.9~+18.0) | 9:+0.3(-1.1~+14.5) | 10:+58.3(+9.3~+58.3) | 11:+46.7(+19.2~+48.5) | 12:+5.5(+5.4~+8.9)  miss={1: 8331, 2: 8331, 3: 8331, 4: 8330, 5: 8331, 6: 8444, 7: 8330, 8: 8331, 9: 8330, 10: 8331, 11: 8330, 12: 8330}
1:-74.6(-79.7~+44.4) | 2:+1.6(+0.5~+10.2) | 3:+9.1(-0.0~+23.5) | 4:-23.7(-35.4~+36.3) | 5:-5.1(-9.0~+29.5) | 6:+6.3(-0.0~+13.9) | 7:+150.8(+38.3~+150.8) | 8:+6.9(+6.9~+18.0) | 9:+0.3(-1.1~+14.5) | 10:+58.3(+9.3~+58.3) | 11:+46.7(+19.2~+48.5) | 12:+5.5(+5.4~+8.9)  miss={1: 8331, 2: 8331, 3: 8331, 4: 8330, 5: 8331, 6: 8444, 7: 8330, 8: 8331, 9: 8330, 10: 8331, 11: 8330, 12: 8330}
1:-74.6(-79.7~+44.4) | 2:+1.6(+0.5~+10.2) | 3:+9.1(-0.0~+23.5) | 4:-23.7(-35.4~+36.3) | 5:-5.1(-9.0~+29.5) | 6:+6.3(-0.0~+13.9) | 7:+150.8(+38.3~+150.8) | 8:+6.9(+6.9~+18.0) | 9:+0.3(-1.1~+14.5) | 10:+58.3(+9.3~+58.3) | 11:+46.7(+19.2~+48.5) | 12:+5.5(+5.4~+8.9)  miss={1: 8331, 2: 8331, 3: 8331, 4: 8330, 5: 8331, 6: 8444, 7: 8330, 8: 8331, 9: 8330, 10: 8331, 11: 8330, 12: 8330}
1:-74.7(-79.7~+44.4) | 2:+1.6(+0.5~+10.2) | 3:+9.1(-0.0~+23.5) | 4:-23.7(-35.4~+36.3) | 5:-5.1(-9.0~+29.5) | 6:+6.3(-0.0~+13.9) | 7:+150.8(+38.3~+150.8) | 8:+6.9(+6.9~+18.0) | 9:+0.3(-1.1~+14.5) | 10:+58.3(+9.3~+58.3) | 11:+46.7(+19.2~+48.5) | 12:+5.4(+5.4~+8.9)  miss={1: 8331, 2: 8331, 3: 8331, 4: 8330, 5: 8331, 6: 8444, 7: 8330, 8: 8331, 9: 8330, 10: 8331, 11: 8330, 12: 8330}
1:-74.7(-79.7~+44.4) | 2:+1.6(+0.5~+10.2) | 3:+9.1(-0.0~+23.5) | 4:-23.7(-35.4~+36.3) | 5:-5.1(-9.0~+29.5) | 6:+6.3(-0.0~+13.9) | 7:+150.7(+38.3~+150.8) | 8:+6.9(+6.9~+18.0) | 9:+0.3(-1.1~+14.5) | 10:+58.3(+9.3~+58.3) | 11:+46.7(+19.2~+48.5) | 12:+5.5(+5.4~+8.9)  miss={1: 8331, 2: 8331, 3: 8331, 4: 8330, 5: 8331, 6: 8444, 7: 8330, 8: 8331, 9: 8330, 10: 8331, 11: 8330, 12: 8330}
1:-74.7(-79.7~+44.4) | 2:+1.6(+0.5~+10.2) | 3:+9.1(-0.0~+23.5) | 4:-23.7(-35.4~+36.3) | 5:-5.1(-9.0~+29.5) | 6:+6.3(-0.0~+13.9) | 7:+150.7(+38.3~+150.8) | 8:+6.9(+6.9~+18.0) | 9:+0.3(-1.1~+14.5) | 10:+58.3(+9.3~+58.3) | 11:+46.7(+19.2~+48.5) | 12:+5.5(+5.4~+8.9)  miss={1: 8331, 2: 8331, 3: 8331, 4: 8330, 5: 8331, 6: 8444, 7: 8330, 8: 8331, 9: 8330, 10: 8331, 11: 8330, 12: 8330}
1:-75.4(-79.7~+44.4) | 2:+1.6(+0.5~+10.2) | 3:+9.1(-0.0~+23.5) | 4:-23.7(-35.4~+36.3) | 5:-5.1(-9.0~+29.5) | 6:+6.3(-0.0~+13.9) | 7:+150.9(+38.3~+150.9) | 8:+6.9(+6.9~+18.0) | 9:+0.3(-1.1~+14.5) | 10:+58.3(+9.3~+58.3) | 11:+46.7(+19.2~+48.5) | 12:+5.5(+5.4~+8.9)  miss={1: 8331, 2: 8331, 3: 8331, 4: 8330, 5: 8331, 6: 8444, 7: 8330, 8: 8331, 9: 8330, 10: 8331, 11: 8330, 12: 8330}
1:-76.5(-79.7~+44.4) | 2:+0.1(+0.1~+10.2) | 3:+9.1(-0.0~+23.5) | 4:-23.7(-35.4~+36.3) | 5:-5.1(-9.0~+29.5) | 6:+4.3(-0.0~+13.9) | 7:+151.2(+38.3~+151.2) | 8:+6.5(+6.5~+18.0) | 9:+0.3(-1.1~+14.5) | 10:+58.3(+9.3~+58.3) | 11:+46.4(+19.2~+48.5) | 12:+3.4(+3.4~+8.9)  miss={1: 8331, 2: 8331, 3: 8331, 4: 8330, 5: 8331, 6: 8444, 7: 8330, 8: 8331, 9: 8330, 10: 8331, 11: 8330, 12: 8330}
1:-76.9(-79.7~+44.4) | 2:-0.2(-0.3~+10.2) | 3:+9.1(-0.0~+23.5) | 4:-23.7(-35.4~+36.3) | 5:-4.4(-9.0~+29.5) | 6:+3.9(-0.0~+13.9) | 7:+151.2(+38.3~+151.2) | 8:+6.2(+6.2~+18.0) | 9:+0.7(-1.1~+14.5) | 10:+58.3(+9.3~+58.3) | 11:+45.5(+19.2~+48.5) | 12:+2.8(+2.8~+8.9)  miss={1: 8331, 2: 8331, 3: 8331, 4: 8330, 5: 8331, 6: 8444, 7: 8330, 8: 8331, 9: 8330, 10: 8331, 11: 8330, 12: 8330}
1:-78.5(-79.7~+44.4) | 2:-0.2(-0.3~+10.2) | 3:+9.1(-0.0~+23.5) | 4:-23.7(-35.4~+36.3) | 5:-0.5(-9.0~+29.5) | 6:+3.9(-0.0~+13.9) | 7:+152.6(+38.3~+152.6) | 8:+6.2(+6.2~+18.0) | 9:+0.7(-1.1~+14.5) | 10:+58.3(+9.3~+58.3) | 11:+41.6(+19.2~+48.5) | 12:+2.8(+2.8~+8.9)  miss={1: 8331, 2: 8331, 3: 8331, 4: 8330, 5: 8331, 6: 8444, 7: 8330, 8: 8331, 9: 8330, 10: 8331, 11: 8330, 12: 8330}
1:-69.3(-79.7~+44.4) | 2:+1.1(-0.3~+10.2) | 3:+9.1(-0.0~+23.5) | 4:-1.4(-35.4~+36.3) | 5:+14.7(-9.0~+29.5) | 6:+3.9(-0.0~+13.9) | 7:+153.7(+38.3~+154.9) | 8:+6.7(+6.2~+18.0) | 9:-0.3(-1.1~+14.5) | 10:+57.4(+9.3~+58.3) | 11:+37.5(+19.2~+48.5) | 12:+2.8(+2.8~+8.9)  miss={1: 8331, 2: 8331, 3: 8331, 4: 8330, 5: 8331, 6: 8444, 7: 8330, 8: 8331, 9: 8330, 10: 8331, 11: 8330, 12: 8330}
1:-69.5(-79.7~+44.4) | 2:+1.5(-0.3~+10.2) | 3:+9.1(-0.0~+23.5) | 4:-1.1(-35.4~+36.3) | 5:+14.7(-9.0~+29.5) | 6:+3.9(-0.0~+13.9) | 7:+153.5(+38.3~+154.9) | 8:+7.1(+6.2~+18.0) | 9:-0.3(-1.1~+14.5) | 10:+55.4(+9.3~+58.3) | 11:+35.3(+19.2~+48.5) | 12:+2.8(+2.8~+8.9)  miss={1: 8331, 2: 8331, 3: 8331, 4: 8330, 5: 8331, 6: 8444, 7: 8330, 8: 8331, 9: 8330, 10: 8331, 11: 8330, 12: 8330}
1:-69.5(-79.7~+44.4) | 2:+1.5(-0.3~+10.2) | 3:+9.1(-0.0~+23.5) | 4:-1.1(-35.4~+36.3) | 5:+15.6(-9.0~+29.5) | 6:+3.9(-0.0~+13.9) | 7:+153.2(+38.3~+154.9) | 8:+7.1(+6.2~+18.0) | 9:-0.3(-1.1~+14.5) | 10:+54.4(+9.3~+58.3) | 11:+34.0(+19.2~+48.5) | 12:+2.8(+2.8~+8.9)  miss={1: 8331, 2: 8331, 3: 8331, 4: 8330, 5: 8331, 6: 8444, 7: 8330, 8: 8331, 9: 8330, 10: 8331, 11: 8330, 12: 8330}
1:-69.0(-79.7~+44.4) | 2:+1.5(-0.3~+10.2) | 3:+9.1(-0.0~+23.5) | 4:-1.1(-35.4~+36.3) | 5:+16.5(-9.0~+29.5) | 6:+3.9(-0.0~+13.9) | 7:+153.2(+38.3~+154.9) | 8:+7.1(+6.2~+18.0) | 9:-0.3(-1.1~+14.5) | 10:+54.4(+9.3~+58.3) | 11:+32.7(+19.2~+48.5) | 12:+2.8(+2.8~+8.9)  miss={1: 8331, 2: 8331, 3: 8331, 4: 8330, 5: 8331, 6: 8444, 7: 8330, 8: 8331, 9: 8330, 10: 8331, 11: 8330, 12: 8330}
1:-67.9(-79.7~+44.4) | 2:+1.5(-0.3~+10.2) | 3:+9.1(-0.0~+23.5) | 4:-1.1(-35.4~+36.3) | 5:+17.4(-9.0~+29.5) | 6:+3.9(-0.0~+13.9) | 7:+145.1(+38.3~+154.9) | 8:+7.1(+6.2~+18.0) | 9:-0.3(-1.1~+14.5) | 10:+38.8(+9.3~+58.3) | 11:+24.6(+19.2~+48.5) | 12:+2.8(+2.8~+8.9)  miss={1: 8331, 2: 8331, 3: 8331, 4: 8330, 5: 8331, 6: 8444, 7: 8330, 8: 8331, 9: 8330, 10: 8331, 11: 8330, 12: 8330}
1:-67.4(-79.7~+44.4) | 2:+1.7(-0.3~+10.2) | 3:+9.1(-0.0~+23.5) | 4:-1.2(-35.4~+36.3) | 5:+19.4(-9.0~+29.5) | 6:+3.9(-0.0~+13.9) | 7:+142.8(+38.3~+154.9) | 8:+7.1(+6.2~+18.0) | 9:-0.3(-1.1~+14.5) | 10:+37.7(+9.3~+58.3) | 11:+22.2(+19.2~+48.5) | 12:+2.9(+2.8~+8.9)  miss={1: 8331, 2: 8331, 3: 8331, 4: 8330, 5: 8331, 6: 8444, 7: 8330, 8: 8331, 9: 8330, 10: 8331, 11: 8330, 12: 8330}
1:-63.3(-79.7~+44.4) | 2:+1.8(-0.3~+10.2) | 3:+9.1(-0.0~+23.5) | 4:-0.5(-35.4~+36.3) | 5:+21.3(-9.0~+29.5) | 6:+3.9(-0.0~+13.9) | 7:+140.0(+38.3~+154.9) | 8:+7.4(+6.2~+18.0) | 9:-0.3(-1.1~+14.5) | 10:+38.2(+9.3~+58.3) | 11:+22.2(+19.2~+48.5) | 12:+2.9(+2.8~+8.9)  miss={1: 8331, 2: 8331, 3: 8331, 4: 8330, 5: 8331, 6: 8444, 7: 8330, 8: 8331, 9: 8330, 10: 8331, 11: 8330, 12: 8330}
1:-54.4(-79.7~+44.4) | 2:+1.8(-0.3~+10.2) | 3:+9.1(-0.0~+23.5) | 4:+9.0(-35.4~+36.3) | 5:+25.8(-9.0~+29.5) | 6:+3.9(-0.0~+13.9) | 7:+134.0(+38.3~+154.9) | 8:+7.9(+6.2~+18.0) | 9:-0.3(-1.1~+14.5) | 10:+36.5(+9.3~+58.3) | 11:+21.4(+19.2~+48.5) | 12:+2.9(+2.8~+8.9)  miss={1: 8331, 2: 8331, 3: 8331, 4: 8330, 5: 8331, 6: 8444, 7: 8330, 8: 8331, 9: 8330, 10: 8331, 11: 8330, 12: 8330}
1:-44.1(-79.7~+44.4) | 2:+3.6(-0.3~+10.2) | 3:+9.1(-0.0~+23.5) | 4:+16.8(-35.4~+36.3) | 5:+29.3(-9.0~+29.5) | 6:+3.9(-0.0~+13.9) | 7:+125.7(+38.3~+154.9) | 8:+9.7(+6.2~+18.0) | 9:-0.3(-1.1~+14.5) | 10:+33.2(+9.3~+58.3) | 11:+20.5(+19.2~+48.5) | 12:+2.9(+2.8~+8.9)  miss={1: 8331, 2: 8331, 3: 8331, 4: 8330, 5: 8331, 6: 8444, 7: 8330, 8: 8331, 9: 8330, 10: 8331, 11: 8330, 12: 8330}
1:-32.7(-79.7~+44.4) | 2:+4.6(-0.3~+10.2) | 3:+8.7(-0.0~+23.5) | 4:+22.1(-35.4~+36.3) | 5:+32.4(-9.0~+32.4) | 6:+3.9(-0.0~+13.9) | 7:+114.6(+38.3~+154.9) | 8:+10.5(+6.2~+18.0) | 9:-1.0(-1.1~+14.5) | 10:+28.6(+9.3~+58.3) | 11:+18.3(+18.3~+48.5) | 12:+2.9(+2.8~+8.9)  miss={1: 8331, 2: 8331, 3: 8331, 4: 8330, 5: 8331, 6: 8444, 7: 8330, 8: 8331, 9: 8330, 10: 8331, 11: 8330, 12: 8330}
1:-22.0(-79.7~+44.4) | 2:+4.9(-0.3~+10.2) | 3:+8.7(-0.0~+23.5) | 4:+26.6(-35.4~+36.3) | 5:+34.9(-9.0~+34.9) | 6:+3.9(-0.0~+13.9) | 7:+102.5(+38.3~+154.9) | 8:+10.7(+6.2~+18.0) | 9:-1.0(-1.1~+14.5) | 10:+21.8(+9.3~+58.3) | 11:+14.4(+14.4~+48.5) | 12:+2.9(+2.8~+8.9)  miss={1: 8331, 2: 8331, 3: 8331, 4: 8330, 5: 8331, 6: 8444, 7: 8330, 8: 8331, 9: 8330, 10: 8331, 11: 8330, 12: 8330}
1:-17.6(-79.7~+44.4) | 2:+4.9(-0.3~+10.2) | 3:+8.7(-0.0~+23.5) | 4:+27.3(-35.4~+36.3) | 5:+35.4(-9.0~+35.5) | 6:+3.9(-0.0~+13.9) | 7:+97.0(+38.3~+154.9) | 8:+10.7(+6.2~+18.0) | 9:-0.4(-1.1~+14.5) | 10:+19.7(+9.3~+58.3) | 11:+12.8(+12.8~+48.5) | 12:+2.8(+2.8~+8.9)  miss={1: 8331, 2: 8331, 3: 8331, 4: 8330, 5: 8331, 6: 8444, 7: 8330, 8: 8331, 9: 8330, 10: 8331, 11: 8330, 12: 8330}
1:-11.8(-79.7~+44.4) | 2:+4.9(-0.3~+10.2) | 3:+8.7(-0.0~+23.5) | 4:+29.7(-35.4~+36.3) | 5:+35.9(-9.0~+35.9) | 6:+3.9(-0.0~+13.9) | 7:+91.5(+38.3~+154.9) | 8:+10.7(+6.2~+18.0) | 9:-0.4(-1.1~+14.5) | 10:+18.6(+9.3~+58.3) | 11:+12.9(+12.8~+48.5) | 12:+2.9(+2.8~+8.9)  miss={1: 8331, 2: 8331, 3: 8331, 4: 8330, 5: 8331, 6: 8444, 7: 8330, 8: 8331, 9: 8330, 10: 8331, 11: 8330, 12: 8330}
1:-5.4(-79.7~+44.4) | 2:+4.9(-0.3~+10.2) | 3:+8.7(-0.0~+23.5) | 4:+30.6(-35.4~+36.3) | 5:+35.9(-9.0~+35.9) | 6:+3.9(-0.0~+13.9) | 7:+85.3(+38.3~+154.9) | 8:+10.7(+6.2~+18.0) | 9:-0.4(-1.1~+14.5) | 10:+18.3(+9.3~+58.3) | 11:+12.9(+12.8~+48.5) | 12:+2.9(+2.8~+8.9)  miss={1: 8331, 2: 8331, 3: 8331, 4: 8330, 5: 8331, 6: 8444, 7: 8330, 8: 8331, 9: 8330, 10: 8331, 11: 8330, 12: 8330}
1:+1.3(-79.7~+44.4) | 2:+4.9(-0.3~+10.2) | 3:+8.7(-0.0~+23.5) | 4:+32.4(-35.4~+36.3) | 5:+35.9(-9.0~+35.9) | 6:+3.9(-0.0~+13.9) | 7:+78.8(+38.3~+154.9) | 8:+10.7(+6.2~+18.0) | 9:-0.4(-1.1~+14.5) | 10:+16.4(+9.3~+58.3) | 11:+12.9(+12.8~+48.5) | 12:+2.9(+2.8~+8.9)  miss={1: 8331, 2: 8331, 3: 8331, 4: 8330, 5: 8331, 6: 8444, 7: 8330, 8: 8331, 9: 8330, 10: 8331, 11: 8330, 12: 8330}
1:+4.4(-79.7~+44.4) | 2:+5.5(-0.3~+10.2) | 3:+8.7(-0.0~+23.5) | 4:+33.8(-35.4~+36.3) | 5:+37.0(-9.0~+37.0) | 6:+3.9(-0.0~+13.9) | 7:+76.4(+38.3~+154.9) | 8:+10.8(+6.2~+18.0) | 9:-0.4(-1.1~+14.5) | 10:+16.8(+9.3~+58.3) | 11:+12.9(+12.8~+48.5) | 12:+2.9(+2.8~+8.9)  miss={1: 8331, 2: 8331, 3: 8331, 4: 8330, 5: 8331, 6: 8444, 7: 8330, 8: 8331, 9: 8330, 10: 8331, 11: 8330, 12: 8330}
1:+4.4(-79.7~+44.4) | 2:+5.5(-0.3~+10.2) | 3:+8.7(-0.0~+23.5) | 4:+33.1(-35.4~+36.3) | 5:+37.0(-9.0~+37.0) | 6:+3.9(-0.0~+13.9) | 7:+76.4(+38.3~+154.9) | 8:+10.8(+6.2~+18.0) | 9:-0.4(-1.1~+14.5) | 10:+16.8(+9.3~+58.3) | 11:+12.9(+12.8~+48.5) | 12:+2.9(+2.8~+8.9)  miss={1: 8331, 2: 8331, 3: 8331, 4: 8330, 5: 8331, 6: 8444, 7: 8330, 8: 8331, 9: 8330, 10: 8331, 11: 8330, 12: 8330}
1:+4.1(-79.7~+44.4) | 2:+5.6(-0.3~+10.2) | 3:+8.7(-0.0~+23.5) | 4:+31.7(-35.4~+36.3) | 5:+37.0(-9.0~+37.0) | 6:+3.9(-0.0~+13.9) | 7:+75.8(+38.3~+154.9) | 8:+11.2(+6.2~+18.0) | 9:-0.4(-1.1~+14.5) | 10:+16.8(+9.3~+58.3) | 11:+12.8(+12.8~+48.5) | 12:+2.8(+2.8~+8.9)  miss={1: 8331, 2: 8331, 3: 8331, 4: 8330, 5: 8331, 6: 8444, 7: 8330, 8: 8331, 9: 8330, 10: 8331, 11: 8330, 12: 8330}
1:+4.1(-79.7~+44.4) | 2:+5.6(-0.3~+10.2) | 3:+8.7(-0.0~+23.5) | 4:+30.2(-35.4~+36.3) | 5:+36.9(-9.0~+37.0) | 6:+3.9(-0.0~+13.9) | 7:+74.7(+38.3~+154.9) | 8:+11.2(+6.2~+18.0) | 9:-0.1(-1.1~+14.5) | 10:+16.5(+9.3~+58.3) | 11:+12.8(+12.8~+48.5) | 12:+2.9(+2.8~+8.9)  miss={1: 8331, 2: 8331, 3: 8331, 4: 8330, 5: 8331, 6: 8444, 7: 8330, 8: 8331, 9: 8330, 10: 8331, 11: 8330, 12: 8330}
1:+0.7(-79.7~+44.4) | 2:+5.6(-0.3~+10.2) | 3:+9.3(-0.0~+23.5) | 4:+23.2(-35.4~+36.3) | 5:+34.5(-9.0~+37.0) | 6:+3.9(-0.0~+13.9) | 7:+75.3(+38.3~+154.9) | 8:+10.9(+6.2~+18.0) | 9:+1.0(-1.1~+14.5) | 10:+16.6(+9.3~+58.3) | 11:+12.6(+12.5~+48.5) | 12:+2.9(+2.8~+8.9)  miss={1: 8331, 2: 8331, 3: 8331, 4: 8330, 5: 8331, 6: 8444, 7: 8330, 8: 8331, 9: 8330, 10: 8331, 11: 8330, 12: 8330}
1:+0.4(-79.7~+44.4) | 2:+5.4(-0.3~+10.2) | 3:+9.5(-0.0~+23.5) | 4:+21.7(-35.4~+36.3) | 5:+33.8(-9.0~+37.0) | 6:+3.9(-0.0~+13.9) | 7:+75.6(+38.3~+154.9) | 8:+10.2(+6.2~+18.0) | 9:+1.0(-1.1~+14.5) | 10:+17.4(+9.3~+58.3) | 11:+12.6(+12.5~+48.5) | 12:+2.9(+2.8~+8.9)  miss={1: 8331, 2: 8331, 3: 8331, 4: 8330, 5: 8331, 6: 8444, 7: 8330, 8: 8331, 9: 8330, 10: 8331, 11: 8330, 12: 8330}
1:-2.0(-79.7~+44.4) | 2:+4.2(-0.3~+10.2) | 3:+10.0(-0.0~+23.5) | 4:+17.2(-35.4~+36.3) | 5:+31.2(-9.0~+37.0) | 6:+3.9(-0.0~+13.9) | 7:+77.1(+38.3~+154.9) | 8:+8.8(+6.2~+18.0) | 9:+1.0(-1.1~+14.5) | 10:+19.1(+9.3~+58.3) | 11:+12.6(+12.5~+48.5) | 12:+2.9(+2.8~+8.9)  miss={1: 8331, 2: 8331, 3: 8331, 4: 8330, 5: 8331, 6: 8444, 7: 8330, 8: 8331, 9: 8330, 10: 8331, 11: 8330, 12: 8330}
1:-2.9(-79.7~+44.4) | 2:+4.1(-0.3~+10.2) | 3:+10.0(-0.0~+23.5) | 4:+14.6(-35.4~+36.3) | 5:+31.1(-9.0~+37.0) | 6:+3.9(-0.0~+13.9) | 7:+77.3(+38.3~+154.9) | 8:+8.5(+6.2~+18.0) | 9:+1.0(-1.1~+14.5) | 10:+20.1(+9.3~+58.3) | 11:+12.6(+12.5~+48.5) | 12:+2.9(+2.8~+8.9)  miss={1: 8331, 2: 8331, 3: 8331, 4: 8330, 5: 8331, 6: 8444, 7: 8330, 8: 8331, 9: 8330, 10: 8331, 11: 8330, 12: 8330}
1:-3.1(-79.7~+44.4) | 2:+4.0(-0.3~+10.2) | 3:+10.0(-0.0~+23.5) | 4:+14.2(-35.4~+36.3) | 5:+31.1(-9.0~+37.0) | 6:+3.9(-0.0~+13.9) | 7:+77.6(+38.3~+154.9) | 8:+8.5(+6.2~+18.0) | 9:+1.0(-1.1~+14.5) | 10:+20.6(+9.3~+58.3) | 11:+12.6(+12.5~+48.5) | 12:+2.9(+2.8~+8.9)  miss={1: 8331, 2: 8331, 3: 8331, 4: 8330, 5: 8331, 6: 8444, 7: 8330, 8: 8331, 9: 8330, 10: 8331, 11: 8330, 12: 8330}
1:-3.7(-79.7~+44.4) | 2:+3.9(-0.3~+10.2) | 3:+10.0(-0.0~+23.5) | 4:+11.4(-35.4~+36.3) | 5:+29.1(-9.0~+37.0) | 6:+3.9(-0.0~+13.9) | 7:+77.7(+38.3~+154.9) | 8:+8.2(+6.2~+18.0) | 9:+1.0(-1.1~+14.5) | 10:+21.6(+9.3~+58.3) | 11:+12.6(+12.5~+48.5) | 12:+2.9(+2.8~+8.9)  miss={1: 8331, 2: 8331, 3: 8331, 4: 8330, 5: 8331, 6: 8444, 7: 8330, 8: 8331, 9: 8330, 10: 8331, 11: 8330, 12: 8330}
1:-4.0(-79.7~+44.4) | 2:+3.5(-0.3~+10.2) | 3:+10.0(-0.0~+23.5) | 4:+11.4(-35.4~+36.3) | 5:+29.1(-9.0~+37.0) | 6:+3.9(-0.0~+13.9) | 7:+77.8(+38.3~+154.9) | 8:+7.6(+6.2~+18.0) | 9:+1.0(-1.1~+14.5) | 10:+21.6(+9.3~+58.3) | 11:+12.6(+12.5~+48.5) | 12:+2.8(+2.8~+8.9)  miss={1: 8331, 2: 8331, 3: 8331, 4: 8330, 5: 8331, 6: 8444, 7: 8330, 8: 8331, 9: 8330, 10: 8331, 11: 8330, 12: 8330}
1:-3.8(-79.7~+44.4) | 2:+3.3(-0.3~+10.2) | 3:+10.0(-0.0~+23.5) | 4:+11.4(-35.4~+36.3) | 5:+29.1(-9.0~+37.0) | 6:+3.9(-0.0~+13.9) | 7:+77.8(+38.3~+154.9) | 8:+7.5(+6.2~+18.0) | 9:+1.0(-1.1~+14.5) | 10:+21.6(+9.3~+58.3) | 11:+12.6(+12.5~+48.5) | 12:+2.9(+2.8~+8.9)  miss={1: 8331, 2: 8331, 3: 8331, 4: 8330, 5: 8331, 6: 8444, 7: 8330, 8: 8331, 9: 8330, 10: 8331, 11: 8330, 12: 8330}
SocketcanBus was not properly shut down
모터  1 left_hip_f_joint         min -79.67947059393518 max 44.38051434398176 (n=11933, miss=8331)
모터  2 left_hip_a_joint         min -0.25135479682629297 max 10.19626197560571 (n=11933, miss=8331)
모터  3 left_hip_r_joint         min -0.01092846942723013 max 23.52899467682657 (n=11933, miss=8331)
모터  4 left_knee_joint          min -35.41916941365295 max 36.2715900289769 (n=11934, miss=8330)
모터  5 left_ankle_f_joint       min -8.994130338610397 max 36.992869011174086 (n=11933, miss=8331)
모터  6 left_ankle_r_joint       min -0.01092846942723013 max 13.890084642009494 (n=11820, miss=8444)
모터  7 right_hip_f_joint        min 38.28242840358724 max 154.93291106984205 (n=11934, miss=8330)
모터  8 right_hip_a_joint        min 6.196442165239483 max 17.977332207793662 (n=11933, miss=8331)
모터  9 right_hip_r_joint        min -1.1474892898591635 max 14.458365052225561 (n=11934, miss=8330)
모터 10 right_knee_joint         min 9.3219844214273 max 58.30338439427294 (n=11933, miss=8331)
모터 11 right_ankle_f_joint      min 12.513097494178497 max 48.48961884862028 (n=11934, miss=8330)
모터 12 right_ankle_r_joint      min 2.8304735816526034 max 8.884845644338094 (n=11934, miss=8330)
